MPLINK 4.44, Linker
Linker Map File - Created Tue Dec 30 14:21:41 2014

                                 Section Info
                  Section       Type    Address   Location Size(Bytes)
                ---------  ---------  ---------  ---------  ---------
               _entry_scn       code   0x000000    program   0x000006
           .code___init.o       code   0x000006    program   0x000002
              high_vector       code   0x000008    program   0x000006
          .idata_main.o_i    romdata   0x00000e    program   0x000007
               low_vector       code   0x000018    program   0x000006
                   .cinit    romdata   0x00001e    program   0x00001a
       .code_usb_device.o       code   0x000038    program   0x000c88
   .code_eeprom24LC1025.o       code   0x000cc0    program   0x0001fa
 .code_usb_function_hid.o       code   0x000eba    program   0x0000c2
         .code_pw1setoc.o       code   0x000f7c    program   0x000072
         .code_i2c_idle.o       code   0x000fee    program   0x00000e
         .code_pw1close.o       code   0x000ffc    program   0x000004
        serial_no_section    romdata   0x001000    program   0x000002
             .code_main.o       code   0x001002    program   0x001cec
         .code_RF125KHz.o       code   0x002cee    program   0x00060a
             .code_rtcc.o       code   0x0032f8    program   0x000360
                     PROG       code   0x003658    program   0x0001cc
.romdata_usb_descriptors.o    romdata   0x003824    program   0x0000b3
.romdata_eeprom24LC1025.o    romdata   0x0038d7    program   0x000000
    .romdata_usb_device.o    romdata   0x0038d7    program   0x000000
      .idata_i2c_read.o_i    romdata   0x0038d7    program   0x000000
      .romdata_RF125KHz.o    romdata   0x0038d7    program   0x000000
    .idata_usb_device.o_i    romdata   0x0038d7    program   0x000000
          .idata_rtcc.o_i    romdata   0x0038d7    program   0x000000
          .romdata_rtcc.o    romdata   0x0038d7    program   0x000000
        .romdata_t2open.o    romdata   0x0038d7    program   0x000000
      .idata_pw1close.o_i    romdata   0x0038d7    program   0x000000
      .romdata_pw1close.o    romdata   0x0038d7    program   0x000000
        .idata_t2open.o_i    romdata   0x0038d7    program   0x000000
       .romdata_pw1open.o    romdata   0x0038d7    program   0x000000
       .idata_pw1open.o_i    romdata   0x0038d7    program   0x000000
      .romdata_i2c_idle.o    romdata   0x0038d7    program   0x000000
      .idata_i2c_idle.o_i    romdata   0x0038d7    program   0x000000
       .idata_c018i_e.o_i    romdata   0x0038d7    program   0x000000
          .romdata_main.o    romdata   0x0038d7    program   0x000000
.idata_usb_descriptors.o_i    romdata   0x0038d7    program   0x000000
.romdata_usb_function_hid.o    romdata   0x0038d7    program   0x000000
.idata_usb_function_hid.o_i    romdata   0x0038d7    program   0x000000
       .romdata_c018i_e.o    romdata   0x0038d7    program   0x000000
        .romdata___init.o    romdata   0x0038d7    program   0x000000
        .idata___init.o_i    romdata   0x0038d7    program   0x000000
      .romdata_i2c_writ.o    romdata   0x0038d7    program   0x000000
      .idata_i2c_writ.o_i    romdata   0x0038d7    program   0x000000
      .romdata_pw1setoc.o    romdata   0x0038d7    program   0x000000
      .idata_pw1setoc.o_i    romdata   0x0038d7    program   0x000000
      .romdata_pw1setdc.o    romdata   0x0038d7    program   0x000000
      .idata_pw1setdc.o_i    romdata   0x0038d7    program   0x000000
      .romdata_i2c_read.o    romdata   0x0038d7    program   0x000000
.idata_eeprom24LC1025.o_i    romdata   0x0038d7    program   0x000000
          .code_c018i_e.o       code   0x0038d8    program   0x000000
  .code_usb_descriptors.o       code   0x0038d8    program   0x000000
               _cinit_scn       code   0x0038d8    program   0x00009e
         .code_i2c_writ.o       code   0x003976    program   0x000072
         .code_pw1setdc.o       code   0x0039e8    program   0x00004c
          .code_pw1open.o       code   0x003a34    program   0x000048
             D10KTCYXCODE       code   0x003a7c    program   0x000036
                   STRING       code   0x003ab2    program   0x000034
           .code_t2open.o       code   0x003ae6    program   0x000034
              D1KTCYXCODE       code   0x003b1a    program   0x000020
             D100TCYXCODE       code   0x003b3a    program   0x000020
                    .code       code   0x003b5a    program   0x000020
             _startup_scn       code   0x003b7a    program   0x00001a
         .code_i2c_read.o       code   0x003b94    program   0x00001a
              D10TCYXCODE       code   0x003bae    program   0x000016
      .idata_RF125KHz.o_i    romdata   0x003bc4    program   0x000006
    .config_300000_main.o    romdata   0x300000    program   0x000001
    .config_300001_main.o    romdata   0x300001    program   0x000001
    .config_300002_main.o    romdata   0x300002    program   0x000001
    .config_300003_main.o    romdata   0x300003    program   0x000001
    .config_300005_main.o    romdata   0x300005    program   0x000001
    .config_300006_main.o    romdata   0x300006    program   0x000001
    .config_300008_main.o    romdata   0x300008    program   0x000001
    .config_300009_main.o    romdata   0x300009    program   0x000001
    .config_30000a_main.o    romdata   0x30000a    program   0x000001
    .config_30000b_main.o    romdata   0x30000b    program   0x000001
    .config_30000c_main.o    romdata   0x30000c    program   0x000001
    .config_30000d_main.o    romdata   0x30000d    program   0x000001
            .udata_main.o      udata   0x000060       data   0x000070
      .udata_usb_device.o      udata   0x0000d0       data   0x00002e
.udata_usb_function_hid.o      udata   0x0000fe       data   0x000002
                   .stack      udata   0x000100       data   0x000100
                  USB_BDT      udata   0x000200       data   0x000030
         .udata_c018i_e.o      udata   0x000230       data   0x00000a
                 .tmpdata      udata   0x00023a       data   0x00000a
        .idata_RF125KHz.o      idata   0x000244       data   0x000006
             high_isr_tmp      udata   0x00024a       data   0x000004
                MATH_DATA      udata   0x00024e       data   0x000004
                DELAYDAT1      udata   0x000252       data   0x000001
        .idata_i2c_idle.o      idata   0x000253       data   0x000000
         .udata_pw1open.o      udata   0x000253       data   0x000000
         .idata_pw1open.o      idata   0x000253       data   0x000000
          .udata_t2open.o      udata   0x000253       data   0x000000
          .idata_t2open.o      idata   0x000253       data   0x000000
        .udata_i2c_read.o      udata   0x000253       data   0x000000
        .idata_i2c_read.o      idata   0x000253       data   0x000000
        .udata_pw1setdc.o      udata   0x000253       data   0x000000
        .idata_pw1setdc.o      idata   0x000253       data   0x000000
        .udata_pw1setoc.o      udata   0x000253       data   0x000000
        .idata_pw1setoc.o      idata   0x000253       data   0x000000
        .udata_i2c_writ.o      udata   0x000253       data   0x000000
        .idata_i2c_writ.o      idata   0x000253       data   0x000000
          .udata___init.o      udata   0x000253       data   0x000000
          .idata___init.o      idata   0x000253       data   0x000000
      .idata_usb_device.o      idata   0x000253       data   0x000000
.idata_usb_function_hid.o      idata   0x000253       data   0x000000
 .udata_usb_descriptors.o      udata   0x000253       data   0x000000
 .idata_usb_descriptors.o      idata   0x000253       data   0x000000
         .idata_c018i_e.o      idata   0x000253       data   0x000000
  .udata_eeprom24LC1025.o      udata   0x000253       data   0x000000
  .idata_eeprom24LC1025.o      idata   0x000253       data   0x000000
            .udata_rtcc.o      udata   0x000253       data   0x000000
            .idata_rtcc.o      idata   0x000253       data   0x000000
        .udata_pw1close.o      udata   0x000253       data   0x000000
        .idata_pw1close.o      idata   0x000253       data   0x000000
        .udata_i2c_idle.o      udata   0x000253       data   0x000000
            USB_VARIABLES      udata   0x000260       data   0x000082
        .udata_RF125KHz.o      udata   0x0002e2       data   0x000016
            .idata_main.o      idata   0x0002f8       data   0x000007
                DELAYDAT2      udata   0x0002ff       data   0x000001
              SFR_BANKED0      udata   0x000f53       data   0x00000d
            SFR_UNBANKED0      udata   0x000f60       data   0x0000a0



                              Program Memory Usage 
                               Start         End      
                           ---------   ---------      
                            0x000000    0x000014      
                            0x000018    0x0038d6      
                            0x0038d8    0x003bc9      
                            0x300000    0x300003      
                            0x300005    0x300006      
                            0x300008    0x30000d      
            15314 out of 16664 program addresses used, program memory utilization is 91%



                              Symbols - Sorted by Name
                     Name    Address   Location    Storage File                     
                ---------  ---------  ---------  --------- ---------                
                ClosePWM1   0x000ffc    program     extern E:\3.431\pic18-lt\cxx-framework\src\pmc_common\PWM\pw1close.c
                   D0808S   0x0036e6    program     static E:\3.431\pic18-lt\cxx-framework\src\extended\math\div08s.asm
                D0808SNEG   0x0036f4    program     static E:\3.431\pic18-lt\cxx-framework\src\extended\math\div08s.asm
                 D0808SOK   0x0036f0    program     static E:\3.431\pic18-lt\cxx-framework\src\extended\math\div08s.asm
                  D0808SX   0x003712    program     static E:\3.431\pic18-lt\cxx-framework\src\extended\math\div08s.asm
                   D100_1   0x003b4c    program     static E:\3.431\pic18-lt\cxx-framework\src\extended\delays\d100tcyx.asm
                    D100x   0x003b4a    program     static E:\3.431\pic18-lt\cxx-framework\src\extended\delays\d100tcyx.asm
                   D10K_1   0x003a8c    program     static E:\3.431\pic18-lt\cxx-framework\src\extended\delays\d10ktcyx.asm
                    D10Kl   0x003a9a    program     static E:\3.431\pic18-lt\cxx-framework\src\extended\delays\d10ktcyx.asm
                    D10Kx   0x003a88    program     static E:\3.431\pic18-lt\cxx-framework\src\extended\delays\d10ktcyx.asm
                    D10_1   0x003bbe    program     static E:\3.431\pic18-lt\cxx-framework\src\extended\delays\d10tcyx.asm
                     D10x   0x003bb6    program     static E:\3.431\pic18-lt\cxx-framework\src\extended\delays\d10tcyx.asm
                    D1K_1   0x003b28    program     static E:\3.431\pic18-lt\cxx-framework\src\extended\delays\d1ktcyx.asm
                     D1Kx   0x003b26    program     static E:\3.431\pic18-lt\cxx-framework\src\extended\delays\d1ktcyx.asm
                  DA0808S   0x0036de    program     static E:\3.431\pic18-lt\cxx-framework\src\extended\math\div08s.asm
             Delay100TCYx   0x003b3a    program     extern E:\3.431\pic18-lt\cxx-framework\src\extended\delays\d100tcyx.asm
             Delay10KTCYx   0x003a7c    program     extern E:\3.431\pic18-lt\cxx-framework\src\extended\delays\d10ktcyx.asm
              Delay10TCYx   0x003bae    program     extern E:\3.431\pic18-lt\cxx-framework\src\extended\delays\d10tcyx.asm
              Delay1KTCYx   0x003b1a    program     extern E:\3.431\pic18-lt\cxx-framework\src\extended\delays\d1ktcyx.asm
                  IdleI2C   0x000fee    program     extern E:\3.431\pic18-lt\cxx-framework\src\pmc_common\i2c\i2c_idle.c
                 OpenPWM1   0x003a34    program     extern E:\3.431\pic18-lt\cxx-framework\src\pmc_common\PWM\pw1open.c
         OpenPWM1ConfigIO   0x003a5e    program     extern E:\3.431\pic18-lt\cxx-framework\src\pmc_common\PWM\pw1open.c
               OpenTimer2   0x003ae6    program     extern E:\3.431\pic18-lt\cxx-framework\src\pmc_common\Timers\t2open.c
                ProcessIO   0x001462    program     extern D:\Projeler2014\AT GUARD SIMPLE_rev01\Softwarev03\src\main.c
                  RESTORE   0x0036f8    program     static E:\3.431\pic18-lt\cxx-framework\src\extended\math\div08s.asm
                  RESTORE   0x00369a    program     static E:\3.431\pic18-lt\cxx-framework\src\extended\math\div08u.asm
                  ReadI2C   0x003b94    program     extern E:\3.431\pic18-lt\cxx-framework\src\pmc_common\i2c\i2c_read.c
                  SETSIGN   0x0036d4    program     static E:\3.431\pic18-lt\cxx-framework\src\extended\math\div08s.asm
                 SETUPSTK   0x0036b4    program     static E:\3.431\pic18-lt\cxx-framework\src\extended\math\div08s.asm
                 SETUPSTK   0x003658    program     static E:\3.431\pic18-lt\cxx-framework\src\extended\math\div08u.asm
                SetDCPWM1   0x0039e8    program     extern E:\3.431\pic18-lt\cxx-framework\src\pmc_common\PWM\pw1setdc.c
            SetOutputPWM1   0x000f7c    program     extern E:\3.431\pic18-lt\cxx-framework\src\pmc_common\PWM\pw1setoc.c
       USBCBCheckOtherReq   0x0020d0    program     extern D:\Projeler2014\AT GUARD SIMPLE_rev01\Softwarev03\src\main.c
        USBCBErrorHandler   0x0020ce    program     extern D:\Projeler2014\AT GUARD SIMPLE_rev01\Softwarev03\src\main.c
              USBCBInitEP   0x0020d6    program     extern D:\Projeler2014\AT GUARD SIMPLE_rev01\Softwarev03\src\main.c
          USBCBSendResume   0x002106    program     extern D:\Projeler2014\AT GUARD SIMPLE_rev01\Softwarev03\src\main.c
    USBCBStdSetDscHandler   0x0020d4    program     extern D:\Projeler2014\AT GUARD SIMPLE_rev01\Softwarev03\src\main.c
             USBCBSuspend   0x0020c8    program     extern D:\Projeler2014\AT GUARD SIMPLE_rev01\Softwarev03\src\main.c
     USBCBWakeFromSuspend   0x0020ca    program     extern D:\Projeler2014\AT GUARD SIMPLE_rev01\Softwarev03\src\main.c
        USBCB_SOF_Handler   0x0020cc    program     extern D:\Projeler2014\AT GUARD SIMPLE_rev01\Softwarev03\src\main.c
              USBCancelIO   0x000306    program     extern D:\Projeler2014\AT GUARD SIMPLE_rev01\Microchip\USB\usb_device.c
       USBCheckHIDRequest   0x000eba    program     extern D:\Projeler2014\AT GUARD SIMPLE_rev01\Microchip\USB\HID Device Driver\usb_function_hid.c
       USBCheckStdRequest   0x0008c4    program     static D:\Projeler2014\AT GUARD SIMPLE_rev01\Microchip\USB\usb_device.c
     USBConfigureEndpoint   0x000400    program     static D:\Projeler2014\AT GUARD SIMPLE_rev01\Microchip\USB\usb_device.c
  USBCtrlEPAllowDataStage   0x0003c2    program     extern D:\Projeler2014\AT GUARD SIMPLE_rev01\Microchip\USB\usb_device.c
USBCtrlEPAllowStatusStage   0x000376    program     extern D:\Projeler2014\AT GUARD SIMPLE_rev01\Microchip\USB\usb_device.c
         USBCtrlEPService   0x000770    program     static D:\Projeler2014\AT GUARD SIMPLE_rev01\Microchip\USB\usb_device.c
 USBCtrlEPServiceComplete   0x000450    program     static D:\Projeler2014\AT GUARD SIMPLE_rev01\Microchip\USB\usb_device.c
      USBCtrlTrfInHandler   0x000852    program     static D:\Projeler2014\AT GUARD SIMPLE_rev01\Microchip\USB\usb_device.c
     USBCtrlTrfOutHandler   0x000834    program     static D:\Projeler2014\AT GUARD SIMPLE_rev01\Microchip\USB\usb_device.c
      USBCtrlTrfRxService   0x000524    program     static D:\Projeler2014\AT GUARD SIMPLE_rev01\Microchip\USB\usb_device.c
   USBCtrlTrfSetupHandler   0x0007fe    program     static D:\Projeler2014\AT GUARD SIMPLE_rev01\Microchip\USB\usb_device.c
      USBCtrlTrfTxService   0x0004aa    program     static D:\Projeler2014\AT GUARD SIMPLE_rev01\Microchip\USB\usb_device.c
          USBDeviceAttach   0x000350    program     extern D:\Projeler2014\AT GUARD SIMPLE_rev01\Microchip\USB\usb_device.c
          USBDeviceDetach   0x000342    program     extern D:\Projeler2014\AT GUARD SIMPLE_rev01\Microchip\USB\usb_device.c
            USBDeviceInit   0x000038    program     extern D:\Projeler2014\AT GUARD SIMPLE_rev01\Microchip\USB\usb_device.c
           USBDeviceTasks   0x0000fc    program     extern D:\Projeler2014\AT GUARD SIMPLE_rev01\Microchip\USB\usb_device.c
        USBEnableEndpoint   0x000218    program     extern D:\Projeler2014\AT GUARD SIMPLE_rev01\Microchip\USB\usb_device.c
         USBStallEndpoint   0x0002dc    program     extern D:\Projeler2014\AT GUARD SIMPLE_rev01\Microchip\USB\usb_device.c
          USBStallHandler   0x000722    program     static D:\Projeler2014\AT GUARD SIMPLE_rev01\Microchip\USB\usb_device.c
  USBStdFeatureReqHandler   0x00096a    program     static D:\Projeler2014\AT GUARD SIMPLE_rev01\Microchip\USB\usb_device.c
      USBStdGetDscHandler   0x00063a    program     static D:\Projeler2014\AT GUARD SIMPLE_rev01\Microchip\USB\usb_device.c
   USBStdGetStatusHandler   0x0006b4    program     static D:\Projeler2014\AT GUARD SIMPLE_rev01\Microchip\USB\usb_device.c
      USBStdSetCfgHandler   0x0005c4    program     static D:\Projeler2014\AT GUARD SIMPLE_rev01\Microchip\USB\usb_device.c
               USBSuspend   0x000744    program     static D:\Projeler2014\AT GUARD SIMPLE_rev01\Microchip\USB\usb_device.c
     USBTransferOnePacket   0x000254    program     extern D:\Projeler2014\AT GUARD SIMPLE_rev01\Microchip\USB\usb_device.c
       USBWakeFromSuspend   0x000758    program     static D:\Projeler2014\AT GUARD SIMPLE_rev01\Microchip\USB\usb_device.c
               USB_CD_Ptr   0x0038cd    program     extern D:\Projeler2014\AT GUARD SIMPLE_rev01\Softwarev03\src\usb_descriptors.c
               USB_SD_Ptr   0x0038cf    program     extern D:\Projeler2014\AT GUARD SIMPLE_rev01\Softwarev03\src\usb_descriptors.c
USER_USB_CALLBACK_EVENT_HANDLER   0x00214e    program     extern D:\Projeler2014\AT GUARD SIMPLE_rev01\Softwarev03\src\main.c
                 WriteI2C   0x003976    program     extern E:\3.431\pic18-lt\cxx-framework\src\pmc_common\i2c\i2c_writ.c
              _2jContinue   0x003ad2    program     static E:\3.431\pic18-lt\cxx-framework\src\extended\stdclib\memset.asm
                   _3jEnd   0x003adc    program     static E:\3.431\pic18-lt\cxx-framework\src\extended\stdclib\memset.asm
       _D100TCYXCODE_000A   0x003b44    program     static E:\3.431\pic18-lt\cxx-framework\src\extended\delays\d100tcyx.asm
       _D100TCYXCODE_000C   0x003b46    program     static E:\3.431\pic18-lt\cxx-framework\src\extended\delays\d100tcyx.asm
       _D100TCYXCODE_0016   0x003b50    program     static E:\3.431\pic18-lt\cxx-framework\src\extended\delays\d100tcyx.asm
       _D100TCYXCODE_001C   0x003b56    program     static E:\3.431\pic18-lt\cxx-framework\src\extended\delays\d100tcyx.asm
       _D10KTCYXCODE_0014   0x003a90    program     static E:\3.431\pic18-lt\cxx-framework\src\extended\delays\d10ktcyx.asm
       _D10KTCYXCODE_0022   0x003a9e    program     static E:\3.431\pic18-lt\cxx-framework\src\extended\delays\d10ktcyx.asm
        _D10TCYXCODE_000A   0x003bb8    program     static E:\3.431\pic18-lt\cxx-framework\src\extended\delays\d10tcyx.asm
        _D10TCYXCODE_000C   0x003bba    program     static E:\3.431\pic18-lt\cxx-framework\src\extended\delays\d10tcyx.asm
        _D10TCYXCODE_000E   0x003bbc    program     static E:\3.431\pic18-lt\cxx-framework\src\extended\delays\d10tcyx.asm
        _D1KTCYXCODE_0012   0x003b2c    program     static E:\3.431\pic18-lt\cxx-framework\src\extended\delays\d1ktcyx.asm
        _D1KTCYXCODE_0018   0x003b32    program     static E:\3.431\pic18-lt\cxx-framework\src\extended\delays\d1ktcyx.asm
           ___?:_lbl00072   0x0014a8    program     static                          
           ___?:_lbl00073   0x001498    program     static                          
     ___case_101_lbl00081   0x0016a6    program     static                          
     ___case_102_lbl00087   0x0016f8    program     static                          
     ___case_103_lbl00098   0x001814    program     static                          
     ___case_104_lbl00106   0x0018f6    program     static                          
     ___case_105_lbl00114   0x0019dc    program     static                          
     ___case_106_lbl00115   0x001a14    program     static                          
     ___case_107_lbl00116   0x001a4e    program     static                          
     ___case_108_lbl00119   0x001aa4    program     static                          
     ___case_109_lbl00120   0x001cc2    program     static                          
     ___case_110_lbl00130   0x001d28    program     static                          
     ___case_111_lbl00131   0x001dae    program     static                          
     ___case_112_lbl00140   0x001e28    program     static                          
     ___case_113_lbl00141   0x001e34    program     static                          
     ___case_114_lbl00142   0x001e36    program     static                          
     ___case_115_lbl00143   0x001e38    program     static                          
     ___case_116_lbl00144   0x001e3a    program     static                          
     ___case_117_lbl00152   0x001e68    program     static                          
     ___case_118_lbl00156   0x00200c    program     static                          
       ___case_1_lbl00083   0x00170a    program     static                          
       ___case_1_lbl00091   0x0017d8    program     static                          
       ___case_1_lbl00100   0x00186c    program     static                          
       ___case_1_lbl00125   0x001d3e    program     static                          
       ___case_2_lbl00084   0x001720    program     static                          
       ___case_2_lbl00092   0x0017e6    program     static                          
       ___case_2_lbl00101   0x001890    program     static                          
       ___case_2_lbl00126   0x001d56    program     static                          
       ___case_3_lbl00085   0x001736    program     static                          
       ___case_3_lbl00093   0x0017f4    program     static                          
       ___case_3_lbl00102   0x0018b4    program     static                          
       ___case_3_lbl00127   0x001d6e    program     static                          
       ___case_4_lbl00128   0x001d86    program     static                          
      ___default_lbl00086   0x00174c    program     static                          
      ___default_lbl00103   0x0018d8    program     static                          
      ___default_lbl00129   0x001d9e    program     static                          
           ___do_lbl00132   0x001de0    program     static                          
           ___do_lbl00133   0x001de6    program     static                          
           ___do_lbl00137   0x001dbc    program     static                          
         ___else_lbl00004   0x000fc6    program     static                          
         ___else_lbl00006   0x000fba    program     static                          
         ___else_lbl00042   0x001316    program     static                          
         ___else_lbl00044   0x001320    program     static                          
         ___else_lbl00051   0x001332    program     static                          
         ___else_lbl00089   0x0017b8    program     static                          
         ___else_lbl00095   0x0017c6    program     static                          
         ___else_lbl00097   0x001804    program     static                          
         ___else_lbl00105   0x0018e8    program     static                          
         ___else_lbl00109   0x001994    program     static                          
         ___else_lbl00111   0x001968    program     static                          
         ___else_lbl00113   0x0019ce    program     static                          
         ___else_lbl00118   0x001cb4    program     static                          
         ___else_lbl00149   0x001ffc    program     static                          
         ___else_lbl00151   0x001e84    program     static                          
         ___else_lbl00155   0x002026    program     static                          
          ___for_lbl00034   0x00128e    program     static                          
          ___for_lbl00035   0x0012a4    program     static                          
          ___for_lbl00040   0x00124a    program     static                          
          ___for_lbl00074   0x0015b0    program     static                          
          ___for_lbl00075   0x0015b4    program     static                          
          ___for_lbl00076   0x001554    program     static                          
          ___for_lbl00077   0x00162e    program     static                          
          ___for_lbl00078   0x001632    program     static                          
          ___for_lbl00079   0x00161a    program     static                          
          ___for_lbl00121   0x001d04    program     static                          
          ___for_lbl00122   0x001d08    program     static                          
          ___for_lbl00123   0x001cd6    program     static                          
           ___if_lbl00002   0x000fda    program     static                          
           ___if_lbl00003   0x000fda    program     static                          
           ___if_lbl00005   0x000fda    program     static                          
           ___if_lbl00031   0x00120e    program     static                          
           ___if_lbl00032   0x00123c    program     static                          
           ___if_lbl00033   0x00123c    program     static                          
           ___if_lbl00038   0x00128e    program     static                          
           ___if_lbl00039   0x00128e    program     static                          
           ___if_lbl00041   0x00131e    program     static                          
           ___if_lbl00043   0x001328    program     static                          
           ___if_lbl00045   0x001328    program     static                          
           ___if_lbl00046   0x001328    program     static                          
           ___if_lbl00047   0x001354    program     static                          
           ___if_lbl00048   0x001360    program     static                          
           ___if_lbl00049   0x001360    program     static                          
           ___if_lbl00050   0x001360    program     static                          
           ___if_lbl00071   0x00148c    program     static                          
           ___if_lbl00088   0x0017c4    program     static                          
           ___if_lbl00094   0x001802    program     static                          
           ___if_lbl00096   0x001810    program     static                          
           ___if_lbl00104   0x0018f4    program     static                          
           ___if_lbl00107   0x0019be    program     static                          
           ___if_lbl00108   0x0019be    program     static                          
           ___if_lbl00110   0x0019be    program     static                          
           ___if_lbl00112   0x0019da    program     static                          
           ___if_lbl00117   0x001cc0    program     static                          
           ___if_lbl00134   0x001dc2    program     static                          
           ___if_lbl00135   0x001dc8    program     static                          
           ___if_lbl00136   0x001de0    program     static                          
           ___if_lbl00138   0x001e14    program     static                          
           ___if_lbl00139   0x001e26    program     static                          
           ___if_lbl00147   0x001f24    program     static                          
           ___if_lbl00148   0x002006    program     static                          
           ___if_lbl00150   0x00200a    program     static                          
           ___if_lbl00154   0x00209e    program     static                          
           ___if_lbl00157   0x0020a0    program     static                          
           ___if_lbl00158   0x0020a0    program     static                          
           ___if_lbl00159   0x0020c0    program     static                          
       ___return_lbl00000   0x000fe2    program     static                          
       ___return_lbl00000   0x00001c    program     static                          
       ___return_lbl00000   0x000004    program     static                          
       ___return_lbl00001   0x003b92    program     static                          
       ___return_lbl00002   0x003974    program     static                          
       ___return_lbl00004   0x00000c    program     static                          
       ___return_lbl00028   0x001362    program     static                          
       ___return_lbl00069   0x0020c0    program     static                          
   ___switchexit_lbl00080   0x0020a0    program     static                          
   ___switchexit_lbl00082   0x001750    program     static                          
   ___switchexit_lbl00090   0x001802    program     static                          
   ___switchexit_lbl00099   0x0018e6    program     static                          
   ___switchexit_lbl00124   0x001dac    program     static                          
        ___while_lbl00029   0x0011fe    program     static                          
        ___while_lbl00030   0x001362    program     static                          
               __config_0   0x300000    program     static D:\Projeler2014\AT GUARD SIMPLE_rev01\Softwarev03\src\main.c
               __config_1   0x300001    program     static D:\Projeler2014\AT GUARD SIMPLE_rev01\Softwarev03\src\main.c
              __config_10   0x30000c    program     static D:\Projeler2014\AT GUARD SIMPLE_rev01\Softwarev03\src\main.c
              __config_11   0x30000d    program     static D:\Projeler2014\AT GUARD SIMPLE_rev01\Softwarev03\src\main.c
               __config_2   0x300002    program     static D:\Projeler2014\AT GUARD SIMPLE_rev01\Softwarev03\src\main.c
               __config_3   0x300003    program     static D:\Projeler2014\AT GUARD SIMPLE_rev01\Softwarev03\src\main.c
               __config_4   0x300005    program     static D:\Projeler2014\AT GUARD SIMPLE_rev01\Softwarev03\src\main.c
               __config_5   0x300006    program     static D:\Projeler2014\AT GUARD SIMPLE_rev01\Softwarev03\src\main.c
               __config_6   0x300008    program     static D:\Projeler2014\AT GUARD SIMPLE_rev01\Softwarev03\src\main.c
               __config_7   0x300009    program     static D:\Projeler2014\AT GUARD SIMPLE_rev01\Softwarev03\src\main.c
               __config_8   0x30000a    program     static D:\Projeler2014\AT GUARD SIMPLE_rev01\Softwarev03\src\main.c
               __config_9   0x30000b    program     static D:\Projeler2014\AT GUARD SIMPLE_rev01\Softwarev03\src\main.c
                 __div08s   0x0036cc    program     extern E:\3.431\pic18-lt\cxx-framework\src\extended\math\div08s.asm
                 __div08u   0x003670    program     extern E:\3.431\pic18-lt\cxx-framework\src\extended\math\div08u.asm
                   __init   0x000006    program     extern E:\3.431\pic18-lt\cxx-framework\src\extended\stdclib\__init.c
                 __mod08s   0x0036d2    program     extern E:\3.431\pic18-lt\cxx-framework\src\extended\math\div08s.asm
                 __mod08u   0x003676    program     extern E:\3.431\pic18-lt\cxx-framework\src\extended\math\div08u.asm
                  __mul16   0x00371a    program     extern E:\3.431\pic18-lt\cxx-framework\src\extended\math\mul16.asm
                  __mul32   0x003782    program     extern E:\3.431\pic18-lt\cxx-framework\src\extended\math\mul32.asm
                   __pa_0   0x00324a    program     static D:\Projeler2014\AT GUARD SIMPLE_rev01\Softwarev03\src\RF125KHz.c
                   __pa_0   0x000a7c    program     static D:\Projeler2014\AT GUARD SIMPLE_rev01\Microchip\USB\usb_device.c
                   __pa_0   0x0035b4    program     static D:\Projeler2014\AT GUARD SIMPLE_rev01\Softwarev03\src\rtcc.c
                   __pa_0   0x000e40    program     static D:\Projeler2014\AT GUARD SIMPLE_rev01\Softwarev03\src\eeprom24LC1025.c
                   __pa_0   0x002a12    program     static D:\Projeler2014\AT GUARD SIMPLE_rev01\Softwarev03\src\main.c
                   __pa_1   0x000a84    program     static D:\Projeler2014\AT GUARD SIMPLE_rev01\Microchip\USB\usb_device.c
                   __pa_1   0x0035c0    program     static D:\Projeler2014\AT GUARD SIMPLE_rev01\Softwarev03\src\rtcc.c
                   __pa_1   0x002a34    program     static D:\Projeler2014\AT GUARD SIMPLE_rev01\Softwarev03\src\main.c
                   __pa_1   0x000e4e    program     static D:\Projeler2014\AT GUARD SIMPLE_rev01\Softwarev03\src\eeprom24LC1025.c
                   __pa_1   0x003254    program     static D:\Projeler2014\AT GUARD SIMPLE_rev01\Softwarev03\src\RF125KHz.c
                  __pa_10   0x003616    program     static D:\Projeler2014\AT GUARD SIMPLE_rev01\Softwarev03\src\rtcc.c
                  __pa_10   0x002af6    program     static D:\Projeler2014\AT GUARD SIMPLE_rev01\Softwarev03\src\main.c
                  __pa_10   0x000afa    program     static D:\Projeler2014\AT GUARD SIMPLE_rev01\Microchip\USB\usb_device.c
                  __pa_10   0x0032d4    program     static D:\Projeler2014\AT GUARD SIMPLE_rev01\Softwarev03\src\RF125KHz.c
                  __pa_11   0x002b20    program     static D:\Projeler2014\AT GUARD SIMPLE_rev01\Softwarev03\src\main.c
                  __pa_11   0x000b14    program     static D:\Projeler2014\AT GUARD SIMPLE_rev01\Microchip\USB\usb_device.c
                  __pa_11   0x0032dc    program     static D:\Projeler2014\AT GUARD SIMPLE_rev01\Softwarev03\src\RF125KHz.c
                  __pa_11   0x00361e    program     static D:\Projeler2014\AT GUARD SIMPLE_rev01\Softwarev03\src\rtcc.c
                  __pa_12   0x000b22    program     static D:\Projeler2014\AT GUARD SIMPLE_rev01\Microchip\USB\usb_device.c
                  __pa_12   0x0032e6    program     static D:\Projeler2014\AT GUARD SIMPLE_rev01\Softwarev03\src\RF125KHz.c
                  __pa_12   0x003628    program     static D:\Projeler2014\AT GUARD SIMPLE_rev01\Softwarev03\src\rtcc.c
                  __pa_12   0x002b2a    program     static D:\Projeler2014\AT GUARD SIMPLE_rev01\Softwarev03\src\main.c
                  __pa_13   0x00363a    program     static D:\Projeler2014\AT GUARD SIMPLE_rev01\Softwarev03\src\rtcc.c
                  __pa_13   0x002b3a    program     static D:\Projeler2014\AT GUARD SIMPLE_rev01\Softwarev03\src\main.c
                  __pa_13   0x000b3c    program     static D:\Projeler2014\AT GUARD SIMPLE_rev01\Microchip\USB\usb_device.c
                  __pa_13   0x0032ee    program     static D:\Projeler2014\AT GUARD SIMPLE_rev01\Softwarev03\src\RF125KHz.c
                  __pa_14   0x003644    program     static D:\Projeler2014\AT GUARD SIMPLE_rev01\Softwarev03\src\rtcc.c
                  __pa_14   0x002b44    program     static D:\Projeler2014\AT GUARD SIMPLE_rev01\Softwarev03\src\main.c
                  __pa_14   0x000b44    program     static D:\Projeler2014\AT GUARD SIMPLE_rev01\Microchip\USB\usb_device.c
                  __pa_15   0x000b4c    program     static D:\Projeler2014\AT GUARD SIMPLE_rev01\Microchip\USB\usb_device.c
                  __pa_15   0x002b4c    program     static D:\Projeler2014\AT GUARD SIMPLE_rev01\Softwarev03\src\main.c
                  __pa_15   0x00364c    program     static D:\Projeler2014\AT GUARD SIMPLE_rev01\Softwarev03\src\rtcc.c
                  __pa_16   0x000b5e    program     static D:\Projeler2014\AT GUARD SIMPLE_rev01\Microchip\USB\usb_device.c
                  __pa_16   0x002b58    program     static D:\Projeler2014\AT GUARD SIMPLE_rev01\Softwarev03\src\main.c
                  __pa_16   0x003652    program     static D:\Projeler2014\AT GUARD SIMPLE_rev01\Softwarev03\src\rtcc.c
                  __pa_17   0x000b6a    program     static D:\Projeler2014\AT GUARD SIMPLE_rev01\Microchip\USB\usb_device.c
                  __pa_17   0x002b68    program     static D:\Projeler2014\AT GUARD SIMPLE_rev01\Softwarev03\src\main.c
                  __pa_18   0x000b72    program     static D:\Projeler2014\AT GUARD SIMPLE_rev01\Microchip\USB\usb_device.c
                  __pa_18   0x002b78    program     static D:\Projeler2014\AT GUARD SIMPLE_rev01\Softwarev03\src\main.c
                  __pa_19   0x002b80    program     static D:\Projeler2014\AT GUARD SIMPLE_rev01\Softwarev03\src\main.c
                  __pa_19   0x000b7a    program     static D:\Projeler2014\AT GUARD SIMPLE_rev01\Microchip\USB\usb_device.c
                   __pa_2   0x000e5e    program     static D:\Projeler2014\AT GUARD SIMPLE_rev01\Softwarev03\src\eeprom24LC1025.c
                   __pa_2   0x0035c8    program     static D:\Projeler2014\AT GUARD SIMPLE_rev01\Softwarev03\src\rtcc.c
                   __pa_2   0x003264    program     static D:\Projeler2014\AT GUARD SIMPLE_rev01\Softwarev03\src\RF125KHz.c
                   __pa_2   0x002a3c    program     static D:\Projeler2014\AT GUARD SIMPLE_rev01\Softwarev03\src\main.c
                   __pa_2   0x000a96    program     static D:\Projeler2014\AT GUARD SIMPLE_rev01\Microchip\USB\usb_device.c
                  __pa_20   0x000b82    program     static D:\Projeler2014\AT GUARD SIMPLE_rev01\Microchip\USB\usb_device.c
                  __pa_20   0x002b98    program     static D:\Projeler2014\AT GUARD SIMPLE_rev01\Softwarev03\src\main.c
                  __pa_21   0x000b8a    program     static D:\Projeler2014\AT GUARD SIMPLE_rev01\Microchip\USB\usb_device.c
                  __pa_21   0x002ba4    program     static D:\Projeler2014\AT GUARD SIMPLE_rev01\Softwarev03\src\main.c
                  __pa_22   0x000b96    program     static D:\Projeler2014\AT GUARD SIMPLE_rev01\Microchip\USB\usb_device.c
                  __pa_22   0x002bba    program     static D:\Projeler2014\AT GUARD SIMPLE_rev01\Softwarev03\src\main.c
                  __pa_23   0x002bca    program     static D:\Projeler2014\AT GUARD SIMPLE_rev01\Softwarev03\src\main.c
                  __pa_23   0x000ba0    program     static D:\Projeler2014\AT GUARD SIMPLE_rev01\Microchip\USB\usb_device.c
                  __pa_24   0x000bb0    program     static D:\Projeler2014\AT GUARD SIMPLE_rev01\Microchip\USB\usb_device.c
                  __pa_24   0x002bdc    program     static D:\Projeler2014\AT GUARD SIMPLE_rev01\Softwarev03\src\main.c
                  __pa_25   0x000bc0    program     static D:\Projeler2014\AT GUARD SIMPLE_rev01\Microchip\USB\usb_device.c
                  __pa_25   0x002be8    program     static D:\Projeler2014\AT GUARD SIMPLE_rev01\Softwarev03\src\main.c
                  __pa_26   0x000bce    program     static D:\Projeler2014\AT GUARD SIMPLE_rev01\Microchip\USB\usb_device.c
                  __pa_26   0x002bf6    program     static D:\Projeler2014\AT GUARD SIMPLE_rev01\Softwarev03\src\main.c
                  __pa_27   0x000bdc    program     static D:\Projeler2014\AT GUARD SIMPLE_rev01\Microchip\USB\usb_device.c
                  __pa_27   0x002c04    program     static D:\Projeler2014\AT GUARD SIMPLE_rev01\Softwarev03\src\main.c
                  __pa_28   0x002c0e    program     static D:\Projeler2014\AT GUARD SIMPLE_rev01\Softwarev03\src\main.c
                  __pa_28   0x000bea    program     static D:\Projeler2014\AT GUARD SIMPLE_rev01\Microchip\USB\usb_device.c
                  __pa_29   0x002c16    program     static D:\Projeler2014\AT GUARD SIMPLE_rev01\Softwarev03\src\main.c
                  __pa_29   0x000bf8    program     static D:\Projeler2014\AT GUARD SIMPLE_rev01\Microchip\USB\usb_device.c
                   __pa_3   0x002a4c    program     static D:\Projeler2014\AT GUARD SIMPLE_rev01\Softwarev03\src\main.c
                   __pa_3   0x0035d2    program     static D:\Projeler2014\AT GUARD SIMPLE_rev01\Softwarev03\src\rtcc.c
                   __pa_3   0x000aa0    program     static D:\Projeler2014\AT GUARD SIMPLE_rev01\Microchip\USB\usb_device.c
                   __pa_3   0x000e66    program     static D:\Projeler2014\AT GUARD SIMPLE_rev01\Softwarev03\src\eeprom24LC1025.c
                   __pa_3   0x00327e    program     static D:\Projeler2014\AT GUARD SIMPLE_rev01\Softwarev03\src\RF125KHz.c
                  __pa_30   0x000c02    program     static D:\Projeler2014\AT GUARD SIMPLE_rev01\Microchip\USB\usb_device.c
                  __pa_30   0x002c1e    program     static D:\Projeler2014\AT GUARD SIMPLE_rev01\Softwarev03\src\main.c
                  __pa_31   0x000c0c    program     static D:\Projeler2014\AT GUARD SIMPLE_rev01\Microchip\USB\usb_device.c
                  __pa_31   0x002c30    program     static D:\Projeler2014\AT GUARD SIMPLE_rev01\Softwarev03\src\main.c
                  __pa_32   0x002c3c    program     static D:\Projeler2014\AT GUARD SIMPLE_rev01\Softwarev03\src\main.c
                  __pa_32   0x000c18    program     static D:\Projeler2014\AT GUARD SIMPLE_rev01\Microchip\USB\usb_device.c
                  __pa_33   0x000c26    program     static D:\Projeler2014\AT GUARD SIMPLE_rev01\Microchip\USB\usb_device.c
                  __pa_33   0x002c48    program     static D:\Projeler2014\AT GUARD SIMPLE_rev01\Softwarev03\src\main.c
                  __pa_34   0x002c5e    program     static D:\Projeler2014\AT GUARD SIMPLE_rev01\Softwarev03\src\main.c
                  __pa_34   0x000c2e    program     static D:\Projeler2014\AT GUARD SIMPLE_rev01\Microchip\USB\usb_device.c
                  __pa_35   0x000c42    program     static D:\Projeler2014\AT GUARD SIMPLE_rev01\Microchip\USB\usb_device.c
                  __pa_35   0x002c6c    program     static D:\Projeler2014\AT GUARD SIMPLE_rev01\Softwarev03\src\main.c
                  __pa_36   0x000c50    program     static D:\Projeler2014\AT GUARD SIMPLE_rev01\Microchip\USB\usb_device.c
                  __pa_36   0x002c7c    program     static D:\Projeler2014\AT GUARD SIMPLE_rev01\Softwarev03\src\main.c
                  __pa_37   0x002c8c    program     static D:\Projeler2014\AT GUARD SIMPLE_rev01\Softwarev03\src\main.c
                  __pa_37   0x000c5a    program     static D:\Projeler2014\AT GUARD SIMPLE_rev01\Microchip\USB\usb_device.c
                  __pa_38   0x000c64    program     static D:\Projeler2014\AT GUARD SIMPLE_rev01\Microchip\USB\usb_device.c
                  __pa_38   0x002c98    program     static D:\Projeler2014\AT GUARD SIMPLE_rev01\Softwarev03\src\main.c
                  __pa_39   0x002ca2    program     static D:\Projeler2014\AT GUARD SIMPLE_rev01\Softwarev03\src\main.c
                  __pa_39   0x000c6e    program     static D:\Projeler2014\AT GUARD SIMPLE_rev01\Microchip\USB\usb_device.c
                   __pa_4   0x000e72    program     static D:\Projeler2014\AT GUARD SIMPLE_rev01\Softwarev03\src\eeprom24LC1025.c
                   __pa_4   0x00328c    program     static D:\Projeler2014\AT GUARD SIMPLE_rev01\Softwarev03\src\RF125KHz.c
                   __pa_4   0x002a8e    program     static D:\Projeler2014\AT GUARD SIMPLE_rev01\Softwarev03\src\main.c
                   __pa_4   0x000aaa    program     static D:\Projeler2014\AT GUARD SIMPLE_rev01\Microchip\USB\usb_device.c
                   __pa_4   0x0035dc    program     static D:\Projeler2014\AT GUARD SIMPLE_rev01\Softwarev03\src\rtcc.c
                  __pa_40   0x000c76    program     static D:\Projeler2014\AT GUARD SIMPLE_rev01\Microchip\USB\usb_device.c
                  __pa_40   0x002caa    program     static D:\Projeler2014\AT GUARD SIMPLE_rev01\Softwarev03\src\main.c
                  __pa_41   0x002cb2    program     static D:\Projeler2014\AT GUARD SIMPLE_rev01\Softwarev03\src\main.c
                  __pa_41   0x000c84    program     static D:\Projeler2014\AT GUARD SIMPLE_rev01\Microchip\USB\usb_device.c
                  __pa_42   0x002cba    program     static D:\Projeler2014\AT GUARD SIMPLE_rev01\Softwarev03\src\main.c
                  __pa_42   0x000c8e    program     static D:\Projeler2014\AT GUARD SIMPLE_rev01\Microchip\USB\usb_device.c
                  __pa_43   0x002cc2    program     static D:\Projeler2014\AT GUARD SIMPLE_rev01\Softwarev03\src\main.c
                  __pa_43   0x000c98    program     static D:\Projeler2014\AT GUARD SIMPLE_rev01\Microchip\USB\usb_device.c
                  __pa_44   0x002cd2    program     static D:\Projeler2014\AT GUARD SIMPLE_rev01\Softwarev03\src\main.c
                  __pa_44   0x000ca0    program     static D:\Projeler2014\AT GUARD SIMPLE_rev01\Microchip\USB\usb_device.c
                  __pa_45   0x002cda    program     static D:\Projeler2014\AT GUARD SIMPLE_rev01\Softwarev03\src\main.c
                  __pa_45   0x000caa    program     static D:\Projeler2014\AT GUARD SIMPLE_rev01\Microchip\USB\usb_device.c
                  __pa_46   0x002ce4    program     static D:\Projeler2014\AT GUARD SIMPLE_rev01\Softwarev03\src\main.c
                  __pa_46   0x000cb6    program     static D:\Projeler2014\AT GUARD SIMPLE_rev01\Microchip\USB\usb_device.c
                   __pa_5   0x000e84    program     static D:\Projeler2014\AT GUARD SIMPLE_rev01\Softwarev03\src\eeprom24LC1025.c
                   __pa_5   0x00329a    program     static D:\Projeler2014\AT GUARD SIMPLE_rev01\Softwarev03\src\RF125KHz.c
                   __pa_5   0x002a98    program     static D:\Projeler2014\AT GUARD SIMPLE_rev01\Softwarev03\src\main.c
                   __pa_5   0x0035ea    program     static D:\Projeler2014\AT GUARD SIMPLE_rev01\Softwarev03\src\rtcc.c
                   __pa_5   0x000aba    program     static D:\Projeler2014\AT GUARD SIMPLE_rev01\Microchip\USB\usb_device.c
                   __pa_6   0x002aa2    program     static D:\Projeler2014\AT GUARD SIMPLE_rev01\Softwarev03\src\main.c
                   __pa_6   0x0032a4    program     static D:\Projeler2014\AT GUARD SIMPLE_rev01\Softwarev03\src\RF125KHz.c
                   __pa_6   0x0035f2    program     static D:\Projeler2014\AT GUARD SIMPLE_rev01\Softwarev03\src\rtcc.c
                   __pa_6   0x000ac6    program     static D:\Projeler2014\AT GUARD SIMPLE_rev01\Microchip\USB\usb_device.c
                   __pa_6   0x000e94    program     static D:\Projeler2014\AT GUARD SIMPLE_rev01\Softwarev03\src\eeprom24LC1025.c
                   __pa_7   0x000ad0    program     static D:\Projeler2014\AT GUARD SIMPLE_rev01\Microchip\USB\usb_device.c
                   __pa_7   0x0035fc    program     static D:\Projeler2014\AT GUARD SIMPLE_rev01\Softwarev03\src\rtcc.c
                   __pa_7   0x002ab2    program     static D:\Projeler2014\AT GUARD SIMPLE_rev01\Softwarev03\src\main.c
                   __pa_7   0x000ea2    program     static D:\Projeler2014\AT GUARD SIMPLE_rev01\Softwarev03\src\eeprom24LC1025.c
                   __pa_7   0x0032b6    program     static D:\Projeler2014\AT GUARD SIMPLE_rev01\Softwarev03\src\RF125KHz.c
                   __pa_8   0x000ada    program     static D:\Projeler2014\AT GUARD SIMPLE_rev01\Microchip\USB\usb_device.c
                   __pa_8   0x002ac2    program     static D:\Projeler2014\AT GUARD SIMPLE_rev01\Softwarev03\src\main.c
                   __pa_8   0x003606    program     static D:\Projeler2014\AT GUARD SIMPLE_rev01\Softwarev03\src\rtcc.c
                   __pa_8   0x000eb0    program     static D:\Projeler2014\AT GUARD SIMPLE_rev01\Softwarev03\src\eeprom24LC1025.c
                   __pa_8   0x0032c2    program     static D:\Projeler2014\AT GUARD SIMPLE_rev01\Softwarev03\src\RF125KHz.c
                   __pa_9   0x00360e    program     static D:\Projeler2014\AT GUARD SIMPLE_rev01\Softwarev03\src\rtcc.c
                   __pa_9   0x0032ca    program     static D:\Projeler2014\AT GUARD SIMPLE_rev01\Softwarev03\src\RF125KHz.c
                   __pa_9   0x000ae6    program     static D:\Projeler2014\AT GUARD SIMPLE_rev01\Microchip\USB\usb_device.c
                   __pa_9   0x002acc    program     static D:\Projeler2014\AT GUARD SIMPLE_rev01\Softwarev03\src\main.c
               __tmplbl_0   0x000fd2    program     static                          
               __tmplbl_1   0x000fcc    program     static                          
              __tmplbl_10   0x00127e    program     static                          
              __tmplbl_11   0x001274    program     static                          
              __tmplbl_12   0x0012f6    program     static                          
              __tmplbl_15   0x001488    program     static                          
              __tmplbl_16   0x001482    program     static                          
              __tmplbl_17   0x001796    program     static                          
              __tmplbl_18   0x001858    program     static                          
              __tmplbl_19   0x00193a    program     static                          
              __tmplbl_20   0x00195e    program     static                          
              __tmplbl_21   0x00198a    program     static                          
              __tmplbl_22   0x0019b6    program     static                          
              __tmplbl_23   0x001e76    program     static                          
              __tmplbl_24   0x000b3c    program     static                          
              __tmplbl_24   0x001e70    program     static                          
              __tmplbl_25   0x001f18    program     static                          
              __tmplbl_26   0x001ef8    program     static                          
              __tmplbl_27   0x001f16    program     static                          
              __tmplbl_28   0x00201a    program     static                          
              __tmplbl_29   0x002014    program     static                          
              __tmplbl_32   0x000b3c    program     static                          
              __tmplbl_35   0x000b44    program     static                          
              __tmplbl_36   0x000b44    program     static                          
              __tmplbl_37   0x000b44    program     static                          
              __tmplbl_68   0x002c0e    program     static                          
               __tmplbl_9   0x001288    program     static                          
            __zero_memory   0x003b5a    program     extern E:\3.431\pic18-lt\cxx-framework\src\extended\proc\p18lf14k50.asm
                _do_cinit   0x0038d8    program     extern E:\3.431\pic18-lt\cxx-framework\src\extended\startup\c018i_e.c
            _early08uexit   0x00367a    program     extern E:\3.431\pic18-lt\cxx-framework\src\extended\math\div08u.asm
                   _entry   0x000000    program     extern E:\3.431\pic18-lt\cxx-framework\src\extended\startup\c018i_e.c
                 _startup   0x003b7a    program     extern E:\3.431\pic18-lt\cxx-framework\src\extended\startup\c018i_e.c
                  cAddTag   0x002402    program     extern D:\Projeler2014\AT GUARD SIMPLE_rev01\Softwarev03\src\main.c
                cBcdToDec   0x00355c    program     extern D:\Projeler2014\AT GUARD SIMPLE_rev01\Softwarev03\src\rtcc.c
                cCheckTag   0x002322    program     extern D:\Projeler2014\AT GUARD SIMPLE_rev01\Softwarev03\src\main.c
                cDecToBcd   0x003572    program     extern D:\Projeler2014\AT GUARD SIMPLE_rev01\Softwarev03\src\rtcc.c
        cDecodeDataEM4102   0x0030a2    program     extern D:\Projeler2014\AT GUARD SIMPLE_rev01\Softwarev03\src\RF125KHz.c
              cEEReadByte   0x000da8    program     extern D:\Projeler2014\AT GUARD SIMPLE_rev01\Softwarev03\src\eeprom24LC1025.c
      cHeaderSearchEM4102   0x00307c    program     extern D:\Projeler2014\AT GUARD SIMPLE_rev01\Softwarev03\src\RF125KHz.c
          cRFBufferGetBit   0x002f7a    program     extern D:\Projeler2014\AT GUARD SIMPLE_rev01\Softwarev03\src\RF125KHz.c
                   cRFGet   0x002ed2    program     extern D:\Projeler2014\AT GUARD SIMPLE_rev01\Softwarev03\src\RF125KHz.c
              cReadEM4102   0x002e20    program     extern D:\Projeler2014\AT GUARD SIMPLE_rev01\Softwarev03\src\RF125KHz.c
                cReadRTCC   0x0033ea    program     extern D:\Projeler2014\AT GUARD SIMPLE_rev01\Softwarev03\src\rtcc.c
                compare_l   0x003b70    program     static E:\3.431\pic18-lt\cxx-framework\src\extended\proc\p18lf14k50.asm
        configDescriptor1   0x003836    program     extern D:\Projeler2014\AT GUARD SIMPLE_rev01\Softwarev03\src\usb_descriptors.c
                copy_loop   0x00394a    program     static                          
            copy_one_byte   0x003950    program     static                          
               device_dsc   0x003824    program     extern D:\Projeler2014\AT GUARD SIMPLE_rev01\Softwarev03\src\usb_descriptors.c
                divmod08u   0x00367c    program     static E:\3.431\pic18-lt\cxx-framework\src\extended\math\div08u.asm
                     done   0x003974    program     static                          
             done_copying   0x00395e    program     static                          
                  endloop   0x003692    program     static E:\3.431\pic18-lt\cxx-framework\src\extended\math\div08u.asm
                hid_rpt01   0x0038b1    program     extern D:\Projeler2014\AT GUARD SIMPLE_rev01\Softwarev03\src\usb_descriptors.c
                 high_isr   0x00106e    program     extern D:\Projeler2014\AT GUARD SIMPLE_rev01\Softwarev03\src\main.c
           iCheckLogCount   0x00260e    program     extern D:\Projeler2014\AT GUARD SIMPLE_rev01\Softwarev03\src\main.c
             iGetTagCount   0x00226a    program     extern D:\Projeler2014\AT GUARD SIMPLE_rev01\Softwarev03\src\main.c
 interrupt_at_high_vector   0x000008    program     extern D:\Projeler2014\AT GUARD SIMPLE_rev01\Softwarev03\src\main.c
  interrupt_at_low_vector   0x000018    program     extern D:\Projeler2014\AT GUARD SIMPLE_rev01\Softwarev03\src\main.c
                     jEnd   0x003ae4    program     static E:\3.431\pic18-lt\cxx-framework\src\extended\stdclib\memset.asm
                    jLoop   0x003ac6    program     static E:\3.431\pic18-lt\cxx-framework\src\extended\stdclib\memset.asm
                     loop   0x003684    program     static E:\3.431\pic18-lt\cxx-framework\src\extended\math\div08u.asm
                     loop   0x003b88    program     static                          
                   loop_h   0x003b68    program     static E:\3.431\pic18-lt\cxx-framework\src\extended\proc\p18lf14k50.asm
                   loop_l   0x003b72    program     static E:\3.431\pic18-lt\cxx-framework\src\extended\proc\p18lf14k50.asm
                  low_isr   0x001002    program     extern D:\Projeler2014\AT GUARD SIMPLE_rev01\Softwarev03\src\main.c
                     main   0x0011a6    program     extern D:\Projeler2014\AT GUARD SIMPLE_rev01\Softwarev03\src\main.c
                   memset   0x003ab2    program     extern E:\3.431\pic18-lt\cxx-framework\src\extended\stdclib\memset.asm
           mySerialNumber   0x001000    program     extern D:\Projeler2014\AT GUARD SIMPLE_rev01\Softwarev03\src\main.c
                    sd000   0x00385f    program     extern D:\Projeler2014\AT GUARD SIMPLE_rev01\Softwarev03\src\usb_descriptors.c
                    sd001   0x003863    program     extern D:\Projeler2014\AT GUARD SIMPLE_rev01\Softwarev03\src\usb_descriptors.c
                    sd002   0x00388d    program     extern D:\Projeler2014\AT GUARD SIMPLE_rev01\Softwarev03\src\usb_descriptors.c
                    sd003   0x00389f    program     extern D:\Projeler2014\AT GUARD SIMPLE_rev01\Softwarev03\src\usb_descriptors.c
                     test   0x0038f2    program     static                          
                  vAddLog   0x002668    program     extern D:\Projeler2014\AT GUARD SIMPLE_rev01\Softwarev03\src\main.c
                    vBeep   0x001400    program     extern D:\Projeler2014\AT GUARD SIMPLE_rev01\Softwarev03\src\main.c
              vCheckAlarm   0x00290e    program     extern D:\Projeler2014\AT GUARD SIMPLE_rev01\Softwarev03\src\main.c
                vCloseI2C   0x000cf0    program     extern D:\Projeler2014\AT GUARD SIMPLE_rev01\Softwarev03\src\eeprom24LC1025.c
              vDelAllTags   0x002870    program     extern D:\Projeler2014\AT GUARD SIMPLE_rev01\Softwarev03\src\main.c
               vDelOneTag   0x0024d0    program     extern D:\Projeler2014\AT GUARD SIMPLE_rev01\Softwarev03\src\main.c
             vEEWriteByte   0x000d00    program     extern D:\Projeler2014\AT GUARD SIMPLE_rev01\Softwarev03\src\eeprom24LC1025.c
             vGetTimeDate   0x0034fa    program     extern D:\Projeler2014\AT GUARD SIMPLE_rev01\Softwarev03\src\rtcc.c
         vInitializeBoard   0x00136a    program     extern D:\Projeler2014\AT GUARD SIMPLE_rev01\Softwarev03\src\main.c
            vInitializeRF   0x002cee    program     extern D:\Projeler2014\AT GUARD SIMPLE_rev01\Softwarev03\src\RF125KHz.c
          vInitializeRTCC   0x0032f8    program     extern D:\Projeler2014\AT GUARD SIMPLE_rev01\Softwarev03\src\rtcc.c
              vMirrorData   0x003188    program     extern D:\Projeler2014\AT GUARD SIMPLE_rev01\Softwarev03\src\RF125KHz.c
                 vOpenI2C   0x000cc0    program     extern D:\Projeler2014\AT GUARD SIMPLE_rev01\Softwarev03\src\eeprom24LC1025.c
                 vOpenPWM   0x002e8a    program     extern D:\Projeler2014\AT GUARD SIMPLE_rev01\Softwarev03\src\RF125KHz.c
    vPeriodicalyCheckRTCC   0x00355a    program     extern D:\Projeler2014\AT GUARD SIMPLE_rev01\Softwarev03\src\rtcc.c
            vRFBufferFill   0x002f0e    program     extern D:\Projeler2014\AT GUARD SIMPLE_rev01\Softwarev03\src\RF125KHz.c
          vRFBufferInvert   0x002f42    program     extern D:\Projeler2014\AT GUARD SIMPLE_rev01\Softwarev03\src\RF125KHz.c
            vRFCaptureIsr   0x002d60    program     extern D:\Projeler2014\AT GUARD SIMPLE_rev01\Softwarev03\src\RF125KHz.c
             vRFPowerDown   0x002d4a    program     extern D:\Projeler2014\AT GUARD SIMPLE_rev01\Softwarev03\src\RF125KHz.c
               vRFPowerUp   0x002d26    program     extern D:\Projeler2014\AT GUARD SIMPLE_rev01\Softwarev03\src\RF125KHz.c
              vRFReadEdge   0x002eba    program     extern D:\Projeler2014\AT GUARD SIMPLE_rev01\Softwarev03\src\RF125KHz.c
              vRFTimerIsr   0x002e1a    program     extern D:\Projeler2014\AT GUARD SIMPLE_rev01\Softwarev03\src\RF125KHz.c
            vSendResponse   0x002794    program     extern D:\Projeler2014\AT GUARD SIMPLE_rev01\Softwarev03\src\main.c
   vSetCardReadingTimeOut   0x002904    program     extern D:\Projeler2014\AT GUARD SIMPLE_rev01\Softwarev03\src\main.c
             vSetTimeDate   0x00344a    program     extern D:\Projeler2014\AT GUARD SIMPLE_rev01\Softwarev03\src\rtcc.c
              vShiftRight   0x002fbc    program     extern D:\Projeler2014\AT GUARD SIMPLE_rev01\Softwarev03\src\RF125KHz.c
         vShiftRightArray   0x002fdc    program     extern D:\Projeler2014\AT GUARD SIMPLE_rev01\Softwarev03\src\RF125KHz.c
                 vUSBTask   0x0013ce    program     extern D:\Projeler2014\AT GUARD SIMPLE_rev01\Softwarev03\src\main.c
               vUpdateCRC   0x0021dc    program     extern D:\Projeler2014\AT GUARD SIMPLE_rev01\Softwarev03\src\main.c
               vWriteRTCC   0x00337a    program     extern D:\Projeler2014\AT GUARD SIMPLE_rev01\Softwarev03\src\rtcc.c
               zero_block   0x003b68    program     static E:\3.431\pic18-lt\cxx-framework\src\extended\proc\p18lf14k50.asm
                   ADCON0   0x000fc2       data     extern E:\3.431\pic18-lt\cxx-framework\src\extended\proc\p18lf14k50.asm
               ADCON0bits   0x000fc2       data     extern E:\3.431\pic18-lt\cxx-framework\src\extended\proc\p18lf14k50.asm
                   ADCON1   0x000fc1       data     extern E:\3.431\pic18-lt\cxx-framework\src\extended\proc\p18lf14k50.asm
               ADCON1bits   0x000fc1       data     extern E:\3.431\pic18-lt\cxx-framework\src\extended\proc\p18lf14k50.asm
                   ADCON2   0x000fc0       data     extern E:\3.431\pic18-lt\cxx-framework\src\extended\proc\p18lf14k50.asm
               ADCON2bits   0x000fc0       data     extern E:\3.431\pic18-lt\cxx-framework\src\extended\proc\p18lf14k50.asm
                    ADRES   0x000fc3       data     extern E:\3.431\pic18-lt\cxx-framework\src\extended\proc\p18lf14k50.asm
                   ADRESH   0x000fc4       data     extern E:\3.431\pic18-lt\cxx-framework\src\extended\proc\p18lf14k50.asm
                   ADRESL   0x000fc3       data     extern E:\3.431\pic18-lt\cxx-framework\src\extended\proc\p18lf14k50.asm
                    ANSEL   0x000f7e       data     extern E:\3.431\pic18-lt\cxx-framework\src\extended\proc\p18lf14k50.asm
                   ANSELH   0x000f7f       data     extern E:\3.431\pic18-lt\cxx-framework\src\extended\proc\p18lf14k50.asm
               ANSELHbits   0x000f7f       data     extern E:\3.431\pic18-lt\cxx-framework\src\extended\proc\p18lf14k50.asm
                ANSELbits   0x000f7e       data     extern E:\3.431\pic18-lt\cxx-framework\src\extended\proc\p18lf14k50.asm
                  BAUDCON   0x000fb8       data     extern E:\3.431\pic18-lt\cxx-framework\src\extended\proc\p18lf14k50.asm
              BAUDCONbits   0x000fb8       data     extern E:\3.431\pic18-lt\cxx-framework\src\extended\proc\p18lf14k50.asm
                  BAUDCTL   0x000fb8       data     extern E:\3.431\pic18-lt\cxx-framework\src\extended\proc\p18lf14k50.asm
              BAUDCTLbits   0x000fb8       data     extern E:\3.431\pic18-lt\cxx-framework\src\extended\proc\p18lf14k50.asm
                      BDT   0x000200       data     extern D:\Projeler2014\AT GUARD SIMPLE_rev01\Microchip\USB\usb_device.c
                      BSR   0x000fe0       data     extern E:\3.431\pic18-lt\cxx-framework\src\extended\proc\p18lf14k50.asm
       BothEP0OutUOWNsSet   0x0000f3       data     extern D:\Projeler2014\AT GUARD SIMPLE_rev01\Microchip\USB\usb_device.c
                  CCP1CON   0x000fbd       data     extern E:\3.431\pic18-lt\cxx-framework\src\extended\proc\p18lf14k50.asm
              CCP1CONbits   0x000fbd       data     extern E:\3.431\pic18-lt\cxx-framework\src\extended\proc\p18lf14k50.asm
                    CCPR1   0x000fbe       data     extern E:\3.431\pic18-lt\cxx-framework\src\extended\proc\p18lf14k50.asm
                   CCPR1H   0x000fbf       data     extern E:\3.431\pic18-lt\cxx-framework\src\extended\proc\p18lf14k50.asm
                   CCPR1L   0x000fbe       data     extern E:\3.431\pic18-lt\cxx-framework\src\extended\proc\p18lf14k50.asm
                  CM1CON0   0x000f6d       data     extern E:\3.431\pic18-lt\cxx-framework\src\extended\proc\p18lf14k50.asm
              CM1CON0bits   0x000f6d       data     extern E:\3.431\pic18-lt\cxx-framework\src\extended\proc\p18lf14k50.asm
                  CM2CON0   0x000f6b       data     extern E:\3.431\pic18-lt\cxx-framework\src\extended\proc\p18lf14k50.asm
              CM2CON0bits   0x000f6b       data     extern E:\3.431\pic18-lt\cxx-framework\src\extended\proc\p18lf14k50.asm
                  CM2CON1   0x000f6c       data     extern E:\3.431\pic18-lt\cxx-framework\src\extended\proc\p18lf14k50.asm
              CM2CON1bits   0x000f6c       data     extern E:\3.431\pic18-lt\cxx-framework\src\extended\proc\p18lf14k50.asm
              CtrlTrfData   0x000228       data     extern D:\Projeler2014\AT GUARD SIMPLE_rev01\Microchip\USB\usb_device.c
                     DDRA   0x000f92       data     extern E:\3.431\pic18-lt\cxx-framework\src\extended\proc\p18lf14k50.asm
                 DDRAbits   0x000f92       data     extern E:\3.431\pic18-lt\cxx-framework\src\extended\proc\p18lf14k50.asm
                     DDRB   0x000f93       data     extern E:\3.431\pic18-lt\cxx-framework\src\extended\proc\p18lf14k50.asm
                 DDRBbits   0x000f93       data     extern E:\3.431\pic18-lt\cxx-framework\src\extended\proc\p18lf14k50.asm
                     DDRC   0x000f94       data     extern E:\3.431\pic18-lt\cxx-framework\src\extended\proc\p18lf14k50.asm
                 DDRCbits   0x000f94       data     extern E:\3.431\pic18-lt\cxx-framework\src\extended\proc\p18lf14k50.asm
            DelayCounter1   0x000252       data     extern E:\3.431\pic18-lt\cxx-framework\src\extended\delays\delayd1.asm
            DelayCounter2   0x0002ff       data     extern E:\3.431\pic18-lt\cxx-framework\src\extended\delays\delayd2.asm
                  ECCP1AS   0x000fb6       data     extern E:\3.431\pic18-lt\cxx-framework\src\extended\proc\p18lf14k50.asm
              ECCP1ASbits   0x000fb6       data     extern E:\3.431\pic18-lt\cxx-framework\src\extended\proc\p18lf14k50.asm
                    EEADR   0x000fa9       data     extern E:\3.431\pic18-lt\cxx-framework\src\extended\proc\p18lf14k50.asm
                EEADRbits   0x000fa9       data     extern E:\3.431\pic18-lt\cxx-framework\src\extended\proc\p18lf14k50.asm
                   EECON1   0x000fa6       data     extern E:\3.431\pic18-lt\cxx-framework\src\extended\proc\p18lf14k50.asm
               EECON1bits   0x000fa6       data     extern E:\3.431\pic18-lt\cxx-framework\src\extended\proc\p18lf14k50.asm
                   EECON2   0x000fa7       data     extern E:\3.431\pic18-lt\cxx-framework\src\extended\proc\p18lf14k50.asm
                   EEDATA   0x000fa8       data     extern E:\3.431\pic18-lt\cxx-framework\src\extended\proc\p18lf14k50.asm
                     FSR0   0x000fe9       data     extern E:\3.431\pic18-lt\cxx-framework\src\extended\proc\p18lf14k50.asm
                    FSR0H   0x000fea       data     extern E:\3.431\pic18-lt\cxx-framework\src\extended\proc\p18lf14k50.asm
                    FSR0L   0x000fe9       data     extern E:\3.431\pic18-lt\cxx-framework\src\extended\proc\p18lf14k50.asm
                     FSR1   0x000fe1       data     extern E:\3.431\pic18-lt\cxx-framework\src\extended\proc\p18lf14k50.asm
                    FSR1H   0x000fe2       data     extern E:\3.431\pic18-lt\cxx-framework\src\extended\proc\p18lf14k50.asm
                    FSR1L   0x000fe1       data     extern E:\3.431\pic18-lt\cxx-framework\src\extended\proc\p18lf14k50.asm
                     FSR2   0x000fd9       data     extern E:\3.431\pic18-lt\cxx-framework\src\extended\proc\p18lf14k50.asm
                    FSR2H   0x000fda       data     extern E:\3.431\pic18-lt\cxx-framework\src\extended\proc\p18lf14k50.asm
                    FSR2L   0x000fd9       data     extern E:\3.431\pic18-lt\cxx-framework\src\extended\proc\p18lf14k50.asm
                    INDF0   0x000fef       data     extern E:\3.431\pic18-lt\cxx-framework\src\extended\proc\p18lf14k50.asm
                    INDF1   0x000fe7       data     extern E:\3.431\pic18-lt\cxx-framework\src\extended\proc\p18lf14k50.asm
                    INDF2   0x000fdf       data     extern E:\3.431\pic18-lt\cxx-framework\src\extended\proc\p18lf14k50.asm
                   INTCON   0x000ff2       data     extern E:\3.431\pic18-lt\cxx-framework\src\extended\proc\p18lf14k50.asm
                  INTCON2   0x000ff1       data     extern E:\3.431\pic18-lt\cxx-framework\src\extended\proc\p18lf14k50.asm
              INTCON2bits   0x000ff1       data     extern E:\3.431\pic18-lt\cxx-framework\src\extended\proc\p18lf14k50.asm
                  INTCON3   0x000ff0       data     extern E:\3.431\pic18-lt\cxx-framework\src\extended\proc\p18lf14k50.asm
              INTCON3bits   0x000ff0       data     extern E:\3.431\pic18-lt\cxx-framework\src\extended\proc\p18lf14k50.asm
               INTCONbits   0x000ff2       data     extern E:\3.431\pic18-lt\cxx-framework\src\extended\proc\p18lf14k50.asm
                     IOCA   0x000f79       data     extern E:\3.431\pic18-lt\cxx-framework\src\extended\proc\p18lf14k50.asm
                 IOCAbits   0x000f79       data     extern E:\3.431\pic18-lt\cxx-framework\src\extended\proc\p18lf14k50.asm
                     IOCB   0x000f7a       data     extern E:\3.431\pic18-lt\cxx-framework\src\extended\proc\p18lf14k50.asm
                 IOCBbits   0x000f7a       data     extern E:\3.431\pic18-lt\cxx-framework\src\extended\proc\p18lf14k50.asm
                     IPR1   0x000f9f       data     extern E:\3.431\pic18-lt\cxx-framework\src\extended\proc\p18lf14k50.asm
                 IPR1bits   0x000f9f       data     extern E:\3.431\pic18-lt\cxx-framework\src\extended\proc\p18lf14k50.asm
                     IPR2   0x000fa2       data     extern E:\3.431\pic18-lt\cxx-framework\src\extended\proc\p18lf14k50.asm
                 IPR2bits   0x000fa2       data     extern E:\3.431\pic18-lt\cxx-framework\src\extended\proc\p18lf14k50.asm
                     LATA   0x000f89       data     extern E:\3.431\pic18-lt\cxx-framework\src\extended\proc\p18lf14k50.asm
                 LATAbits   0x000f89       data     extern E:\3.431\pic18-lt\cxx-framework\src\extended\proc\p18lf14k50.asm
                     LATB   0x000f8a       data     extern E:\3.431\pic18-lt\cxx-framework\src\extended\proc\p18lf14k50.asm
                 LATBbits   0x000f8a       data     extern E:\3.431\pic18-lt\cxx-framework\src\extended\proc\p18lf14k50.asm
                     LATC   0x000f8b       data     extern E:\3.431\pic18-lt\cxx-framework\src\extended\proc\p18lf14k50.asm
                 LATCbits   0x000f8b       data     extern E:\3.431\pic18-lt\cxx-framework\src\extended\proc\p18lf14k50.asm
             MachineState   0x0000ce       data     extern D:\Projeler2014\AT GUARD SIMPLE_rev01\Softwarev03\src\main.c
                   OSCCON   0x000fd3       data     extern E:\3.431\pic18-lt\cxx-framework\src\extended\proc\p18lf14k50.asm
                  OSCCON2   0x000fd2       data     extern E:\3.431\pic18-lt\cxx-framework\src\extended\proc\p18lf14k50.asm
              OSCCON2bits   0x000fd2       data     extern E:\3.431\pic18-lt\cxx-framework\src\extended\proc\p18lf14k50.asm
               OSCCONbits   0x000fd3       data     extern E:\3.431\pic18-lt\cxx-framework\src\extended\proc\p18lf14k50.asm
                  OSCTUNE   0x000f9b       data     extern E:\3.431\pic18-lt\cxx-framework\src\extended\proc\p18lf14k50.asm
              OSCTUNEbits   0x000f9b       data     extern E:\3.431\pic18-lt\cxx-framework\src\extended\proc\p18lf14k50.asm
                       PC   0x000ff9       data     extern E:\3.431\pic18-lt\cxx-framework\src\extended\proc\p18lf14k50.asm
                      PCL   0x000ff9       data     extern E:\3.431\pic18-lt\cxx-framework\src\extended\proc\p18lf14k50.asm
                   PCLATH   0x000ffa       data     extern E:\3.431\pic18-lt\cxx-framework\src\extended\proc\p18lf14k50.asm
                   PCLATU   0x000ffb       data     extern E:\3.431\pic18-lt\cxx-framework\src\extended\proc\p18lf14k50.asm
                     PIE1   0x000f9d       data     extern E:\3.431\pic18-lt\cxx-framework\src\extended\proc\p18lf14k50.asm
                 PIE1bits   0x000f9d       data     extern E:\3.431\pic18-lt\cxx-framework\src\extended\proc\p18lf14k50.asm
                     PIE2   0x000fa0       data     extern E:\3.431\pic18-lt\cxx-framework\src\extended\proc\p18lf14k50.asm
                 PIE2bits   0x000fa0       data     extern E:\3.431\pic18-lt\cxx-framework\src\extended\proc\p18lf14k50.asm
                     PIR1   0x000f9e       data     extern E:\3.431\pic18-lt\cxx-framework\src\extended\proc\p18lf14k50.asm
                 PIR1bits   0x000f9e       data     extern E:\3.431\pic18-lt\cxx-framework\src\extended\proc\p18lf14k50.asm
                     PIR2   0x000fa1       data     extern E:\3.431\pic18-lt\cxx-framework\src\extended\proc\p18lf14k50.asm
                 PIR2bits   0x000fa1       data     extern E:\3.431\pic18-lt\cxx-framework\src\extended\proc\p18lf14k50.asm
                   PLUSW0   0x000feb       data     extern E:\3.431\pic18-lt\cxx-framework\src\extended\proc\p18lf14k50.asm
                   PLUSW1   0x000fe3       data     extern E:\3.431\pic18-lt\cxx-framework\src\extended\proc\p18lf14k50.asm
                   PLUSW2   0x000fdb       data     extern E:\3.431\pic18-lt\cxx-framework\src\extended\proc\p18lf14k50.asm
                    PORTA   0x000f80       data     extern E:\3.431\pic18-lt\cxx-framework\src\extended\proc\p18lf14k50.asm
                PORTAbits   0x000f80       data     extern E:\3.431\pic18-lt\cxx-framework\src\extended\proc\p18lf14k50.asm
                    PORTB   0x000f81       data     extern E:\3.431\pic18-lt\cxx-framework\src\extended\proc\p18lf14k50.asm
                PORTBbits   0x000f81       data     extern E:\3.431\pic18-lt\cxx-framework\src\extended\proc\p18lf14k50.asm
                    PORTC   0x000f82       data     extern E:\3.431\pic18-lt\cxx-framework\src\extended\proc\p18lf14k50.asm
                PORTCbits   0x000f82       data     extern E:\3.431\pic18-lt\cxx-framework\src\extended\proc\p18lf14k50.asm
                 POSTDEC0   0x000fed       data     extern E:\3.431\pic18-lt\cxx-framework\src\extended\proc\p18lf14k50.asm
                 POSTDEC1   0x000fe5       data     extern E:\3.431\pic18-lt\cxx-framework\src\extended\proc\p18lf14k50.asm
                 POSTDEC2   0x000fdd       data     extern E:\3.431\pic18-lt\cxx-framework\src\extended\proc\p18lf14k50.asm
                 POSTINC0   0x000fee       data     extern E:\3.431\pic18-lt\cxx-framework\src\extended\proc\p18lf14k50.asm
                 POSTINC1   0x000fe6       data     extern E:\3.431\pic18-lt\cxx-framework\src\extended\proc\p18lf14k50.asm
                 POSTINC2   0x000fde       data     extern E:\3.431\pic18-lt\cxx-framework\src\extended\proc\p18lf14k50.asm
                      PR2   0x000fcb       data     extern E:\3.431\pic18-lt\cxx-framework\src\extended\proc\p18lf14k50.asm
                  PREINC0   0x000fec       data     extern E:\3.431\pic18-lt\cxx-framework\src\extended\proc\p18lf14k50.asm
                  PREINC1   0x000fe4       data     extern E:\3.431\pic18-lt\cxx-framework\src\extended\proc\p18lf14k50.asm
                  PREINC2   0x000fdc       data     extern E:\3.431\pic18-lt\cxx-framework\src\extended\proc\p18lf14k50.asm
                     PROD   0x000ff3       data     extern E:\3.431\pic18-lt\cxx-framework\src\extended\proc\p18lf14k50.asm
                    PRODH   0x000ff4       data     extern E:\3.431\pic18-lt\cxx-framework\src\extended\proc\p18lf14k50.asm
                    PRODL   0x000ff3       data     extern E:\3.431\pic18-lt\cxx-framework\src\extended\proc\p18lf14k50.asm
                  PSTRCON   0x000fb9       data     extern E:\3.431\pic18-lt\cxx-framework\src\extended\proc\p18lf14k50.asm
              PSTRCONbits   0x000fb9       data     extern E:\3.431\pic18-lt\cxx-framework\src\extended\proc\p18lf14k50.asm
                  PWM1CON   0x000fb7       data     extern E:\3.431\pic18-lt\cxx-framework\src\extended\proc\p18lf14k50.asm
              PWM1CONbits   0x000fb7       data     extern E:\3.431\pic18-lt\cxx-framework\src\extended\proc\p18lf14k50.asm
                     RCON   0x000fd0       data     extern E:\3.431\pic18-lt\cxx-framework\src\extended\proc\p18lf14k50.asm
                 RCONbits   0x000fd0       data     extern E:\3.431\pic18-lt\cxx-framework\src\extended\proc\p18lf14k50.asm
                    RCREG   0x000fae       data     extern E:\3.431\pic18-lt\cxx-framework\src\extended\proc\p18lf14k50.asm
                    RCSTA   0x000fab       data     extern E:\3.431\pic18-lt\cxx-framework\src\extended\proc\p18lf14k50.asm
                RCSTAbits   0x000fab       data     extern E:\3.431\pic18-lt\cxx-framework\src\extended\proc\p18lf14k50.asm
                  REFCON0   0x000fba       data     extern E:\3.431\pic18-lt\cxx-framework\src\extended\proc\p18lf14k50.asm
              REFCON0bits   0x000fba       data     extern E:\3.431\pic18-lt\cxx-framework\src\extended\proc\p18lf14k50.asm
                  REFCON1   0x000fbb       data     extern E:\3.431\pic18-lt\cxx-framework\src\extended\proc\p18lf14k50.asm
              REFCON1bits   0x000fbb       data     extern E:\3.431\pic18-lt\cxx-framework\src\extended\proc\p18lf14k50.asm
                  REFCON2   0x000fbc       data     extern E:\3.431\pic18-lt\cxx-framework\src\extended\proc\p18lf14k50.asm
              REFCON2bits   0x000fbc       data     extern E:\3.431\pic18-lt\cxx-framework\src\extended\proc\p18lf14k50.asm
       ReceivedDataBuffer   0x000260       data     extern D:\Projeler2014\AT GUARD SIMPLE_rev01\Softwarev03\src\main.c
             RemoteWakeup   0x0000ef       data     extern D:\Projeler2014\AT GUARD SIMPLE_rev01\Microchip\USB\usb_device.c
                   SLRCON   0x000f76       data     extern E:\3.431\pic18-lt\cxx-framework\src\extended\proc\p18lf14k50.asm
               SLRCONbits   0x000f76       data     extern E:\3.431\pic18-lt\cxx-framework\src\extended\proc\p18lf14k50.asm
                    SPBRG   0x000faf       data     extern E:\3.431\pic18-lt\cxx-framework\src\extended\proc\p18lf14k50.asm
                   SPBRGH   0x000fb0       data     extern E:\3.431\pic18-lt\cxx-framework\src\extended\proc\p18lf14k50.asm
                   SRCON0   0x000f68       data     extern E:\3.431\pic18-lt\cxx-framework\src\extended\proc\p18lf14k50.asm
               SRCON0bits   0x000f68       data     extern E:\3.431\pic18-lt\cxx-framework\src\extended\proc\p18lf14k50.asm
                   SRCON1   0x000f69       data     extern E:\3.431\pic18-lt\cxx-framework\src\extended\proc\p18lf14k50.asm
               SRCON1bits   0x000f69       data     extern E:\3.431\pic18-lt\cxx-framework\src\extended\proc\p18lf14k50.asm
                   SSPADD   0x000fc8       data     extern E:\3.431\pic18-lt\cxx-framework\src\extended\proc\p18lf14k50.asm
                   SSPBUF   0x000fc9       data     extern E:\3.431\pic18-lt\cxx-framework\src\extended\proc\p18lf14k50.asm
                  SSPCON1   0x000fc6       data     extern E:\3.431\pic18-lt\cxx-framework\src\extended\proc\p18lf14k50.asm
              SSPCON1bits   0x000fc6       data     extern E:\3.431\pic18-lt\cxx-framework\src\extended\proc\p18lf14k50.asm
                  SSPCON2   0x000fc5       data     extern E:\3.431\pic18-lt\cxx-framework\src\extended\proc\p18lf14k50.asm
              SSPCON2bits   0x000fc5       data     extern E:\3.431\pic18-lt\cxx-framework\src\extended\proc\p18lf14k50.asm
                   SSPMSK   0x000f6f       data     extern E:\3.431\pic18-lt\cxx-framework\src\extended\proc\p18lf14k50.asm
               SSPMSKbits   0x000f6f       data     extern E:\3.431\pic18-lt\cxx-framework\src\extended\proc\p18lf14k50.asm
                  SSPSTAT   0x000fc7       data     extern E:\3.431\pic18-lt\cxx-framework\src\extended\proc\p18lf14k50.asm
              SSPSTATbits   0x000fc7       data     extern E:\3.431\pic18-lt\cxx-framework\src\extended\proc\p18lf14k50.asm
                   STATUS   0x000fd8       data     extern E:\3.431\pic18-lt\cxx-framework\src\extended\proc\p18lf14k50.asm
               STATUSbits   0x000fd8       data     extern E:\3.431\pic18-lt\cxx-framework\src\extended\proc\p18lf14k50.asm
[...]
                 DDRAbits   0x000f92       data     extern E:\3.431\pic18-lt\cxx-framework\src\extended\proc\p18lf14k50.asm
                     DDRA   0x000f92       data     extern E:\3.431\pic18-lt\cxx-framework\src\extended\proc\p18lf14k50.asm
                    TRISA   0x000f92       data     extern E:\3.431\pic18-lt\cxx-framework\src\extended\proc\p18lf14k50.asm
                TRISAbits   0x000f92       data     extern E:\3.431\pic18-lt\cxx-framework\src\extended\proc\p18lf14k50.asm
                 DDRBbits   0x000f93       data     extern E:\3.431\pic18-lt\cxx-framework\src\extended\proc\p18lf14k50.asm
                    TRISB   0x000f93       data     extern E:\3.431\pic18-lt\cxx-framework\src\extended\proc\p18lf14k50.asm
                TRISBbits   0x000f93       data     extern E:\3.431\pic18-lt\cxx-framework\src\extended\proc\p18lf14k50.asm
                     DDRB   0x000f93       data     extern E:\3.431\pic18-lt\cxx-framework\src\extended\proc\p18lf14k50.asm
                     DDRC   0x000f94       data     extern E:\3.431\pic18-lt\cxx-framework\src\extended\proc\p18lf14k50.asm
                 DDRCbits   0x000f94       data     extern E:\3.431\pic18-lt\cxx-framework\src\extended\proc\p18lf14k50.asm
                    TRISC   0x000f94       data     extern E:\3.431\pic18-lt\cxx-framework\src\extended\proc\p18lf14k50.asm
                TRISCbits   0x000f94       data     extern E:\3.431\pic18-lt\cxx-framework\src\extended\proc\p18lf14k50.asm
              OSCTUNEbits   0x000f9b       data     extern E:\3.431\pic18-lt\cxx-framework\src\extended\proc\p18lf14k50.asm
                  OSCTUNE   0x000f9b       data     extern E:\3.431\pic18-lt\cxx-framework\src\extended\proc\p18lf14k50.asm
                     PIE1   0x000f9d       data     extern E:\3.431\pic18-lt\cxx-framework\src\extended\proc\p18lf14k50.asm
                 PIE1bits   0x000f9d       data     extern E:\3.431\pic18-lt\cxx-framework\src\extended\proc\p18lf14k50.asm
                 PIR1bits   0x000f9e       data     extern E:\3.431\pic18-lt\cxx-framework\src\extended\proc\p18lf14k50.asm
                     PIR1   0x000f9e       data     extern E:\3.431\pic18-lt\cxx-framework\src\extended\proc\p18lf14k50.asm
                     IPR1   0x000f9f       data     extern E:\3.431\pic18-lt\cxx-framework\src\extended\proc\p18lf14k50.asm
                 IPR1bits   0x000f9f       data     extern E:\3.431\pic18-lt\cxx-framework\src\extended\proc\p18lf14k50.asm
                     PIE2   0x000fa0       data     extern E:\3.431\pic18-lt\cxx-framework\src\extended\proc\p18lf14k50.asm
                 PIE2bits   0x000fa0       data     extern E:\3.431\pic18-lt\cxx-framework\src\extended\proc\p18lf14k50.asm
                     PIR2   0x000fa1       data     extern E:\3.431\pic18-lt\cxx-framework\src\extended\proc\p18lf14k50.asm
                 PIR2bits   0x000fa1       data     extern E:\3.431\pic18-lt\cxx-framework\src\extended\proc\p18lf14k50.asm
                     IPR2   0x000fa2       data     extern E:\3.431\pic18-lt\cxx-framework\src\extended\proc\p18lf14k50.asm
                 IPR2bits   0x000fa2       data     extern E:\3.431\pic18-lt\cxx-framework\src\extended\proc\p18lf14k50.asm
                   EECON1   0x000fa6       data     extern E:\3.431\pic18-lt\cxx-framework\src\extended\proc\p18lf14k50.asm
               EECON1bits   0x000fa6       data     extern E:\3.431\pic18-lt\cxx-framework\src\extended\proc\p18lf14k50.asm
                   EECON2   0x000fa7       data     extern E:\3.431\pic18-lt\cxx-framework\src\extended\proc\p18lf14k50.asm
                   EEDATA   0x000fa8       data     extern E:\3.431\pic18-lt\cxx-framework\src\extended\proc\p18lf14k50.asm
                    EEADR   0x000fa9       data     extern E:\3.431\pic18-lt\cxx-framework\src\extended\proc\p18lf14k50.asm
                EEADRbits   0x000fa9       data     extern E:\3.431\pic18-lt\cxx-framework\src\extended\proc\p18lf14k50.asm
                    RCSTA   0x000fab       data     extern E:\3.431\pic18-lt\cxx-framework\src\extended\proc\p18lf14k50.asm
                RCSTAbits   0x000fab       data     extern E:\3.431\pic18-lt\cxx-framework\src\extended\proc\p18lf14k50.asm
                    TXSTA   0x000fac       data     extern E:\3.431\pic18-lt\cxx-framework\src\extended\proc\p18lf14k50.asm
                TXSTAbits   0x000fac       data     extern E:\3.431\pic18-lt\cxx-framework\src\extended\proc\p18lf14k50.asm
                    TXREG   0x000fad       data     extern E:\3.431\pic18-lt\cxx-framework\src\extended\proc\p18lf14k50.asm
                    RCREG   0x000fae       data     extern E:\3.431\pic18-lt\cxx-framework\src\extended\proc\p18lf14k50.asm
                    SPBRG   0x000faf       data     extern E:\3.431\pic18-lt\cxx-framework\src\extended\proc\p18lf14k50.asm
                   SPBRGH   0x000fb0       data     extern E:\3.431\pic18-lt\cxx-framework\src\extended\proc\p18lf14k50.asm
                    T3CON   0x000fb1       data     extern E:\3.431\pic18-lt\cxx-framework\src\extended\proc\p18lf14k50.asm
                T3CONbits   0x000fb1       data     extern E:\3.431\pic18-lt\cxx-framework\src\extended\proc\p18lf14k50.asm
                    TMR3L   0x000fb2       data     extern E:\3.431\pic18-lt\cxx-framework\src\extended\proc\p18lf14k50.asm
                    TMR3H   0x000fb3       data     extern E:\3.431\pic18-lt\cxx-framework\src\extended\proc\p18lf14k50.asm
              ECCP1ASbits   0x000fb6       data     extern E:\3.431\pic18-lt\cxx-framework\src\extended\proc\p18lf14k50.asm
                  ECCP1AS   0x000fb6       data     extern E:\3.431\pic18-lt\cxx-framework\src\extended\proc\p18lf14k50.asm
              PWM1CONbits   0x000fb7       data     extern E:\3.431\pic18-lt\cxx-framework\src\extended\proc\p18lf14k50.asm
                  PWM1CON   0x000fb7       data     extern E:\3.431\pic18-lt\cxx-framework\src\extended\proc\p18lf14k50.asm
                  BAUDCON   0x000fb8       data     extern E:\3.431\pic18-lt\cxx-framework\src\extended\proc\p18lf14k50.asm
              BAUDCONbits   0x000fb8       data     extern E:\3.431\pic18-lt\cxx-framework\src\extended\proc\p18lf14k50.asm
                  BAUDCTL   0x000fb8       data     extern E:\3.431\pic18-lt\cxx-framework\src\extended\proc\p18lf14k50.asm
              BAUDCTLbits   0x000fb8       data     extern E:\3.431\pic18-lt\cxx-framework\src\extended\proc\p18lf14k50.asm
              PSTRCONbits   0x000fb9       data     extern E:\3.431\pic18-lt\cxx-framework\src\extended\proc\p18lf14k50.asm
                  PSTRCON   0x000fb9       data     extern E:\3.431\pic18-lt\cxx-framework\src\extended\proc\p18lf14k50.asm
             VREFCON0bits   0x000fba       data     extern E:\3.431\pic18-lt\cxx-framework\src\extended\proc\p18lf14k50.asm
                 VREFCON0   0x000fba       data     extern E:\3.431\pic18-lt\cxx-framework\src\extended\proc\p18lf14k50.asm
                  REFCON0   0x000fba       data     extern E:\3.431\pic18-lt\cxx-framework\src\extended\proc\p18lf14k50.asm
              REFCON0bits   0x000fba       data     extern E:\3.431\pic18-lt\cxx-framework\src\extended\proc\p18lf14k50.asm
                  REFCON1   0x000fbb       data     extern E:\3.431\pic18-lt\cxx-framework\src\extended\proc\p18lf14k50.asm
              REFCON1bits   0x000fbb       data     extern E:\3.431\pic18-lt\cxx-framework\src\extended\proc\p18lf14k50.asm
             VREFCON1bits   0x000fbb       data     extern E:\3.431\pic18-lt\cxx-framework\src\extended\proc\p18lf14k50.asm
                 VREFCON1   0x000fbb       data     extern E:\3.431\pic18-lt\cxx-framework\src\extended\proc\p18lf14k50.asm
                  REFCON2   0x000fbc       data     extern E:\3.431\pic18-lt\cxx-framework\src\extended\proc\p18lf14k50.asm
              REFCON2bits   0x000fbc       data     extern E:\3.431\pic18-lt\cxx-framework\src\extended\proc\p18lf14k50.asm
             VREFCON2bits   0x000fbc       data     extern E:\3.431\pic18-lt\cxx-framework\src\extended\proc\p18lf14k50.asm
                 VREFCON2   0x000fbc       data     extern E:\3.431\pic18-lt\cxx-framework\src\extended\proc\p18lf14k50.asm
                  CCP1CON   0x000fbd       data     extern E:\3.431\pic18-lt\cxx-framework\src\extended\proc\p18lf14k50.asm
              CCP1CONbits   0x000fbd       data     extern E:\3.431\pic18-lt\cxx-framework\src\extended\proc\p18lf14k50.asm
                   CCPR1L   0x000fbe       data     extern E:\3.431\pic18-lt\cxx-framework\src\extended\proc\p18lf14k50.asm
                    CCPR1   0x000fbe       data     extern E:\3.431\pic18-lt\cxx-framework\src\extended\proc\p18lf14k50.asm
                   CCPR1H   0x000fbf       data     extern E:\3.431\pic18-lt\cxx-framework\src\extended\proc\p18lf14k50.asm
               ADCON2bits   0x000fc0       data     extern E:\3.431\pic18-lt\cxx-framework\src\extended\proc\p18lf14k50.asm
                   ADCON2   0x000fc0       data     extern E:\3.431\pic18-lt\cxx-framework\src\extended\proc\p18lf14k50.asm
                   ADCON1   0x000fc1       data     extern E:\3.431\pic18-lt\cxx-framework\src\extended\proc\p18lf14k50.asm
               ADCON1bits   0x000fc1       data     extern E:\3.431\pic18-lt\cxx-framework\src\extended\proc\p18lf14k50.asm
                   ADCON0   0x000fc2       data     extern E:\3.431\pic18-lt\cxx-framework\src\extended\proc\p18lf14k50.asm
               ADCON0bits   0x000fc2       data     extern E:\3.431\pic18-lt\cxx-framework\src\extended\proc\p18lf14k50.asm
                    ADRES   0x000fc3       data     extern E:\3.431\pic18-lt\cxx-framework\src\extended\proc\p18lf14k50.asm
                   ADRESL   0x000fc3       data     extern E:\3.431\pic18-lt\cxx-framework\src\extended\proc\p18lf14k50.asm
                   ADRESH   0x000fc4       data     extern E:\3.431\pic18-lt\cxx-framework\src\extended\proc\p18lf14k50.asm
                  SSPCON2   0x000fc5       data     extern E:\3.431\pic18-lt\cxx-framework\src\extended\proc\p18lf14k50.asm
              SSPCON2bits   0x000fc5       data     extern E:\3.431\pic18-lt\cxx-framework\src\extended\proc\p18lf14k50.asm
                  SSPCON1   0x000fc6       data     extern E:\3.431\pic18-lt\cxx-framework\src\extended\proc\p18lf14k50.asm
              SSPCON1bits   0x000fc6       data     extern E:\3.431\pic18-lt\cxx-framework\src\extended\proc\p18lf14k50.asm
                  SSPSTAT   0x000fc7       data     extern E:\3.431\pic18-lt\cxx-framework\src\extended\proc\p18lf14k50.asm
              SSPSTATbits   0x000fc7       data     extern E:\3.431\pic18-lt\cxx-framework\src\extended\proc\p18lf14k50.asm
                   SSPADD   0x000fc8       data     extern E:\3.431\pic18-lt\cxx-framework\src\extended\proc\p18lf14k50.asm
                   SSPBUF   0x000fc9       data     extern E:\3.431\pic18-lt\cxx-framework\src\extended\proc\p18lf14k50.asm
                T2CONbits   0x000fca       data     extern E:\3.431\pic18-lt\cxx-framework\src\extended\proc\p18lf14k50.asm
                    T2CON   0x000fca       data     extern E:\3.431\pic18-lt\cxx-framework\src\extended\proc\p18lf14k50.asm
                      PR2   0x000fcb       data     extern E:\3.431\pic18-lt\cxx-framework\src\extended\proc\p18lf14k50.asm
                     TMR2   0x000fcc       data     extern E:\3.431\pic18-lt\cxx-framework\src\extended\proc\p18lf14k50.asm
                    T1CON   0x000fcd       data     extern E:\3.431\pic18-lt\cxx-framework\src\extended\proc\p18lf14k50.asm
                T1CONbits   0x000fcd       data     extern E:\3.431\pic18-lt\cxx-framework\src\extended\proc\p18lf14k50.asm
                    TMR1L   0x000fce       data     extern E:\3.431\pic18-lt\cxx-framework\src\extended\proc\p18lf14k50.asm
                    TMR1H   0x000fcf       data     extern E:\3.431\pic18-lt\cxx-framework\src\extended\proc\p18lf14k50.asm
                     RCON   0x000fd0       data     extern E:\3.431\pic18-lt\cxx-framework\src\extended\proc\p18lf14k50.asm
                 RCONbits   0x000fd0       data     extern E:\3.431\pic18-lt\cxx-framework\src\extended\proc\p18lf14k50.asm
               WDTCONbits   0x000fd1       data     extern E:\3.431\pic18-lt\cxx-framework\src\extended\proc\p18lf14k50.asm
                   WDTCON   0x000fd1       data     extern E:\3.431\pic18-lt\cxx-framework\src\extended\proc\p18lf14k50.asm
                  OSCCON2   0x000fd2       data     extern E:\3.431\pic18-lt\cxx-framework\src\extended\proc\p18lf14k50.asm
              OSCCON2bits   0x000fd2       data     extern E:\3.431\pic18-lt\cxx-framework\src\extended\proc\p18lf14k50.asm
                   OSCCON   0x000fd3       data     extern E:\3.431\pic18-lt\cxx-framework\src\extended\proc\p18lf14k50.asm
               OSCCONbits   0x000fd3       data     extern E:\3.431\pic18-lt\cxx-framework\src\extended\proc\p18lf14k50.asm
                T0CONbits   0x000fd5       data     extern E:\3.431\pic18-lt\cxx-framework\src\extended\proc\p18lf14k50.asm
                    T0CON   0x000fd5       data     extern E:\3.431\pic18-lt\cxx-framework\src\extended\proc\p18lf14k50.asm
                    TMR0L   0x000fd6       data     extern E:\3.431\pic18-lt\cxx-framework\src\extended\proc\p18lf14k50.asm
                    TMR0H   0x000fd7       data     extern E:\3.431\pic18-lt\cxx-framework\src\extended\proc\p18lf14k50.asm
                   STATUS   0x000fd8       data     extern E:\3.431\pic18-lt\cxx-framework\src\extended\proc\p18lf14k50.asm
               STATUSbits   0x000fd8       data     extern E:\3.431\pic18-lt\cxx-framework\src\extended\proc\p18lf14k50.asm
                    FSR2L   0x000fd9       data     extern E:\3.431\pic18-lt\cxx-framework\src\extended\proc\p18lf14k50.asm
                     FSR2   0x000fd9       data     extern E:\3.431\pic18-lt\cxx-framework\src\extended\proc\p18lf14k50.asm
                    FSR2H   0x000fda       data     extern E:\3.431\pic18-lt\cxx-framework\src\extended\proc\p18lf14k50.asm
                   PLUSW2   0x000fdb       data     extern E:\3.431\pic18-lt\cxx-framework\src\extended\proc\p18lf14k50.asm
                  PREINC2   0x000fdc       data     extern E:\3.431\pic18-lt\cxx-framework\src\extended\proc\p18lf14k50.asm
                 POSTDEC2   0x000fdd       data     extern E:\3.431\pic18-lt\cxx-framework\src\extended\proc\p18lf14k50.asm
                 POSTINC2   0x000fde       data     extern E:\3.431\pic18-lt\cxx-framework\src\extended\proc\p18lf14k50.asm
                    INDF2   0x000fdf       data     extern E:\3.431\pic18-lt\cxx-framework\src\extended\proc\p18lf14k50.asm
                      BSR   0x000fe0       data     extern E:\3.431\pic18-lt\cxx-framework\src\extended\proc\p18lf14k50.asm
                     FSR1   0x000fe1       data     extern E:\3.431\pic18-lt\cxx-framework\src\extended\proc\p18lf14k50.asm
                    FSR1L   0x000fe1       data     extern E:\3.431\pic18-lt\cxx-framework\src\extended\proc\p18lf14k50.asm
                    FSR1H   0x000fe2       data     extern E:\3.431\pic18-lt\cxx-framework\src\extended\proc\p18lf14k50.asm
                   PLUSW1   0x000fe3       data     extern E:\3.431\pic18-lt\cxx-framework\src\extended\proc\p18lf14k50.asm
                  PREINC1   0x000fe4       data     extern E:\3.431\pic18-lt\cxx-framework\src\extended\proc\p18lf14k50.asm
                 POSTDEC1   0x000fe5       data     extern E:\3.431\pic18-lt\cxx-framework\src\extended\proc\p18lf14k50.asm
                 POSTINC1   0x000fe6       data     extern E:\3.431\pic18-lt\cxx-framework\src\extended\proc\p18lf14k50.asm
                    INDF1   0x000fe7       data     extern E:\3.431\pic18-lt\cxx-framework\src\extended\proc\p18lf14k50.asm
                     WREG   0x000fe8       data     extern E:\3.431\pic18-lt\cxx-framework\src\extended\proc\p18lf14k50.asm
                        W   0x000fe8       data     extern E:\3.431\pic18-lt\cxx-framework\src\extended\proc\p18lf14k50.asm
                    FSR0L   0x000fe9       data     extern E:\3.431\pic18-lt\cxx-framework\src\extended\proc\p18lf14k50.asm
                     FSR0   0x000fe9       data     extern E:\3.431\pic18-lt\cxx-framework\src\extended\proc\p18lf14k50.asm
                    FSR0H   0x000fea       data     extern E:\3.431\pic18-lt\cxx-framework\src\extended\proc\p18lf14k50.asm
                   PLUSW0   0x000feb       data     extern E:\3.431\pic18-lt\cxx-framework\src\extended\proc\p18lf14k50.asm
                  PREINC0   0x000fec       data     extern E:\3.431\pic18-lt\cxx-framework\src\extended\proc\p18lf14k50.asm
                 POSTDEC0   0x000fed       data     extern E:\3.431\pic18-lt\cxx-framework\src\extended\proc\p18lf14k50.asm
                 POSTINC0   0x000fee       data     extern E:\3.431\pic18-lt\cxx-framework\src\extended\proc\p18lf14k50.asm
                    INDF0   0x000fef       data     extern E:\3.431\pic18-lt\cxx-framework\src\extended\proc\p18lf14k50.asm
              INTCON3bits   0x000ff0       data     extern E:\3.431\pic18-lt\cxx-framework\src\extended\proc\p18lf14k50.asm
                  INTCON3   0x000ff0       data     extern E:\3.431\pic18-lt\cxx-framework\src\extended\proc\p18lf14k50.asm
              INTCON2bits   0x000ff1       data     extern E:\3.431\pic18-lt\cxx-framework\src\extended\proc\p18lf14k50.asm
                  INTCON2   0x000ff1       data     extern E:\3.431\pic18-lt\cxx-framework\src\extended\proc\p18lf14k50.asm
               INTCONbits   0x000ff2       data     extern E:\3.431\pic18-lt\cxx-framework\src\extended\proc\p18lf14k50.asm
                   INTCON   0x000ff2       data     extern E:\3.431\pic18-lt\cxx-framework\src\extended\proc\p18lf14k50.asm
                    PRODL   0x000ff3       data     extern E:\3.431\pic18-lt\cxx-framework\src\extended\proc\p18lf14k50.asm
                     PROD   0x000ff3       data     extern E:\3.431\pic18-lt\cxx-framework\src\extended\proc\p18lf14k50.asm
                    PRODH   0x000ff4       data     extern E:\3.431\pic18-lt\cxx-framework\src\extended\proc\p18lf14k50.asm
                   TABLAT   0x000ff5       data     extern E:\3.431\pic18-lt\cxx-framework\src\extended\proc\p18lf14k50.asm
                   TBLPTR   0x000ff6       data     extern E:\3.431\pic18-lt\cxx-framework\src\extended\proc\p18lf14k50.asm
                  TBLPTRL   0x000ff6       data     extern E:\3.431\pic18-lt\cxx-framework\src\extended\proc\p18lf14k50.asm
                  TBLPTRH   0x000ff7       data     extern E:\3.431\pic18-lt\cxx-framework\src\extended\proc\p18lf14k50.asm
                  TBLPTRU   0x000ff8       data     extern E:\3.431\pic18-lt\cxx-framework\src\extended\proc\p18lf14k50.asm
                      PCL   0x000ff9       data     extern E:\3.431\pic18-lt\cxx-framework\src\extended\proc\p18lf14k50.asm
                       PC   0x000ff9       data     extern E:\3.431\pic18-lt\cxx-framework\src\extended\proc\p18lf14k50.asm
                   PCLATH   0x000ffa       data     extern E:\3.431\pic18-lt\cxx-framework\src\extended\proc\p18lf14k50.asm
                   PCLATU   0x000ffb       data     extern E:\3.431\pic18-lt\cxx-framework\src\extended\proc\p18lf14k50.asm
               STKPTRbits   0x000ffc       data     extern E:\3.431\pic18-lt\cxx-framework\src\extended\proc\p18lf14k50.asm
                   STKPTR   0x000ffc       data     extern E:\3.431\pic18-lt\cxx-framework\src\extended\proc\p18lf14k50.asm
                      TOS   0x000ffd       data     extern E:\3.431\pic18-lt\cxx-framework\src\extended\proc\p18lf14k50.asm
                     TOSL   0x000ffd       data     extern E:\3.431\pic18-lt\cxx-framework\src\extended\proc\p18lf14k50.asm
                     TOSH   0x000ffe       data     extern E:\3.431\pic18-lt\cxx-framework\src\extended\proc\p18lf14k50.asm
                     TOSU   0x000fff       data     extern E:\3.431\pic18-lt\cxx-framework\src\extended\proc\p18lf14k50.asm


