MPLINK 4.44, Linker
Linker Map File - Created Mon Dec 29 17:46:02 2014

                                 Section Info
                  Section       Type    Address   Location Size(Bytes)
                ---------  ---------  ---------  ---------  ---------
               _entry_scn       code   0x000000    program   0x000006
           .code___init.o       code   0x000006    program   0x000002
              high_vector       code   0x000008    program   0x000006
          .idata_main.o_i    romdata   0x00000e    program   0x000007
               low_vector       code   0x000018    program   0x000006
                   .cinit    romdata   0x00001e    program   0x00001a
       .code_usb_device.o       code   0x000038    program   0x000c86
   .code_eeprom24LC1025.o       code   0x000cbe    program   0x0001fa
 .code_usb_function_hid.o       code   0x000eb8    program   0x0000c2
         .code_pw1setoc.o       code   0x000f7a    program   0x000072
         .code_i2c_idle.o       code   0x000fec    program   0x00000e
         .code_pw1close.o       code   0x000ffa    program   0x000004
        serial_no_section    romdata   0x001000    program   0x000002
             .code_main.o       code   0x001002    program   0x001f26
         .code_RF125KHz.o       code   0x002f28    program   0x000604
             .code_rtcc.o       code   0x00352c    program   0x000360
                     PROG       code   0x00388c    program   0x0001cc
.romdata_usb_descriptors.o    romdata   0x003a58    program   0x0000b3
.romdata_eeprom24LC1025.o    romdata   0x003b0b    program   0x000000
    .romdata_usb_device.o    romdata   0x003b0b    program   0x000000
      .idata_i2c_read.o_i    romdata   0x003b0b    program   0x000000
      .romdata_RF125KHz.o    romdata   0x003b0b    program   0x000000
    .idata_usb_device.o_i    romdata   0x003b0b    program   0x000000
          .idata_rtcc.o_i    romdata   0x003b0b    program   0x000000
          .romdata_rtcc.o    romdata   0x003b0b    program   0x000000
        .romdata_t2open.o    romdata   0x003b0b    program   0x000000
      .idata_pw1close.o_i    romdata   0x003b0b    program   0x000000
      .romdata_pw1close.o    romdata   0x003b0b    program   0x000000
        .idata_t2open.o_i    romdata   0x003b0b    program   0x000000
       .romdata_pw1open.o    romdata   0x003b0b    program   0x000000
       .idata_pw1open.o_i    romdata   0x003b0b    program   0x000000
      .romdata_i2c_idle.o    romdata   0x003b0b    program   0x000000
      .idata_i2c_idle.o_i    romdata   0x003b0b    program   0x000000
       .idata_c018i_e.o_i    romdata   0x003b0b    program   0x000000
          .romdata_main.o    romdata   0x003b0b    program   0x000000
.idata_usb_descriptors.o_i    romdata   0x003b0b    program   0x000000
.romdata_usb_function_hid.o    romdata   0x003b0b    program   0x000000
.idata_usb_function_hid.o_i    romdata   0x003b0b    program   0x000000
       .romdata_c018i_e.o    romdata   0x003b0b    program   0x000000
        .romdata___init.o    romdata   0x003b0b    program   0x000000
        .idata___init.o_i    romdata   0x003b0b    program   0x000000
      .romdata_i2c_writ.o    romdata   0x003b0b    program   0x000000
      .idata_i2c_writ.o_i    romdata   0x003b0b    program   0x000000
      .romdata_pw1setoc.o    romdata   0x003b0b    program   0x000000
      .idata_pw1setoc.o_i    romdata   0x003b0b    program   0x000000
      .romdata_pw1setdc.o    romdata   0x003b0b    program   0x000000
      .idata_pw1setdc.o_i    romdata   0x003b0b    program   0x000000
      .romdata_i2c_read.o    romdata   0x003b0b    program   0x000000
.idata_eeprom24LC1025.o_i    romdata   0x003b0b    program   0x000000
          .code_c018i_e.o       code   0x003b0c    program   0x000000
  .code_usb_descriptors.o       code   0x003b0c    program   0x000000
               _cinit_scn       code   0x003b0c    program   0x00009e
         .code_i2c_writ.o       code   0x003baa    program   0x000072
         .code_pw1setdc.o       code   0x003c1c    program   0x00004c
          .code_pw1open.o       code   0x003c68    program   0x000048
             D10KTCYXCODE       code   0x003cb0    program   0x000036
                   STRING       code   0x003ce6    program   0x000034
           .code_t2open.o       code   0x003d1a    program   0x000034
              D1KTCYXCODE       code   0x003d4e    program   0x000020
             D100TCYXCODE       code   0x003d6e    program   0x000020
                    .code       code   0x003d8e    program   0x000020
             _startup_scn       code   0x003dae    program   0x00001a
         .code_i2c_read.o       code   0x003dc8    program   0x00001a
              D10TCYXCODE       code   0x003de2    program   0x000016
      .idata_RF125KHz.o_i    romdata   0x003df8    program   0x000006
    .config_300000_main.o    romdata   0x300000    program   0x000001
    .config_300001_main.o    romdata   0x300001    program   0x000001
    .config_300002_main.o    romdata   0x300002    program   0x000001
    .config_300003_main.o    romdata   0x300003    program   0x000001
    .config_300005_main.o    romdata   0x300005    program   0x000001
    .config_300006_main.o    romdata   0x300006    program   0x000001
    .config_300008_main.o    romdata   0x300008    program   0x000001
    .config_300009_main.o    romdata   0x300009    program   0x000001
    .config_30000a_main.o    romdata   0x30000a    program   0x000001
    .config_30000b_main.o    romdata   0x30000b    program   0x000001
    .config_30000c_main.o    romdata   0x30000c    program   0x000001
    .config_30000d_main.o    romdata   0x30000d    program   0x000001
            .udata_main.o      udata   0x000060       data   0x00006e
         .udata_c018i_e.o      udata   0x0000ce       data   0x00000a
                 .tmpdata      udata   0x0000d8       data   0x00000a
        .idata_RF125KHz.o      idata   0x0000e2       data   0x000006
             high_isr_tmp      udata   0x0000e8       data   0x000004
                MATH_DATA      udata   0x0000ec       data   0x000004
                DELAYDAT1      udata   0x0000f0       data   0x000001
        .idata_pw1setoc.o      idata   0x0000f1       data   0x000000
        .udata_pw1setoc.o      udata   0x0000f1       data   0x000000
        .idata_pw1setdc.o      idata   0x0000f1       data   0x000000
        .udata_i2c_writ.o      udata   0x0000f1       data   0x000000
        .udata_pw1setdc.o      udata   0x0000f1       data   0x000000
        .idata_i2c_read.o      idata   0x0000f1       data   0x000000
        .idata_i2c_writ.o      idata   0x0000f1       data   0x000000
        .udata_i2c_read.o      udata   0x0000f1       data   0x000000
          .idata_t2open.o      idata   0x0000f1       data   0x000000
          .udata_t2open.o      udata   0x0000f1       data   0x000000
          .udata___init.o      udata   0x0000f1       data   0x000000
         .idata_pw1open.o      idata   0x0000f1       data   0x000000
         .udata_pw1open.o      udata   0x0000f1       data   0x000000
        .idata_i2c_idle.o      idata   0x0000f1       data   0x000000
        .udata_i2c_idle.o      udata   0x0000f1       data   0x000000
          .idata___init.o      idata   0x0000f1       data   0x000000
        .idata_pw1close.o      idata   0x0000f1       data   0x000000
        .udata_pw1close.o      udata   0x0000f1       data   0x000000
         .idata_c018i_e.o      idata   0x0000f1       data   0x000000
      .idata_usb_device.o      idata   0x0000f1       data   0x000000
            .idata_rtcc.o      idata   0x0000f1       data   0x000000
            .udata_rtcc.o      udata   0x0000f1       data   0x000000
.idata_usb_function_hid.o      idata   0x0000f1       data   0x000000
  .idata_eeprom24LC1025.o      idata   0x0000f1       data   0x000000
  .udata_eeprom24LC1025.o      udata   0x0000f1       data   0x000000
 .udata_usb_descriptors.o      udata   0x0000f1       data   0x000000
 .idata_usb_descriptors.o      idata   0x0000f1       data   0x000000
                   .stack      udata   0x000100       data   0x000100
                  USB_BDT      udata   0x000200       data   0x000030
      .udata_usb_device.o      udata   0x000230       data   0x00002e
.udata_usb_function_hid.o      udata   0x00025e       data   0x000002
            USB_VARIABLES      udata   0x000260       data   0x000082
        .udata_RF125KHz.o      udata   0x0002e2       data   0x000016
            .idata_main.o      idata   0x0002f8       data   0x000007
                DELAYDAT2      udata   0x0002ff       data   0x000001
              SFR_BANKED0      udata   0x000f53       data   0x00000d
            SFR_UNBANKED0      udata   0x000f60       data   0x0000a0



                              Program Memory Usage 
                               Start         End      
                           ---------   ---------      
                            0x000000    0x000014      
                            0x000018    0x000ffd      
                            0x001000    0x003b0a      
                            0x003b0c    0x003dfd      
                            0x300000    0x300003      
                            0x300005    0x300006      
                            0x300008    0x30000d      
            15876 out of 16664 program addresses used, program memory utilization is 95%



                              Symbols - Sorted by Name
                     Name    Address   Location    Storage File                     
                ---------  ---------  ---------  --------- ---------                
                ClosePWM1   0x000ffa    program     extern E:\3.431\pic18-lt\cxx-framework\src\pmc_common\PWM\pw1close.c
                   D0808S   0x00391a    program     static E:\3.431\pic18-lt\cxx-framework\src\extended\math\div08s.asm
                D0808SNEG   0x003928    program     static E:\3.431\pic18-lt\cxx-framework\src\extended\math\div08s.asm
                 D0808SOK   0x003924    program     static E:\3.431\pic18-lt\cxx-framework\src\extended\math\div08s.asm
                  D0808SX   0x003946    program     static E:\3.431\pic18-lt\cxx-framework\src\extended\math\div08s.asm
                   D100_1   0x003d80    program     static E:\3.431\pic18-lt\cxx-framework\src\extended\delays\d100tcyx.asm
                    D100x   0x003d7e    program     static E:\3.431\pic18-lt\cxx-framework\src\extended\delays\d100tcyx.asm
                   D10K_1   0x003cc0    program     static E:\3.431\pic18-lt\cxx-framework\src\extended\delays\d10ktcyx.asm
                    D10Kl   0x003cce    program     static E:\3.431\pic18-lt\cxx-framework\src\extended\delays\d10ktcyx.asm
                    D10Kx   0x003cbc    program     static E:\3.431\pic18-lt\cxx-framework\src\extended\delays\d10ktcyx.asm
                    D10_1   0x003df2    program     static E:\3.431\pic18-lt\cxx-framework\src\extended\delays\d10tcyx.asm
                     D10x   0x003dea    program     static E:\3.431\pic18-lt\cxx-framework\src\extended\delays\d10tcyx.asm
                    D1K_1   0x003d5c    program     static E:\3.431\pic18-lt\cxx-framework\src\extended\delays\d1ktcyx.asm
                     D1Kx   0x003d5a    program     static E:\3.431\pic18-lt\cxx-framework\src\extended\delays\d1ktcyx.asm
                  DA0808S   0x003912    program     static E:\3.431\pic18-lt\cxx-framework\src\extended\math\div08s.asm
             Delay100TCYx   0x003d6e    program     extern E:\3.431\pic18-lt\cxx-framework\src\extended\delays\d100tcyx.asm
             Delay10KTCYx   0x003cb0    program     extern E:\3.431\pic18-lt\cxx-framework\src\extended\delays\d10ktcyx.asm
              Delay10TCYx   0x003de2    program     extern E:\3.431\pic18-lt\cxx-framework\src\extended\delays\d10tcyx.asm
              Delay1KTCYx   0x003d4e    program     extern E:\3.431\pic18-lt\cxx-framework\src\extended\delays\d1ktcyx.asm
                  IdleI2C   0x000fec    program     extern E:\3.431\pic18-lt\cxx-framework\src\pmc_common\i2c\i2c_idle.c
                 OpenPWM1   0x003c68    program     extern E:\3.431\pic18-lt\cxx-framework\src\pmc_common\PWM\pw1open.c
         OpenPWM1ConfigIO   0x003c92    program     extern E:\3.431\pic18-lt\cxx-framework\src\pmc_common\PWM\pw1open.c
               OpenTimer2   0x003d1a    program     extern E:\3.431\pic18-lt\cxx-framework\src\pmc_common\Timers\t2open.c
                ProcessIO   0x00142c    program     extern D:\Projeler 2012\AT Guard Simple\Software_Optimized\src\main.c
                  RESTORE   0x0038ce    program     static E:\3.431\pic18-lt\cxx-framework\src\extended\math\div08u.asm
                  RESTORE   0x00392c    program     static E:\3.431\pic18-lt\cxx-framework\src\extended\math\div08s.asm
                  ReadI2C   0x003dc8    program     extern E:\3.431\pic18-lt\cxx-framework\src\pmc_common\i2c\i2c_read.c
                  SETSIGN   0x003908    program     static E:\3.431\pic18-lt\cxx-framework\src\extended\math\div08s.asm
                 SETUPSTK   0x00388c    program     static E:\3.431\pic18-lt\cxx-framework\src\extended\math\div08u.asm
                 SETUPSTK   0x0038e8    program     static E:\3.431\pic18-lt\cxx-framework\src\extended\math\div08s.asm
                SetDCPWM1   0x003c1c    program     extern E:\3.431\pic18-lt\cxx-framework\src\pmc_common\PWM\pw1setdc.c
            SetOutputPWM1   0x000f7a    program     extern E:\3.431\pic18-lt\cxx-framework\src\pmc_common\PWM\pw1setoc.c
       USBCBCheckOtherReq   0x002314    program     extern D:\Projeler 2012\AT Guard Simple\Software_Optimized\src\main.c
        USBCBErrorHandler   0x002312    program     extern D:\Projeler 2012\AT Guard Simple\Software_Optimized\src\main.c
              USBCBInitEP   0x00231a    program     extern D:\Projeler 2012\AT Guard Simple\Software_Optimized\src\main.c
          USBCBSendResume   0x00234a    program     extern D:\Projeler 2012\AT Guard Simple\Software_Optimized\src\main.c
    USBCBStdSetDscHandler   0x002318    program     extern D:\Projeler 2012\AT Guard Simple\Software_Optimized\src\main.c
             USBCBSuspend   0x00230c    program     extern D:\Projeler 2012\AT Guard Simple\Software_Optimized\src\main.c
     USBCBWakeFromSuspend   0x00230e    program     extern D:\Projeler 2012\AT Guard Simple\Software_Optimized\src\main.c
        USBCB_SOF_Handler   0x002310    program     extern D:\Projeler 2012\AT Guard Simple\Software_Optimized\src\main.c
              USBCancelIO   0x000306    program     extern D:\Projeler 2012\AT Guard Simple\Microchip\USB\usb_device.c
       USBCheckHIDRequest   0x000eb8    program     extern D:\Projeler 2012\AT Guard Simple\Microchip\USB\HID Device Driver\usb_function_hid.c
       USBCheckStdRequest   0x0008c2    program     static D:\Projeler 2012\AT Guard Simple\Microchip\USB\usb_device.c
     USBConfigureEndpoint   0x0003fe    program     static D:\Projeler 2012\AT Guard Simple\Microchip\USB\usb_device.c
  USBCtrlEPAllowDataStage   0x0003c0    program     extern D:\Projeler 2012\AT Guard Simple\Microchip\USB\usb_device.c
USBCtrlEPAllowStatusStage   0x000374    program     extern D:\Projeler 2012\AT Guard Simple\Microchip\USB\usb_device.c
         USBCtrlEPService   0x00076e    program     static D:\Projeler 2012\AT Guard Simple\Microchip\USB\usb_device.c
 USBCtrlEPServiceComplete   0x00044e    program     static D:\Projeler 2012\AT Guard Simple\Microchip\USB\usb_device.c
      USBCtrlTrfInHandler   0x000850    program     static D:\Projeler 2012\AT Guard Simple\Microchip\USB\usb_device.c
     USBCtrlTrfOutHandler   0x000832    program     static D:\Projeler 2012\AT Guard Simple\Microchip\USB\usb_device.c
      USBCtrlTrfRxService   0x000522    program     static D:\Projeler 2012\AT Guard Simple\Microchip\USB\usb_device.c
   USBCtrlTrfSetupHandler   0x0007fc    program     static D:\Projeler 2012\AT Guard Simple\Microchip\USB\usb_device.c
      USBCtrlTrfTxService   0x0004a8    program     static D:\Projeler 2012\AT Guard Simple\Microchip\USB\usb_device.c
          USBDeviceAttach   0x00034e    program     extern D:\Projeler 2012\AT Guard Simple\Microchip\USB\usb_device.c
          USBDeviceDetach   0x000342    program     extern D:\Projeler 2012\AT Guard Simple\Microchip\USB\usb_device.c
            USBDeviceInit   0x000038    program     extern D:\Projeler 2012\AT Guard Simple\Microchip\USB\usb_device.c
           USBDeviceTasks   0x0000fc    program     extern D:\Projeler 2012\AT Guard Simple\Microchip\USB\usb_device.c
        USBEnableEndpoint   0x000218    program     extern D:\Projeler 2012\AT Guard Simple\Microchip\USB\usb_device.c
         USBStallEndpoint   0x0002dc    program     extern D:\Projeler 2012\AT Guard Simple\Microchip\USB\usb_device.c
          USBStallHandler   0x000720    program     static D:\Projeler 2012\AT Guard Simple\Microchip\USB\usb_device.c
  USBStdFeatureReqHandler   0x000968    program     static D:\Projeler 2012\AT Guard Simple\Microchip\USB\usb_device.c
      USBStdGetDscHandler   0x000638    program     static D:\Projeler 2012\AT Guard Simple\Microchip\USB\usb_device.c
   USBStdGetStatusHandler   0x0006b2    program     static D:\Projeler 2012\AT Guard Simple\Microchip\USB\usb_device.c
      USBStdSetCfgHandler   0x0005c2    program     static D:\Projeler 2012\AT Guard Simple\Microchip\USB\usb_device.c
               USBSuspend   0x000742    program     static D:\Projeler 2012\AT Guard Simple\Microchip\USB\usb_device.c
     USBTransferOnePacket   0x000254    program     extern D:\Projeler 2012\AT Guard Simple\Microchip\USB\usb_device.c
       USBWakeFromSuspend   0x000756    program     static D:\Projeler 2012\AT Guard Simple\Microchip\USB\usb_device.c
               USB_CD_Ptr   0x003b01    program     extern D:\Projeler 2012\AT Guard Simple\Software_Optimized\src\usb_descriptors.c
               USB_SD_Ptr   0x003b03    program     extern D:\Projeler 2012\AT Guard Simple\Software_Optimized\src\usb_descriptors.c
USER_USB_CALLBACK_EVENT_HANDLER   0x002392    program     extern D:\Projeler 2012\AT Guard Simple\Software_Optimized\src\main.c
                 WriteI2C   0x003baa    program     extern E:\3.431\pic18-lt\cxx-framework\src\pmc_common\i2c\i2c_writ.c
              _2jContinue   0x003d06    program     static E:\3.431\pic18-lt\cxx-framework\src\extended\stdclib\memset.asm
                   _3jEnd   0x003d10    program     static E:\3.431\pic18-lt\cxx-framework\src\extended\stdclib\memset.asm
       _D100TCYXCODE_000A   0x003d78    program     static E:\3.431\pic18-lt\cxx-framework\src\extended\delays\d100tcyx.asm
       _D100TCYXCODE_000C   0x003d7a    program     static E:\3.431\pic18-lt\cxx-framework\src\extended\delays\d100tcyx.asm
       _D100TCYXCODE_0016   0x003d84    program     static E:\3.431\pic18-lt\cxx-framework\src\extended\delays\d100tcyx.asm
       _D100TCYXCODE_001C   0x003d8a    program     static E:\3.431\pic18-lt\cxx-framework\src\extended\delays\d100tcyx.asm
       _D10KTCYXCODE_0014   0x003cc4    program     static E:\3.431\pic18-lt\cxx-framework\src\extended\delays\d10ktcyx.asm
       _D10KTCYXCODE_0022   0x003cd2    program     static E:\3.431\pic18-lt\cxx-framework\src\extended\delays\d10ktcyx.asm
        _D10TCYXCODE_000A   0x003dec    program     static E:\3.431\pic18-lt\cxx-framework\src\extended\delays\d10tcyx.asm
        _D10TCYXCODE_000C   0x003dee    program     static E:\3.431\pic18-lt\cxx-framework\src\extended\delays\d10tcyx.asm
        _D10TCYXCODE_000E   0x003df0    program     static E:\3.431\pic18-lt\cxx-framework\src\extended\delays\d10tcyx.asm
        _D1KTCYXCODE_0012   0x003d60    program     static E:\3.431\pic18-lt\cxx-framework\src\extended\delays\d1ktcyx.asm
        _D1KTCYXCODE_0018   0x003d66    program     static E:\3.431\pic18-lt\cxx-framework\src\extended\delays\d1ktcyx.asm
           ___?:_lbl00067   0x001472    program     static                          
           ___?:_lbl00068   0x001462    program     static                          
     ___case_101_lbl00076   0x00167a    program     static                          
     ___case_102_lbl00082   0x0016cc    program     static                          
     ___case_103_lbl00093   0x0017e8    program     static                          
     ___case_104_lbl00101   0x0018cc    program     static                          
     ___case_105_lbl00109   0x0019b4    program     static                          
     ___case_106_lbl00110   0x0019ee    program     static                          
     ___case_107_lbl00111   0x001a2a    program     static                          
     ___case_108_lbl00114   0x001a82    program     static                          
     ___case_109_lbl00115   0x001ca0    program     static                          
      ___case_10_lbl00167   0x00218c    program     static                          
     ___case_110_lbl00125   0x001d06    program     static                          
     ___case_111_lbl00126   0x001d8c    program     static                          
     ___case_112_lbl00135   0x001e06    program     static                          
     ___case_113_lbl00136   0x001e12    program     static                          
     ___case_114_lbl00137   0x001e14    program     static                          
     ___case_115_lbl00138   0x001e16    program     static                          
     ___case_116_lbl00139   0x001e18    program     static                          
     ___case_117_lbl00147   0x001e46    program     static                          
     ___case_118_lbl00151   0x001fee    program     static                          
     ___case_119_lbl00152   0x002086    program     static                          
      ___case_11_lbl00171   0x0021de    program     static                          
      ___case_12_lbl00175   0x002256    program     static                          
       ___case_1_lbl00078   0x0016de    program     static                          
       ___case_1_lbl00086   0x0017ac    program     static                          
       ___case_1_lbl00095   0x001840    program     static                          
       ___case_1_lbl00120   0x001d1c    program     static                          
       ___case_1_lbl00160   0x0020c0    program     static                          
       ___case_2_lbl00079   0x0016f4    program     static                          
       ___case_2_lbl00087   0x0017ba    program     static                          
       ___case_2_lbl00096   0x001864    program     static                          
       ___case_2_lbl00121   0x001d34    program     static                          
       ___case_2_lbl00159   0x0020c0    program     static                          
       ___case_3_lbl00080   0x00170a    program     static                          
       ___case_3_lbl00088   0x0017c8    program     static                          
       ___case_3_lbl00097   0x001888    program     static                          
       ___case_3_lbl00122   0x001d4c    program     static                          
       ___case_3_lbl00158   0x0020c0    program     static                          
       ___case_4_lbl00123   0x001d64    program     static                          
       ___case_4_lbl00157   0x0020c0    program     static                          
       ___case_5_lbl00156   0x0020c0    program     static                          
       ___case_6_lbl00155   0x0020c0    program     static                          
       ___case_7_lbl00154   0x0020c0    program     static                          
      ___default_lbl00081   0x001720    program     static                          
      ___default_lbl00098   0x0018ac    program     static                          
      ___default_lbl00124   0x001d7c    program     static                          
           ___do_lbl00127   0x001dbe    program     static                          
           ___do_lbl00128   0x001dc4    program     static                          
           ___do_lbl00132   0x001d9a    program     static                          
         ___else_lbl00004   0x000fc4    program     static                          
         ___else_lbl00006   0x000fb8    program     static                          
         ___else_lbl00037   0x0012e4    program     static                          
         ___else_lbl00039   0x0012ee    program     static                          
         ___else_lbl00046   0x001300    program     static                          
         ___else_lbl00084   0x00178c    program     static                          
         ___else_lbl00090   0x00179a    program     static                          
         ___else_lbl00092   0x0017d8    program     static                          
         ___else_lbl00100   0x0018bc    program     static                          
         ___else_lbl00104   0x00196a    program     static                          
         ___else_lbl00106   0x00193e    program     static                          
         ___else_lbl00108   0x0019a4    program     static                          
         ___else_lbl00113   0x001c92    program     static                          
         ___else_lbl00144   0x001fdc    program     static                          
         ___else_lbl00146   0x001e62    program     static                          
         ___else_lbl00150   0x00200a    program     static                          
          ___for_lbl00029   0x00126c    program     static                          
          ___for_lbl00030   0x001282    program     static                          
          ___for_lbl00035   0x001228    program     static                          
          ___for_lbl00069   0x00157a    program     static                          
          ___for_lbl00070   0x00157e    program     static                          
          ___for_lbl00071   0x00151e    program     static                          
          ___for_lbl00072   0x0015f8    program     static                          
          ___for_lbl00073   0x0015fc    program     static                          
          ___for_lbl00074   0x0015e4    program     static                          
          ___for_lbl00116   0x001ce2    program     static                          
          ___for_lbl00117   0x001ce6    program     static                          
          ___for_lbl00118   0x001cb4    program     static                          
          ___for_lbl00161   0x002174    program     static                          
          ___for_lbl00162   0x00218a    program     static                          
          ___for_lbl00163   0x002118    program     static                          
          ___for_lbl00164   0x0021c6    program     static                          
          ___for_lbl00165   0x0021dc    program     static                          
          ___for_lbl00166   0x002192    program     static                          
          ___for_lbl00168   0x00223e    program     static                          
          ___for_lbl00169   0x002254    program     static                          
          ___for_lbl00170   0x0021e8    program     static                          
          ___for_lbl00172   0x0022b6    program     static                          
          ___for_lbl00173   0x0022cc    program     static                          
          ___for_lbl00174   0x002260    program     static                          
           ___if_lbl00002   0x000fd8    program     static                          
           ___if_lbl00003   0x000fd8    program     static                          
           ___if_lbl00005   0x000fd8    program     static                          
           ___if_lbl00027   0x0011e8    program     static                          
           ___if_lbl00028   0x00121a    program     static                          
           ___if_lbl00033   0x00126c    program     static                          
           ___if_lbl00034   0x00126c    program     static                          
           ___if_lbl00036   0x0012ec    program     static                          
           ___if_lbl00038   0x0012f6    program     static                          
           ___if_lbl00040   0x0012f6    program     static                          
           ___if_lbl00041   0x0012f6    program     static                          
           ___if_lbl00042   0x001322    program     static                          
           ___if_lbl00043   0x00132e    program     static                          
           ___if_lbl00044   0x00132e    program     static                          
           ___if_lbl00045   0x00132e    program     static                          
           ___if_lbl00066   0x001456    program     static                          
           ___if_lbl00083   0x001798    program     static                          
           ___if_lbl00089   0x0017d6    program     static                          
           ___if_lbl00091   0x0017e4    program     static                          
           ___if_lbl00099   0x0018c8    program     static                          
           ___if_lbl00102   0x001994    program     static                          
           ___if_lbl00103   0x001994    program     static                          
           ___if_lbl00105   0x001994    program     static                          
           ___if_lbl00107   0x0019b0    program     static                          
           ___if_lbl00112   0x001c9e    program     static                          
           ___if_lbl00129   0x001da0    program     static                          
           ___if_lbl00130   0x001da6    program     static                          
           ___if_lbl00131   0x001dbe    program     static                          
           ___if_lbl00133   0x001df2    program     static                          
           ___if_lbl00134   0x001e04    program     static                          
           ___if_lbl00142   0x001f02    program     static                          
           ___if_lbl00143   0x001fe8    program     static                          
           ___if_lbl00145   0x001fec    program     static                          
           ___if_lbl00149   0x002084    program     static                          
           ___if_lbl00176   0x0022e4    program     static                          
           ___if_lbl00177   0x0022e4    program     static                          
           ___if_lbl00178   0x002304    program     static                          
       ___return_lbl00000   0x000004    program     static                          
       ___return_lbl00000   0x00001c    program     static                          
       ___return_lbl00000   0x000fe0    program     static                          
       ___return_lbl00001   0x003dc6    program     static                          
       ___return_lbl00002   0x003ba8    program     static                          
       ___return_lbl00004   0x00000c    program     static                          
       ___return_lbl00024   0x001330    program     static                          
       ___return_lbl00064   0x002304    program     static                          
   ___switchexit_lbl00075   0x0022e4    program     static                          
   ___switchexit_lbl00077   0x001724    program     static                          
   ___switchexit_lbl00085   0x0017d6    program     static                          
   ___switchexit_lbl00094   0x0018ba    program     static                          
   ___switchexit_lbl00119   0x001d8a    program     static                          
   ___switchexit_lbl00153   0x0022ce    program     static                          
        ___while_lbl00025   0x0011d8    program     static                          
        ___while_lbl00026   0x001330    program     static                          
               __config_0   0x300000    program     static D:\Projeler 2012\AT Guard Simple\Software_Optimized\src\main.c
               __config_1   0x300001    program     static D:\Projeler 2012\AT Guard Simple\Software_Optimized\src\main.c
              __config_10   0x30000c    program     static D:\Projeler 2012\AT Guard Simple\Software_Optimized\src\main.c
              __config_11   0x30000d    program     static D:\Projeler 2012\AT Guard Simple\Software_Optimized\src\main.c
               __config_2   0x300002    program     static D:\Projeler 2012\AT Guard Simple\Software_Optimized\src\main.c
               __config_3   0x300003    program     static D:\Projeler 2012\AT Guard Simple\Software_Optimized\src\main.c
               __config_4   0x300005    program     static D:\Projeler 2012\AT Guard Simple\Software_Optimized\src\main.c
               __config_5   0x300006    program     static D:\Projeler 2012\AT Guard Simple\Software_Optimized\src\main.c
               __config_6   0x300008    program     static D:\Projeler 2012\AT Guard Simple\Software_Optimized\src\main.c
               __config_7   0x300009    program     static D:\Projeler 2012\AT Guard Simple\Software_Optimized\src\main.c
               __config_8   0x30000a    program     static D:\Projeler 2012\AT Guard Simple\Software_Optimized\src\main.c
               __config_9   0x30000b    program     static D:\Projeler 2012\AT Guard Simple\Software_Optimized\src\main.c
                 __div08s   0x003900    program     extern E:\3.431\pic18-lt\cxx-framework\src\extended\math\div08s.asm
                 __div08u   0x0038a4    program     extern E:\3.431\pic18-lt\cxx-framework\src\extended\math\div08u.asm
                   __init   0x000006    program     extern E:\3.431\pic18-lt\cxx-framework\src\extended\stdclib\__init.c
                 __mod08s   0x003906    program     extern E:\3.431\pic18-lt\cxx-framework\src\extended\math\div08s.asm
                 __mod08u   0x0038aa    program     extern E:\3.431\pic18-lt\cxx-framework\src\extended\math\div08u.asm
                  __mul16   0x00394e    program     extern E:\3.431\pic18-lt\cxx-framework\src\extended\math\mul16.asm
                  __mul32   0x0039b6    program     extern E:\3.431\pic18-lt\cxx-framework\src\extended\math\mul32.asm
                   __pa_0   0x000e3e    program     static D:\Projeler 2012\AT Guard Simple\Software_Optimized\src\eeprom24LC1025.c
                   __pa_0   0x000a7a    program     static D:\Projeler 2012\AT Guard Simple\Microchip\USB\usb_device.c
                   __pa_0   0x00347e    program     static D:\Projeler 2012\AT Guard Simple\Software_Optimized\src\RF125KHz.c
                   __pa_0   0x0037e8    program     static D:\Projeler 2012\AT Guard Simple\Software_Optimized\src\rtcc.c
                   __pa_0   0x002c56    program     static D:\Projeler 2012\AT Guard Simple\Software_Optimized\src\main.c
                   __pa_1   0x002c78    program     static D:\Projeler 2012\AT Guard Simple\Software_Optimized\src\main.c
                   __pa_1   0x000e4c    program     static D:\Projeler 2012\AT Guard Simple\Software_Optimized\src\eeprom24LC1025.c
                   __pa_1   0x0037f4    program     static D:\Projeler 2012\AT Guard Simple\Software_Optimized\src\rtcc.c
                   __pa_1   0x003488    program     static D:\Projeler 2012\AT Guard Simple\Software_Optimized\src\RF125KHz.c
                   __pa_1   0x000a82    program     static D:\Projeler 2012\AT Guard Simple\Microchip\USB\usb_device.c
                  __pa_10   0x00384a    program     static D:\Projeler 2012\AT Guard Simple\Software_Optimized\src\rtcc.c
                  __pa_10   0x003508    program     static D:\Projeler 2012\AT Guard Simple\Software_Optimized\src\RF125KHz.c
                  __pa_10   0x002d3a    program     static D:\Projeler 2012\AT Guard Simple\Software_Optimized\src\main.c
                  __pa_10   0x000af8    program     static D:\Projeler 2012\AT Guard Simple\Microchip\USB\usb_device.c
                  __pa_11   0x000b12    program     static D:\Projeler 2012\AT Guard Simple\Microchip\USB\usb_device.c
                  __pa_11   0x002d64    program     static D:\Projeler 2012\AT Guard Simple\Software_Optimized\src\main.c
                  __pa_11   0x003510    program     static D:\Projeler 2012\AT Guard Simple\Software_Optimized\src\RF125KHz.c
                  __pa_11   0x003852    program     static D:\Projeler 2012\AT Guard Simple\Software_Optimized\src\rtcc.c
                  __pa_12   0x000b20    program     static D:\Projeler 2012\AT Guard Simple\Microchip\USB\usb_device.c
                  __pa_12   0x002d6e    program     static D:\Projeler 2012\AT Guard Simple\Software_Optimized\src\main.c
                  __pa_12   0x00351a    program     static D:\Projeler 2012\AT Guard Simple\Software_Optimized\src\RF125KHz.c
                  __pa_12   0x00385c    program     static D:\Projeler 2012\AT Guard Simple\Software_Optimized\src\rtcc.c
                  __pa_13   0x000b3a    program     static D:\Projeler 2012\AT Guard Simple\Microchip\USB\usb_device.c
                  __pa_13   0x003522    program     static D:\Projeler 2012\AT Guard Simple\Software_Optimized\src\RF125KHz.c
                  __pa_13   0x002d7e    program     static D:\Projeler 2012\AT Guard Simple\Software_Optimized\src\main.c
                  __pa_13   0x00386e    program     static D:\Projeler 2012\AT Guard Simple\Software_Optimized\src\rtcc.c
                  __pa_14   0x000b42    program     static D:\Projeler 2012\AT Guard Simple\Microchip\USB\usb_device.c
                  __pa_14   0x003878    program     static D:\Projeler 2012\AT Guard Simple\Software_Optimized\src\rtcc.c
                  __pa_14   0x002d88    program     static D:\Projeler 2012\AT Guard Simple\Software_Optimized\src\main.c
                  __pa_15   0x002d90    program     static D:\Projeler 2012\AT Guard Simple\Software_Optimized\src\main.c
                  __pa_15   0x003880    program     static D:\Projeler 2012\AT Guard Simple\Software_Optimized\src\rtcc.c
                  __pa_15   0x000b4a    program     static D:\Projeler 2012\AT Guard Simple\Microchip\USB\usb_device.c
                  __pa_16   0x002d9c    program     static D:\Projeler 2012\AT Guard Simple\Software_Optimized\src\main.c
                  __pa_16   0x000b5c    program     static D:\Projeler 2012\AT Guard Simple\Microchip\USB\usb_device.c
                  __pa_16   0x003886    program     static D:\Projeler 2012\AT Guard Simple\Software_Optimized\src\rtcc.c
                  __pa_17   0x002dac    program     static D:\Projeler 2012\AT Guard Simple\Software_Optimized\src\main.c
                  __pa_17   0x000b68    program     static D:\Projeler 2012\AT Guard Simple\Microchip\USB\usb_device.c
                  __pa_18   0x000b70    program     static D:\Projeler 2012\AT Guard Simple\Microchip\USB\usb_device.c
                  __pa_18   0x002dbc    program     static D:\Projeler 2012\AT Guard Simple\Software_Optimized\src\main.c
                  __pa_19   0x000b78    program     static D:\Projeler 2012\AT Guard Simple\Microchip\USB\usb_device.c
                  __pa_19   0x002dc4    program     static D:\Projeler 2012\AT Guard Simple\Software_Optimized\src\main.c
                   __pa_2   0x002c80    program     static D:\Projeler 2012\AT Guard Simple\Software_Optimized\src\main.c
                   __pa_2   0x0037fc    program     static D:\Projeler 2012\AT Guard Simple\Software_Optimized\src\rtcc.c
                   __pa_2   0x003498    program     static D:\Projeler 2012\AT Guard Simple\Software_Optimized\src\RF125KHz.c
                   __pa_2   0x000e5c    program     static D:\Projeler 2012\AT Guard Simple\Software_Optimized\src\eeprom24LC1025.c
                   __pa_2   0x000a94    program     static D:\Projeler 2012\AT Guard Simple\Microchip\USB\usb_device.c
                  __pa_20   0x002ddc    program     static D:\Projeler 2012\AT Guard Simple\Software_Optimized\src\main.c
                  __pa_20   0x000b80    program     static D:\Projeler 2012\AT Guard Simple\Microchip\USB\usb_device.c
                  __pa_21   0x002de8    program     static D:\Projeler 2012\AT Guard Simple\Software_Optimized\src\main.c
                  __pa_21   0x000b88    program     static D:\Projeler 2012\AT Guard Simple\Microchip\USB\usb_device.c
                  __pa_22   0x002dfe    program     static D:\Projeler 2012\AT Guard Simple\Software_Optimized\src\main.c
                  __pa_22   0x000b94    program     static D:\Projeler 2012\AT Guard Simple\Microchip\USB\usb_device.c
                  __pa_23   0x002e0e    program     static D:\Projeler 2012\AT Guard Simple\Software_Optimized\src\main.c
                  __pa_23   0x000b9e    program     static D:\Projeler 2012\AT Guard Simple\Microchip\USB\usb_device.c
                  __pa_24   0x002e20    program     static D:\Projeler 2012\AT Guard Simple\Software_Optimized\src\main.c
                  __pa_24   0x000bae    program     static D:\Projeler 2012\AT Guard Simple\Microchip\USB\usb_device.c
                  __pa_25   0x000bbe    program     static D:\Projeler 2012\AT Guard Simple\Microchip\USB\usb_device.c
                  __pa_25   0x002e2c    program     static D:\Projeler 2012\AT Guard Simple\Software_Optimized\src\main.c
                  __pa_26   0x002e3a    program     static D:\Projeler 2012\AT Guard Simple\Software_Optimized\src\main.c
                  __pa_26   0x000bcc    program     static D:\Projeler 2012\AT Guard Simple\Microchip\USB\usb_device.c
                  __pa_27   0x002e48    program     static D:\Projeler 2012\AT Guard Simple\Software_Optimized\src\main.c
                  __pa_27   0x000bda    program     static D:\Projeler 2012\AT Guard Simple\Microchip\USB\usb_device.c
                  __pa_28   0x002e50    program     static D:\Projeler 2012\AT Guard Simple\Software_Optimized\src\main.c
                  __pa_28   0x000be8    program     static D:\Projeler 2012\AT Guard Simple\Microchip\USB\usb_device.c
                  __pa_29   0x002e58    program     static D:\Projeler 2012\AT Guard Simple\Software_Optimized\src\main.c
                  __pa_29   0x000bf6    program     static D:\Projeler 2012\AT Guard Simple\Microchip\USB\usb_device.c
                   __pa_3   0x000e64    program     static D:\Projeler 2012\AT Guard Simple\Software_Optimized\src\eeprom24LC1025.c
                   __pa_3   0x000a9e    program     static D:\Projeler 2012\AT Guard Simple\Microchip\USB\usb_device.c
                   __pa_3   0x0034b2    program     static D:\Projeler 2012\AT Guard Simple\Software_Optimized\src\RF125KHz.c
                   __pa_3   0x002c90    program     static D:\Projeler 2012\AT Guard Simple\Software_Optimized\src\main.c
                   __pa_3   0x003806    program     static D:\Projeler 2012\AT Guard Simple\Software_Optimized\src\rtcc.c
                  __pa_30   0x000c00    program     static D:\Projeler 2012\AT Guard Simple\Microchip\USB\usb_device.c
                  __pa_30   0x002e6a    program     static D:\Projeler 2012\AT Guard Simple\Software_Optimized\src\main.c
                  __pa_31   0x000c0a    program     static D:\Projeler 2012\AT Guard Simple\Microchip\USB\usb_device.c
                  __pa_31   0x002e76    program     static D:\Projeler 2012\AT Guard Simple\Software_Optimized\src\main.c
                  __pa_32   0x000c16    program     static D:\Projeler 2012\AT Guard Simple\Microchip\USB\usb_device.c
                  __pa_32   0x002e82    program     static D:\Projeler 2012\AT Guard Simple\Software_Optimized\src\main.c
                  __pa_33   0x000c24    program     static D:\Projeler 2012\AT Guard Simple\Microchip\USB\usb_device.c
                  __pa_33   0x002e98    program     static D:\Projeler 2012\AT Guard Simple\Software_Optimized\src\main.c
                  __pa_34   0x000c2c    program     static D:\Projeler 2012\AT Guard Simple\Microchip\USB\usb_device.c
                  __pa_34   0x002ea6    program     static D:\Projeler 2012\AT Guard Simple\Software_Optimized\src\main.c
                  __pa_35   0x000c40    program     static D:\Projeler 2012\AT Guard Simple\Microchip\USB\usb_device.c
                  __pa_35   0x002eb6    program     static D:\Projeler 2012\AT Guard Simple\Software_Optimized\src\main.c
                  __pa_36   0x000c4e    program     static D:\Projeler 2012\AT Guard Simple\Microchip\USB\usb_device.c
                  __pa_36   0x002ec6    program     static D:\Projeler 2012\AT Guard Simple\Software_Optimized\src\main.c
                  __pa_37   0x002ed2    program     static D:\Projeler 2012\AT Guard Simple\Software_Optimized\src\main.c
                  __pa_37   0x000c58    program     static D:\Projeler 2012\AT Guard Simple\Microchip\USB\usb_device.c
                  __pa_38   0x002edc    program     static D:\Projeler 2012\AT Guard Simple\Software_Optimized\src\main.c
                  __pa_38   0x000c62    program     static D:\Projeler 2012\AT Guard Simple\Microchip\USB\usb_device.c
                  __pa_39   0x002ee4    program     static D:\Projeler 2012\AT Guard Simple\Software_Optimized\src\main.c
                  __pa_39   0x000c6c    program     static D:\Projeler 2012\AT Guard Simple\Microchip\USB\usb_device.c
                   __pa_4   0x000e70    program     static D:\Projeler 2012\AT Guard Simple\Software_Optimized\src\eeprom24LC1025.c
                   __pa_4   0x0034c0    program     static D:\Projeler 2012\AT Guard Simple\Software_Optimized\src\RF125KHz.c
                   __pa_4   0x003810    program     static D:\Projeler 2012\AT Guard Simple\Software_Optimized\src\rtcc.c
                   __pa_4   0x002cd2    program     static D:\Projeler 2012\AT Guard Simple\Software_Optimized\src\main.c
                   __pa_4   0x000aa8    program     static D:\Projeler 2012\AT Guard Simple\Microchip\USB\usb_device.c
                  __pa_40   0x000c74    program     static D:\Projeler 2012\AT Guard Simple\Microchip\USB\usb_device.c
                  __pa_40   0x002eec    program     static D:\Projeler 2012\AT Guard Simple\Software_Optimized\src\main.c
                  __pa_41   0x000c82    program     static D:\Projeler 2012\AT Guard Simple\Microchip\USB\usb_device.c
                  __pa_41   0x002ef4    program     static D:\Projeler 2012\AT Guard Simple\Software_Optimized\src\main.c
                  __pa_42   0x002efc    program     static D:\Projeler 2012\AT Guard Simple\Software_Optimized\src\main.c
                  __pa_42   0x000c8c    program     static D:\Projeler 2012\AT Guard Simple\Microchip\USB\usb_device.c
                  __pa_43   0x002f0c    program     static D:\Projeler 2012\AT Guard Simple\Software_Optimized\src\main.c
                  __pa_43   0x000c96    program     static D:\Projeler 2012\AT Guard Simple\Microchip\USB\usb_device.c
                  __pa_44   0x002f14    program     static D:\Projeler 2012\AT Guard Simple\Software_Optimized\src\main.c
                  __pa_44   0x000c9e    program     static D:\Projeler 2012\AT Guard Simple\Microchip\USB\usb_device.c
                  __pa_45   0x002f1e    program     static D:\Projeler 2012\AT Guard Simple\Software_Optimized\src\main.c
                  __pa_45   0x000ca8    program     static D:\Projeler 2012\AT Guard Simple\Microchip\USB\usb_device.c
                  __pa_46   0x000cb4    program     static D:\Projeler 2012\AT Guard Simple\Microchip\USB\usb_device.c
                   __pa_5   0x0034ce    program     static D:\Projeler 2012\AT Guard Simple\Software_Optimized\src\RF125KHz.c
                   __pa_5   0x00381e    program     static D:\Projeler 2012\AT Guard Simple\Software_Optimized\src\rtcc.c
                   __pa_5   0x002cdc    program     static D:\Projeler 2012\AT Guard Simple\Software_Optimized\src\main.c
                   __pa_5   0x000ab8    program     static D:\Projeler 2012\AT Guard Simple\Microchip\USB\usb_device.c
                   __pa_5   0x000e82    program     static D:\Projeler 2012\AT Guard Simple\Software_Optimized\src\eeprom24LC1025.c
                   __pa_6   0x0034d8    program     static D:\Projeler 2012\AT Guard Simple\Software_Optimized\src\RF125KHz.c
                   __pa_6   0x002ce6    program     static D:\Projeler 2012\AT Guard Simple\Software_Optimized\src\main.c
                   __pa_6   0x003826    program     static D:\Projeler 2012\AT Guard Simple\Software_Optimized\src\rtcc.c
                   __pa_6   0x000ac4    program     static D:\Projeler 2012\AT Guard Simple\Microchip\USB\usb_device.c
                   __pa_6   0x000e92    program     static D:\Projeler 2012\AT Guard Simple\Software_Optimized\src\eeprom24LC1025.c
                   __pa_7   0x000ea0    program     static D:\Projeler 2012\AT Guard Simple\Software_Optimized\src\eeprom24LC1025.c
                   __pa_7   0x0034ea    program     static D:\Projeler 2012\AT Guard Simple\Software_Optimized\src\RF125KHz.c
                   __pa_7   0x003830    program     static D:\Projeler 2012\AT Guard Simple\Software_Optimized\src\rtcc.c
                   __pa_7   0x000ace    program     static D:\Projeler 2012\AT Guard Simple\Microchip\USB\usb_device.c
                   __pa_7   0x002cf6    program     static D:\Projeler 2012\AT Guard Simple\Software_Optimized\src\main.c
                   __pa_8   0x002d06    program     static D:\Projeler 2012\AT Guard Simple\Software_Optimized\src\main.c
                   __pa_8   0x000ad8    program     static D:\Projeler 2012\AT Guard Simple\Microchip\USB\usb_device.c
                   __pa_8   0x000eae    program     static D:\Projeler 2012\AT Guard Simple\Software_Optimized\src\eeprom24LC1025.c
                   __pa_8   0x0034f6    program     static D:\Projeler 2012\AT Guard Simple\Software_Optimized\src\RF125KHz.c
                   __pa_8   0x00383a    program     static D:\Projeler 2012\AT Guard Simple\Software_Optimized\src\rtcc.c
                   __pa_9   0x0034fe    program     static D:\Projeler 2012\AT Guard Simple\Software_Optimized\src\RF125KHz.c
                   __pa_9   0x003842    program     static D:\Projeler 2012\AT Guard Simple\Software_Optimized\src\rtcc.c
                   __pa_9   0x000ae4    program     static D:\Projeler 2012\AT Guard Simple\Microchip\USB\usb_device.c
                   __pa_9   0x002d10    program     static D:\Projeler 2012\AT Guard Simple\Software_Optimized\src\main.c
               __tmplbl_0   0x000fd0    program     static                          
               __tmplbl_1   0x000fca    program     static                          
              __tmplbl_10   0x00125c    program     static                          
              __tmplbl_11   0x001252    program     static                          
              __tmplbl_12   0x0012c4    program     static                          
              __tmplbl_15   0x001452    program     static                          
              __tmplbl_16   0x00144c    program     static                          
              __tmplbl_17   0x00176a    program     static                          
              __tmplbl_18   0x00182c    program     static                          
              __tmplbl_19   0x001910    program     static                          
              __tmplbl_20   0x001934    program     static                          
              __tmplbl_21   0x001960    program     static                          
              __tmplbl_22   0x00198c    program     static                          
              __tmplbl_23   0x001e54    program     static                          
              __tmplbl_24   0x000b3a    program     static                          
              __tmplbl_24   0x001e4e    program     static                          
              __tmplbl_25   0x001ef6    program     static                          
              __tmplbl_26   0x001ed6    program     static                          
              __tmplbl_27   0x001ef4    program     static                          
              __tmplbl_28   0x001ffc    program     static                          
              __tmplbl_29   0x001ff6    program     static                          
              __tmplbl_32   0x000b3a    program     static                          
              __tmplbl_35   0x000b42    program     static                          
              __tmplbl_36   0x000b42    program     static                          
              __tmplbl_37   0x000b42    program     static                          
              __tmplbl_68   0x002e48    program     static                          
               __tmplbl_9   0x001266    program     static                          
            __zero_memory   0x003d8e    program     extern E:\3.431\pic18-lt\cxx-framework\src\extended\proc\p18lf14k50.asm
                _do_cinit   0x003b0c    program     extern E:\3.431\pic18-lt\cxx-framework\src\extended\startup\c018i_e.c
            _early08uexit   0x0038ae    program     extern E:\3.431\pic18-lt\cxx-framework\src\extended\math\div08u.asm
                   _entry   0x000000    program     extern E:\3.431\pic18-lt\cxx-framework\src\extended\startup\c018i_e.c
                 _startup   0x003dae    program     extern E:\3.431\pic18-lt\cxx-framework\src\extended\startup\c018i_e.c
                  cAddTag   0x002646    program     extern D:\Projeler 2012\AT Guard Simple\Software_Optimized\src\main.c
                cBcdToDec   0x003790    program     extern D:\Projeler 2012\AT Guard Simple\Software_Optimized\src\rtcc.c
                cCheckTag   0x002566    program     extern D:\Projeler 2012\AT Guard Simple\Software_Optimized\src\main.c
                cDecToBcd   0x0037a6    program     extern D:\Projeler 2012\AT Guard Simple\Software_Optimized\src\rtcc.c
        cDecodeDataEM4102   0x0032d6    program     extern D:\Projeler 2012\AT Guard Simple\Software_Optimized\src\RF125KHz.c
              cEEReadByte   0x000da6    program     extern D:\Projeler 2012\AT Guard Simple\Software_Optimized\src\eeprom24LC1025.c
      cHeaderSearchEM4102   0x0032b0    program     extern D:\Projeler 2012\AT Guard Simple\Software_Optimized\src\RF125KHz.c
          cRFBufferGetBit   0x0031ae    program     extern D:\Projeler 2012\AT Guard Simple\Software_Optimized\src\RF125KHz.c
                   cRFGet   0x003106    program     extern D:\Projeler 2012\AT Guard Simple\Software_Optimized\src\RF125KHz.c
              cReadEM4102   0x003054    program     extern D:\Projeler 2012\AT Guard Simple\Software_Optimized\src\RF125KHz.c
                cReadRTCC   0x00361e    program     extern D:\Projeler 2012\AT Guard Simple\Software_Optimized\src\rtcc.c
                compare_l   0x003da4    program     static E:\3.431\pic18-lt\cxx-framework\src\extended\proc\p18lf14k50.asm
        configDescriptor1   0x003a6a    program     extern D:\Projeler 2012\AT Guard Simple\Software_Optimized\src\usb_descriptors.c
                copy_loop   0x003b7e    program     static                          
            copy_one_byte   0x003b84    program     static                          
               device_dsc   0x003a58    program     extern D:\Projeler 2012\AT Guard Simple\Software_Optimized\src\usb_descriptors.c
                divmod08u   0x0038b0    program     static E:\3.431\pic18-lt\cxx-framework\src\extended\math\div08u.asm
                     done   0x003ba8    program     static                          
             done_copying   0x003b92    program     static                          
                  endloop   0x0038c6    program     static E:\3.431\pic18-lt\cxx-framework\src\extended\math\div08u.asm
                hid_rpt01   0x003ae5    program     extern D:\Projeler 2012\AT Guard Simple\Software_Optimized\src\usb_descriptors.c
                 high_isr   0x00106e    program     extern D:\Projeler 2012\AT Guard Simple\Software_Optimized\src\main.c
           iCheckLogCount   0x002852    program     extern D:\Projeler 2012\AT Guard Simple\Software_Optimized\src\main.c
             iGetTagCount   0x0024ae    program     extern D:\Projeler 2012\AT Guard Simple\Software_Optimized\src\main.c
 interrupt_at_high_vector   0x000008    program     extern D:\Projeler 2012\AT Guard Simple\Software_Optimized\src\main.c
  interrupt_at_low_vector   0x000018    program     extern D:\Projeler 2012\AT Guard Simple\Software_Optimized\src\main.c
                     jEnd   0x003d18    program     static E:\3.431\pic18-lt\cxx-framework\src\extended\stdclib\memset.asm
                    jLoop   0x003cfa    program     static E:\3.431\pic18-lt\cxx-framework\src\extended\stdclib\memset.asm
                     loop   0x0038b8    program     static E:\3.431\pic18-lt\cxx-framework\src\extended\math\div08u.asm
                     loop   0x003dbc    program     static                          
                   loop_h   0x003d9c    program     static E:\3.431\pic18-lt\cxx-framework\src\extended\proc\p18lf14k50.asm
                   loop_l   0x003da6    program     static E:\3.431\pic18-lt\cxx-framework\src\extended\proc\p18lf14k50.asm
                  low_isr   0x001002    program     extern D:\Projeler 2012\AT Guard Simple\Software_Optimized\src\main.c
                     main   0x00117c    program     extern D:\Projeler 2012\AT Guard Simple\Software_Optimized\src\main.c
                   memset   0x003ce6    program     extern E:\3.431\pic18-lt\cxx-framework\src\extended\stdclib\memset.asm
           mySerialNumber   0x001000    program     extern D:\Projeler 2012\AT Guard Simple\Software_Optimized\src\main.c
                    sd000   0x003a93    program     extern D:\Projeler 2012\AT Guard Simple\Software_Optimized\src\usb_descriptors.c
                    sd001   0x003a97    program     extern D:\Projeler 2012\AT Guard Simple\Software_Optimized\src\usb_descriptors.c
                    sd002   0x003ac1    program     extern D:\Projeler 2012\AT Guard Simple\Software_Optimized\src\usb_descriptors.c
                    sd003   0x003ad3    program     extern D:\Projeler 2012\AT Guard Simple\Software_Optimized\src\usb_descriptors.c
                     test   0x003b26    program     static                          
                  vAddLog   0x0028ac    program     extern D:\Projeler 2012\AT Guard Simple\Software_Optimized\src\main.c
                    vBeep   0x0013ca    program     extern D:\Projeler 2012\AT Guard Simple\Software_Optimized\src\main.c
              vCheckAlarm   0x002b52    program     extern D:\Projeler 2012\AT Guard Simple\Software_Optimized\src\main.c
                vCloseI2C   0x000cee    program     extern D:\Projeler 2012\AT Guard Simple\Software_Optimized\src\eeprom24LC1025.c
              vDelAllTags   0x002ab4    program     extern D:\Projeler 2012\AT Guard Simple\Software_Optimized\src\main.c
               vDelOneTag   0x002714    program     extern D:\Projeler 2012\AT Guard Simple\Software_Optimized\src\main.c
             vEEWriteByte   0x000cfe    program     extern D:\Projeler 2012\AT Guard Simple\Software_Optimized\src\eeprom24LC1025.c
             vGetTimeDate   0x00372e    program     extern D:\Projeler 2012\AT Guard Simple\Software_Optimized\src\rtcc.c
         vInitializeBoard   0x001338    program     extern D:\Projeler 2012\AT Guard Simple\Software_Optimized\src\main.c
            vInitializeRF   0x002f28    program     extern D:\Projeler 2012\AT Guard Simple\Software_Optimized\src\RF125KHz.c
          vInitializeRTCC   0x00352c    program     extern D:\Projeler 2012\AT Guard Simple\Software_Optimized\src\rtcc.c
              vMirrorData   0x0033bc    program     extern D:\Projeler 2012\AT Guard Simple\Software_Optimized\src\RF125KHz.c
                 vOpenI2C   0x000cbe    program     extern D:\Projeler 2012\AT Guard Simple\Software_Optimized\src\eeprom24LC1025.c
                 vOpenPWM   0x0030be    program     extern D:\Projeler 2012\AT Guard Simple\Software_Optimized\src\RF125KHz.c
    vPeriodicalyCheckRTCC   0x00378e    program     extern D:\Projeler 2012\AT Guard Simple\Software_Optimized\src\rtcc.c
            vRFBufferFill   0x003142    program     extern D:\Projeler 2012\AT Guard Simple\Software_Optimized\src\RF125KHz.c
          vRFBufferInvert   0x003176    program     extern D:\Projeler 2012\AT Guard Simple\Software_Optimized\src\RF125KHz.c
            vRFCaptureIsr   0x002f94    program     extern D:\Projeler 2012\AT Guard Simple\Software_Optimized\src\RF125KHz.c
             vRFPowerDown   0x002f80    program     extern D:\Projeler 2012\AT Guard Simple\Software_Optimized\src\RF125KHz.c
               vRFPowerUp   0x002f5e    program     extern D:\Projeler 2012\AT Guard Simple\Software_Optimized\src\RF125KHz.c
              vRFReadEdge   0x0030ee    program     extern D:\Projeler 2012\AT Guard Simple\Software_Optimized\src\RF125KHz.c
              vRFTimerIsr   0x00304e    program     extern D:\Projeler 2012\AT Guard Simple\Software_Optimized\src\RF125KHz.c
            vSendResponse   0x0029d8    program     extern D:\Projeler 2012\AT Guard Simple\Software_Optimized\src\main.c
   vSetCardReadingTimeOut   0x002b48    program     extern D:\Projeler 2012\AT Guard Simple\Software_Optimized\src\main.c
             vSetTimeDate   0x00367e    program     extern D:\Projeler 2012\AT Guard Simple\Software_Optimized\src\rtcc.c
              vShiftRight   0x0031f0    program     extern D:\Projeler 2012\AT Guard Simple\Software_Optimized\src\RF125KHz.c
         vShiftRightArray   0x003210    program     extern D:\Projeler 2012\AT Guard Simple\Software_Optimized\src\RF125KHz.c
                 vUSBTask   0x001398    program     extern D:\Projeler 2012\AT Guard Simple\Software_Optimized\src\main.c
               vUpdateCRC   0x002420    program     extern D:\Projeler 2012\AT Guard Simple\Software_Optimized\src\main.c
               vWriteRTCC   0x0035ae    program     extern D:\Projeler 2012\AT Guard Simple\Software_Optimized\src\rtcc.c
               zero_block   0x003d9c    program     static E:\3.431\pic18-lt\cxx-framework\src\extended\proc\p18lf14k50.asm
                   ADCON0   0x000fc2       data     extern E:\3.431\pic18-lt\cxx-framework\src\extended\proc\p18lf14k50.asm
               ADCON0bits   0x000fc2       data     extern E:\3.431\pic18-lt\cxx-framework\src\extended\proc\p18lf14k50.asm
                   ADCON1   0x000fc1       data     extern E:\3.431\pic18-lt\cxx-framework\src\extended\proc\p18lf14k50.asm
               ADCON1bits   0x000fc1       data     extern E:\3.431\pic18-lt\cxx-framework\src\extended\proc\p18lf14k50.asm
                   ADCON2   0x000fc0       data     extern E:\3.431\pic18-lt\cxx-framework\src\extended\proc\p18lf14k50.asm
               ADCON2bits   0x000fc0       data     extern E:\3.431\pic18-lt\cxx-framework\src\extended\proc\p18lf14k50.asm
                    ADRES   0x000fc3       data     extern E:\3.431\pic18-lt\cxx-framework\src\extended\proc\p18lf14k50.asm
                   ADRESH   0x000fc4       data     extern E:\3.431\pic18-lt\cxx-framework\src\extended\proc\p18lf14k50.asm
                   ADRESL   0x000fc3       data     extern E:\3.431\pic18-lt\cxx-framework\src\extended\proc\p18lf14k50.asm
                    ANSEL   0x000f7e       data     extern E:\3.431\pic18-lt\cxx-framework\src\extended\proc\p18lf14k50.asm
                   ANSELH   0x000f7f       data     extern E:\3.431\pic18-lt\cxx-framework\src\extended\proc\p18lf14k50.asm
               ANSELHbits   0x000f7f       data     extern E:\3.431\pic18-lt\cxx-framework\src\extended\proc\p18lf14k50.asm
                ANSELbits   0x000f7e       data     extern E:\3.431\pic18-lt\cxx-framework\src\extended\proc\p18lf14k50.asm
                  BAUDCON   0x000fb8       data     extern E:\3.431\pic18-lt\cxx-framework\src\extended\proc\p18lf14k50.asm
              BAUDCONbits   0x000fb8       data     extern E:\3.431\pic18-lt\cxx-framework\src\extended\proc\p18lf14k50.asm
                  BAUDCTL   0x000fb8       data     extern E:\3.431\pic18-lt\cxx-framework\src\extended\proc\p18lf14k50.asm
              BAUDCTLbits   0x000fb8       data     extern E:\3.431\pic18-lt\cxx-framework\src\extended\proc\p18lf14k50.asm
                      BDT   0x000200       data     extern D:\Projeler 2012\AT Guard Simple\Microchip\USB\usb_device.c
                      BSR   0x000fe0       data     extern E:\3.431\pic18-lt\cxx-framework\src\extended\proc\p18lf14k50.asm
       BothEP0OutUOWNsSet   0x000253       data     extern D:\Projeler 2012\AT Guard Simple\Microchip\USB\usb_device.c
                  CCP1CON   0x000fbd       data     extern E:\3.431\pic18-lt\cxx-framework\src\extended\proc\p18lf14k50.asm
              CCP1CONbits   0x000fbd       data     extern E:\3.431\pic18-lt\cxx-framework\src\extended\proc\p18lf14k50.asm
                    CCPR1   0x000fbe       data     extern E:\3.431\pic18-lt\cxx-framework\src\extended\proc\p18lf14k50.asm
                   CCPR1H   0x000fbf       data     extern E:\3.431\pic18-lt\cxx-framework\src\extended\proc\p18lf14k50.asm
                   CCPR1L   0x000fbe       data     extern E:\3.431\pic18-lt\cxx-framework\src\extended\proc\p18lf14k50.asm
                  CM1CON0   0x000f6d       data     extern E:\3.431\pic18-lt\cxx-framework\src\extended\proc\p18lf14k50.asm
              CM1CON0bits   0x000f6d       data     extern E:\3.431\pic18-lt\cxx-framework\src\extended\proc\p18lf14k50.asm
                  CM2CON0   0x000f6b       data     extern E:\3.431\pic18-lt\cxx-framework\src\extended\proc\p18lf14k50.asm
              CM2CON0bits   0x000f6b       data     extern E:\3.431\pic18-lt\cxx-framework\src\extended\proc\p18lf14k50.asm
                  CM2CON1   0x000f6c       data     extern E:\3.431\pic18-lt\cxx-framework\src\extended\proc\p18lf14k50.asm
              CM2CON1bits   0x000f6c       data     extern E:\3.431\pic18-lt\cxx-framework\src\extended\proc\p18lf14k50.asm
              CtrlTrfData   0x000228       data     extern D:\Projeler 2012\AT Guard Simple\Microchip\USB\usb_device.c
                     DDRA   0x000f92       data     extern E:\3.431\pic18-lt\cxx-framework\src\extended\proc\p18lf14k50.asm
                 DDRAbits   0x000f92       data     extern E:\3.431\pic18-lt\cxx-framework\src\extended\proc\p18lf14k50.asm
                     DDRB   0x000f93       data     extern E:\3.431\pic18-lt\cxx-framework\src\extended\proc\p18lf14k50.asm
                 DDRBbits   0x000f93       data     extern E:\3.431\pic18-lt\cxx-framework\src\extended\proc\p18lf14k50.asm
                     DDRC   0x000f94       data     extern E:\3.431\pic18-lt\cxx-framework\src\extended\proc\p18lf14k50.asm
                 DDRCbits   0x000f94       data     extern E:\3.431\pic18-lt\cxx-framework\src\extended\proc\p18lf14k50.asm
            DelayCounter1   0x0000f0       data     extern E:\3.431\pic18-lt\cxx-framework\src\extended\delays\delayd1.asm
            DelayCounter2   0x0002ff       data     extern E:\3.431\pic18-lt\cxx-framework\src\extended\delays\delayd2.asm
                  ECCP1AS   0x000fb6       data     extern E:\3.431\pic18-lt\cxx-framework\src\extended\proc\p18lf14k50.asm
              ECCP1ASbits   0x000fb6       data     extern E:\3.431\pic18-lt\cxx-framework\src\extended\proc\p18lf14k50.asm
                    EEADR   0x000fa9       data     extern E:\3.431\pic18-lt\cxx-framework\src\extended\proc\p18lf14k50.asm
                EEADRbits   0x000fa9       data     extern E:\3.431\pic18-lt\cxx-framework\src\extended\proc\p18lf14k50.asm
                   EECON1   0x000fa6       data     extern E:\3.431\pic18-lt\cxx-framework\src\extended\proc\p18lf14k50.asm
               EECON1bits   0x000fa6       data     extern E:\3.431\pic18-lt\cxx-framework\src\extended\proc\p18lf14k50.asm
                   EECON2   0x000fa7       data     extern E:\3.431\pic18-lt\cxx-framework\src\extended\proc\p18lf14k50.asm
                   EEDATA   0x000fa8       data     extern E:\3.431\pic18-lt\cxx-framework\src\extended\proc\p18lf14k50.asm
                     FSR0   0x000fe9       data     extern E:\3.431\pic18-lt\cxx-framework\src\extended\proc\p18lf14k50.asm
                    FSR0H   0x000fea       data     extern E:\3.431\pic18-lt\cxx-framework\src\extended\proc\p18lf14k50.asm
                    FSR0L   0x000fe9       data     extern E:\3.431\pic18-lt\cxx-framework\src\extended\proc\p18lf14k50.asm
                     FSR1   0x000fe1       data     extern E:\3.431\pic18-lt\cxx-framework\src\extended\proc\p18lf14k50.asm
                    FSR1H   0x000fe2       data     extern E:\3.431\pic18-lt\cxx-framework\src\extended\proc\p18lf14k50.asm
                    FSR1L   0x000fe1       data     extern E:\3.431\pic18-lt\cxx-framework\src\extended\proc\p18lf14k50.asm
                     FSR2   0x000fd9       data     extern E:\3.431\pic18-lt\cxx-framework\src\extended\proc\p18lf14k50.asm
                    FSR2H   0x000fda       data     extern E:\3.431\pic18-lt\cxx-framework\src\extended\proc\p18lf14k50.asm
                    FSR2L   0x000fd9       data     extern E:\3.431\pic18-lt\cxx-framework\src\extended\proc\p18lf14k50.asm
                    INDF0   0x000fef       data     extern E:\3.431\pic18-lt\cxx-framework\src\extended\proc\p18lf14k50.asm
                    INDF1   0x000fe7       data     extern E:\3.431\pic18-lt\cxx-framework\src\extended\proc\p18lf14k50.asm
                    INDF2   0x000fdf       data     extern E:\3.431\pic18-lt\cxx-framework\src\extended\proc\p18lf14k50.asm
                   INTCON   0x000ff2       data     extern E:\3.431\pic18-lt\cxx-framework\src\extended\proc\p18lf14k50.asm
                  INTCON2   0x000ff1       data     extern E:\3.431\pic18-lt\cxx-framework\src\extended\proc\p18lf14k50.asm
              INTCON2bits   0x000ff1       data     extern E:\3.431\pic18-lt\cxx-framework\src\extended\proc\p18lf14k50.asm
                  INTCON3   0x000ff0       data     extern E:\3.431\pic18-lt\cxx-framework\src\extended\proc\p18lf14k50.asm
              INTCON3bits   0x000ff0       data     extern E:\3.431\pic18-lt\cxx-framework\src\extended\proc\p18lf14k50.asm
               INTCONbits   0x000ff2       data     extern E:\3.431\pic18-lt\cxx-framework\src\extended\proc\p18lf14k50.asm
                     IOCA   0x000f79       data     extern E:\3.431\pic18-lt\cxx-framework\src\extended\proc\p18lf14k50.asm
                 IOCAbits   0x000f79       data     extern E:\3.431\pic18-lt\cxx-framework\src\extended\proc\p18lf14k50.asm
                     IOCB   0x000f7a       data     extern E:\3.431\pic18-lt\cxx-framework\src\extended\proc\p18lf14k50.asm
                 IOCBbits   0x000f7a       data     extern E:\3.431\pic18-lt\cxx-framework\src\extended\proc\p18lf14k50.asm
                     IPR1   0x000f9f       data     extern E:\3.431\pic18-lt\cxx-framework\src\extended\proc\p18lf14k50.asm
                 IPR1bits   0x000f9f       data     extern E:\3.431\pic18-lt\cxx-framework\src\extended\proc\p18lf14k50.asm
                     IPR2   0x000fa2       data     extern E:\3.431\pic18-lt\cxx-framework\src\extended\proc\p18lf14k50.asm
                 IPR2bits   0x000fa2       data     extern E:\3.431\pic18-lt\cxx-framework\src\extended\proc\p18lf14k50.asm
                     LATA   0x000f89       data     extern E:\3.431\pic18-lt\cxx-framework\src\extended\proc\p18lf14k50.asm
                 LATAbits   0x000f89       data     extern E:\3.431\pic18-lt\cxx-framework\src\extended\proc\p18lf14k50.asm
                     LATB   0x000f8a       data     extern E:\3.431\pic18-lt\cxx-framework\src\extended\proc\p18lf14k50.asm
                 LATBbits   0x000f8a       data     extern E:\3.431\pic18-lt\cxx-framework\src\extended\proc\p18lf14k50.asm
                     LATC   0x000f8b       data     extern E:\3.431\pic18-lt\cxx-framework\src\extended\proc\p18lf14k50.asm
                 LATCbits   0x000f8b       data     extern E:\3.431\pic18-lt\cxx-framework\src\extended\proc\p18lf14k50.asm
             MachineState   0x0002fa       data     extern D:\Projeler 2012\AT Guard Simple\Software_Optimized\src\main.c
                   OSCCON   0x000fd3       data     extern E:\3.431\pic18-lt\cxx-framework\src\extended\proc\p18lf14k50.asm
                  OSCCON2   0x000fd2       data     extern E:\3.431\pic18-lt\cxx-framework\src\extended\proc\p18lf14k50.asm
              OSCCON2bits   0x000fd2       data     extern E:\3.431\pic18-lt\cxx-framework\src\extended\proc\p18lf14k50.asm
               OSCCONbits   0x000fd3       data     extern E:\3.431\pic18-lt\cxx-framework\src\extended\proc\p18lf14k50.asm
                  OSCTUNE   0x000f9b       data     extern E:\3.431\pic18-lt\cxx-framework\src\extended\proc\p18lf14k50.asm
              OSCTUNEbits   0x000f9b       data     extern E:\3.431\pic18-lt\cxx-framework\src\extended\proc\p18lf14k50.asm
                       PC   0x000ff9       data     extern E:\3.431\pic18-lt\cxx-framework\src\extended\proc\p18lf14k50.asm
                      PCL   0x000ff9       data     extern E:\3.431\pic18-lt\cxx-framework\src\extended\proc\p18lf14k50.asm
                   PCLATH   0x000ffa       data     extern E:\3.431\pic18-lt\cxx-framework\src\extended\proc\p18lf14k50.asm
                   PCLATU   0x000ffb       data     extern E:\3.431\pic18-lt\cxx-framework\src\extended\proc\p18lf14k50.asm
                     PIE1   0x000f9d       data     extern E:\3.431\pic18-lt\cxx-framework\src\extended\proc\p18lf14k50.asm
                 PIE1bits   0x000f9d       data     extern E:\3.431\pic18-lt\cxx-framework\src\extended\proc\p18lf14k50.asm
                     PIE2   0x000fa0       data     extern E:\3.431\pic18-lt\cxx-framework\src\extended\proc\p18lf14k50.asm
                 PIE2bits   0x000fa0       data     extern E:\3.431\pic18-lt\cxx-framework\src\extended\proc\p18lf14k50.asm
                     PIR1   0x000f9e       data     extern E:\3.431\pic18-lt\cxx-framework\src\extended\proc\p18lf14k50.asm
                 PIR1bits   0x000f9e       data     extern E:\3.431\pic18-lt\cxx-framework\src\extended\proc\p18lf14k50.asm
                     PIR2   0x000fa1       data     extern E:\3.431\pic18-lt\cxx-framework\src\extended\proc\p18lf14k50.asm
                 PIR2bits   0x000fa1       data     extern E:\3.431\pic18-lt\cxx-framework\src\extended\proc\p18lf14k50.asm
                   PLUSW0   0x000feb       data     extern E:\3.431\pic18-lt\cxx-framework\src\extended\proc\p18lf14k50.asm
                   PLUSW1   0x000fe3       data     extern E:\3.431\pic18-lt\cxx-framework\src\extended\proc\p18lf14k50.asm
                   PLUSW2   0x000fdb       data     extern E:\3.431\pic18-lt\cxx-framework\src\extended\proc\p18lf14k50.asm
                    PORTA   0x000f80       data     extern E:\3.431\pic18-lt\cxx-framework\src\extended\proc\p18lf14k50.asm
                PORTAbits   0x000f80       data     extern E:\3.431\pic18-lt\cxx-framework\src\extended\proc\p18lf14k50.asm
                    PORTB   0x000f81       data     extern E:\3.431\pic18-lt\cxx-framework\src\extended\proc\p18lf14k50.asm
                PORTBbits   0x000f81       data     extern E:\3.431\pic18-lt\cxx-framework\src\extended\proc\p18lf14k50.asm
                    PORTC   0x000f82       data     extern E:\3.431\pic18-lt\cxx-framework\src\extended\proc\p18lf14k50.asm
                PORTCbits   0x000f82       data     extern E:\3.431\pic18-lt\cxx-framework\src\extended\proc\p18lf14k50.asm
                 POSTDEC0   0x000fed       data     extern E:\3.431\pic18-lt\cxx-framework\src\extended\proc\p18lf14k50.asm
                 POSTDEC1   0x000fe5       data     extern E:\3.431\pic18-lt\cxx-framework\src\extended\proc\p18lf14k50.asm
                 POSTDEC2   0x000fdd       data     extern E:\3.431\pic18-lt\cxx-framework\src\extended\proc\p18lf14k50.asm
                 POSTINC0   0x000fee       data     extern E:\3.431\pic18-lt\cxx-framework\src\extended\proc\p18lf14k50.asm
                 POSTINC1   0x000fe6       data     extern E:\3.431\pic18-lt\cxx-framework\src\extended\proc\p18lf14k50.asm
                 POSTINC2   0x000fde       data     extern E:\3.431\pic18-lt\cxx-framework\src\extended\proc\p18lf14k50.asm
                      PR2   0x000fcb       data     extern E:\3.431\pic18-lt\cxx-framework\src\extended\proc\p18lf14k50.asm
                  PREINC0   0x000fec       data     extern E:\3.431\pic18-lt\cxx-framework\src\extended\proc\p18lf14k50.asm
                  PREINC1   0x000fe4       data     extern E:\3.431\pic18-lt\cxx-framework\src\extended\proc\p18lf14k50.asm
                  PREINC2   0x000fdc       data     extern E:\3.431\pic18-lt\cxx-framework\src\extended\proc\p18lf14k50.asm
                     PROD   0x000ff3       data     extern E:\3.431\pic18-lt\cxx-framework\src\extended\proc\p18lf14k50.asm
                    PRODH   0x000ff4       data     extern E:\3.431\pic18-lt\cxx-framework\src\extended\proc\p18lf14k50.asm
                    PRODL   0x000ff3       data     extern E:\3.431\pic18-lt\cxx-framework\src\extended\proc\p18lf14k50.asm
                  PSTRCON   0x000fb9       data     extern E:\3.431\pic18-lt\cxx-framework\src\extended\proc\p18lf14k50.asm
              PSTRCONbits   0x000fb9       data     extern E:\3.431\pic18-lt\cxx-framework\src\extended\proc\p18lf14k50.asm
                  PWM1CON   0x000fb7       data     extern E:\3.431\pic18-lt\cxx-framework\src\extended\proc\p18lf14k50.asm
              PWM1CONbits   0x000fb7       data     extern E:\3.431\pic18-lt\cxx-framework\src\extended\proc\p18lf14k50.asm
                     RCON   0x000fd0       data     extern E:\3.431\pic18-lt\cxx-framework\src\extended\proc\p18lf14k50.asm
                 RCONbits   0x000fd0       data     extern E:\3.431\pic18-lt\cxx-framework\src\extended\proc\p18lf14k50.asm
                    RCREG   0x000fae       data     extern E:\3.431\pic18-lt\cxx-framework\src\extended\proc\p18lf14k50.asm
                    RCSTA   0x000fab       data     extern E:\3.431\pic18-lt\cxx-framework\src\extended\proc\p18lf14k50.asm
                RCSTAbits   0x000fab       data     extern E:\3.431\pic18-lt\cxx-framework\src\extended\proc\p18lf14k50.asm
                  REFCON0   0x000fba       data     extern E:\3.431\pic18-lt\cxx-framework\src\extended\proc\p18lf14k50.asm
              REFCON0bits   0x000fba       data     extern E:\3.431\pic18-lt\cxx-framework\src\extended\proc\p18lf14k50.asm
                  REFCON1   0x000fbb       data     extern E:\3.431\pic18-lt\cxx-framework\src\extended\proc\p18lf14k50.asm
              REFCON1bits   0x000fbb       data     extern E:\3.431\pic18-lt\cxx-framework\src\extended\proc\p18lf14k50.asm
                  REFCON2   0x000fbc       data     extern E:\3.431\pic18-lt\cxx-framework\src\extended\proc\p18lf14k50.asm
              REFCON2bits   0x000fbc       data     extern E:\3.431\pic18-lt\cxx-framework\src\extended\proc\p18lf14k50.asm
       ReceivedDataBuffer   0x000260       data     extern D:\Projeler 2012\AT Guard Simple\Software_Optimized\src\main.c
             RemoteWakeup   0x00024f       data     extern D:\Projeler 2012\AT Guard Simple\Microchip\USB\usb_device.c
                   SLRCON   0x000f76       data     extern E:\3.431\pic18-lt\cxx-framework\src\extended\proc\p18lf14k50.asm
               SLRCONbits   0x000f76       data     extern E:\3.431\pic18-lt\cxx-framework\src\extended\proc\p18lf14k50.asm
                    SPBRG   0x000faf       data     extern E:\3.431\pic18-lt\cxx-framework\src\extended\proc\p18lf14k50.asm
                   SPBRGH   0x000fb0       data     extern E:\3.431\pic18-lt\cxx-framework\src\extended\proc\p18lf14k50.asm
                   SRCON0   0x000f68       data     extern E:\3.431\pic18-lt\cxx-framework\src\extended\proc\p18lf14k50.asm
[...]
                 DDRAbits   0x000f92       data     extern E:\3.431\pic18-lt\cxx-framework\src\extended\proc\p18lf14k50.asm
                     DDRA   0x000f92       data     extern E:\3.431\pic18-lt\cxx-framework\src\extended\proc\p18lf14k50.asm
                    TRISA   0x000f92       data     extern E:\3.431\pic18-lt\cxx-framework\src\extended\proc\p18lf14k50.asm
                TRISAbits   0x000f92       data     extern E:\3.431\pic18-lt\cxx-framework\src\extended\proc\p18lf14k50.asm
                TRISBbits   0x000f93       data     extern E:\3.431\pic18-lt\cxx-framework\src\extended\proc\p18lf14k50.asm
                    TRISB   0x000f93       data     extern E:\3.431\pic18-lt\cxx-framework\src\extended\proc\p18lf14k50.asm
                 DDRBbits   0x000f93       data     extern E:\3.431\pic18-lt\cxx-framework\src\extended\proc\p18lf14k50.asm
                     DDRB   0x000f93       data     extern E:\3.431\pic18-lt\cxx-framework\src\extended\proc\p18lf14k50.asm
                 DDRCbits   0x000f94       data     extern E:\3.431\pic18-lt\cxx-framework\src\extended\proc\p18lf14k50.asm
                     DDRC   0x000f94       data     extern E:\3.431\pic18-lt\cxx-framework\src\extended\proc\p18lf14k50.asm
                TRISCbits   0x000f94       data     extern E:\3.431\pic18-lt\cxx-framework\src\extended\proc\p18lf14k50.asm
                    TRISC   0x000f94       data     extern E:\3.431\pic18-lt\cxx-framework\src\extended\proc\p18lf14k50.asm
                  OSCTUNE   0x000f9b       data     extern E:\3.431\pic18-lt\cxx-framework\src\extended\proc\p18lf14k50.asm
              OSCTUNEbits   0x000f9b       data     extern E:\3.431\pic18-lt\cxx-framework\src\extended\proc\p18lf14k50.asm
                     PIE1   0x000f9d       data     extern E:\3.431\pic18-lt\cxx-framework\src\extended\proc\p18lf14k50.asm
                 PIE1bits   0x000f9d       data     extern E:\3.431\pic18-lt\cxx-framework\src\extended\proc\p18lf14k50.asm
                 PIR1bits   0x000f9e       data     extern E:\3.431\pic18-lt\cxx-framework\src\extended\proc\p18lf14k50.asm
                     PIR1   0x000f9e       data     extern E:\3.431\pic18-lt\cxx-framework\src\extended\proc\p18lf14k50.asm
                 IPR1bits   0x000f9f       data     extern E:\3.431\pic18-lt\cxx-framework\src\extended\proc\p18lf14k50.asm
                     IPR1   0x000f9f       data     extern E:\3.431\pic18-lt\cxx-framework\src\extended\proc\p18lf14k50.asm
                 PIE2bits   0x000fa0       data     extern E:\3.431\pic18-lt\cxx-framework\src\extended\proc\p18lf14k50.asm
                     PIE2   0x000fa0       data     extern E:\3.431\pic18-lt\cxx-framework\src\extended\proc\p18lf14k50.asm
                     PIR2   0x000fa1       data     extern E:\3.431\pic18-lt\cxx-framework\src\extended\proc\p18lf14k50.asm
                 PIR2bits   0x000fa1       data     extern E:\3.431\pic18-lt\cxx-framework\src\extended\proc\p18lf14k50.asm
                     IPR2   0x000fa2       data     extern E:\3.431\pic18-lt\cxx-framework\src\extended\proc\p18lf14k50.asm
                 IPR2bits   0x000fa2       data     extern E:\3.431\pic18-lt\cxx-framework\src\extended\proc\p18lf14k50.asm
               EECON1bits   0x000fa6       data     extern E:\3.431\pic18-lt\cxx-framework\src\extended\proc\p18lf14k50.asm
                   EECON1   0x000fa6       data     extern E:\3.431\pic18-lt\cxx-framework\src\extended\proc\p18lf14k50.asm
                   EECON2   0x000fa7       data     extern E:\3.431\pic18-lt\cxx-framework\src\extended\proc\p18lf14k50.asm
                   EEDATA   0x000fa8       data     extern E:\3.431\pic18-lt\cxx-framework\src\extended\proc\p18lf14k50.asm
                    EEADR   0x000fa9       data     extern E:\3.431\pic18-lt\cxx-framework\src\extended\proc\p18lf14k50.asm
                EEADRbits   0x000fa9       data     extern E:\3.431\pic18-lt\cxx-framework\src\extended\proc\p18lf14k50.asm
                    RCSTA   0x000fab       data     extern E:\3.431\pic18-lt\cxx-framework\src\extended\proc\p18lf14k50.asm
                RCSTAbits   0x000fab       data     extern E:\3.431\pic18-lt\cxx-framework\src\extended\proc\p18lf14k50.asm
                    TXSTA   0x000fac       data     extern E:\3.431\pic18-lt\cxx-framework\src\extended\proc\p18lf14k50.asm
                TXSTAbits   0x000fac       data     extern E:\3.431\pic18-lt\cxx-framework\src\extended\proc\p18lf14k50.asm
                    TXREG   0x000fad       data     extern E:\3.431\pic18-lt\cxx-framework\src\extended\proc\p18lf14k50.asm
                    RCREG   0x000fae       data     extern E:\3.431\pic18-lt\cxx-framework\src\extended\proc\p18lf14k50.asm
                    SPBRG   0x000faf       data     extern E:\3.431\pic18-lt\cxx-framework\src\extended\proc\p18lf14k50.asm
                   SPBRGH   0x000fb0       data     extern E:\3.431\pic18-lt\cxx-framework\src\extended\proc\p18lf14k50.asm
                T3CONbits   0x000fb1       data     extern E:\3.431\pic18-lt\cxx-framework\src\extended\proc\p18lf14k50.asm
                    T3CON   0x000fb1       data     extern E:\3.431\pic18-lt\cxx-framework\src\extended\proc\p18lf14k50.asm
                    TMR3L   0x000fb2       data     extern E:\3.431\pic18-lt\cxx-framework\src\extended\proc\p18lf14k50.asm
                    TMR3H   0x000fb3       data     extern E:\3.431\pic18-lt\cxx-framework\src\extended\proc\p18lf14k50.asm
              ECCP1ASbits   0x000fb6       data     extern E:\3.431\pic18-lt\cxx-framework\src\extended\proc\p18lf14k50.asm
                  ECCP1AS   0x000fb6       data     extern E:\3.431\pic18-lt\cxx-framework\src\extended\proc\p18lf14k50.asm
                  PWM1CON   0x000fb7       data     extern E:\3.431\pic18-lt\cxx-framework\src\extended\proc\p18lf14k50.asm
              PWM1CONbits   0x000fb7       data     extern E:\3.431\pic18-lt\cxx-framework\src\extended\proc\p18lf14k50.asm
                  BAUDCON   0x000fb8       data     extern E:\3.431\pic18-lt\cxx-framework\src\extended\proc\p18lf14k50.asm
              BAUDCONbits   0x000fb8       data     extern E:\3.431\pic18-lt\cxx-framework\src\extended\proc\p18lf14k50.asm
                  BAUDCTL   0x000fb8       data     extern E:\3.431\pic18-lt\cxx-framework\src\extended\proc\p18lf14k50.asm
              BAUDCTLbits   0x000fb8       data     extern E:\3.431\pic18-lt\cxx-framework\src\extended\proc\p18lf14k50.asm
                  PSTRCON   0x000fb9       data     extern E:\3.431\pic18-lt\cxx-framework\src\extended\proc\p18lf14k50.asm
              PSTRCONbits   0x000fb9       data     extern E:\3.431\pic18-lt\cxx-framework\src\extended\proc\p18lf14k50.asm
             VREFCON0bits   0x000fba       data     extern E:\3.431\pic18-lt\cxx-framework\src\extended\proc\p18lf14k50.asm
                 VREFCON0   0x000fba       data     extern E:\3.431\pic18-lt\cxx-framework\src\extended\proc\p18lf14k50.asm
                  REFCON0   0x000fba       data     extern E:\3.431\pic18-lt\cxx-framework\src\extended\proc\p18lf14k50.asm
              REFCON0bits   0x000fba       data     extern E:\3.431\pic18-lt\cxx-framework\src\extended\proc\p18lf14k50.asm
             VREFCON1bits   0x000fbb       data     extern E:\3.431\pic18-lt\cxx-framework\src\extended\proc\p18lf14k50.asm
              REFCON1bits   0x000fbb       data     extern E:\3.431\pic18-lt\cxx-framework\src\extended\proc\p18lf14k50.asm
                 VREFCON1   0x000fbb       data     extern E:\3.431\pic18-lt\cxx-framework\src\extended\proc\p18lf14k50.asm
                  REFCON1   0x000fbb       data     extern E:\3.431\pic18-lt\cxx-framework\src\extended\proc\p18lf14k50.asm
             VREFCON2bits   0x000fbc       data     extern E:\3.431\pic18-lt\cxx-framework\src\extended\proc\p18lf14k50.asm
                 VREFCON2   0x000fbc       data     extern E:\3.431\pic18-lt\cxx-framework\src\extended\proc\p18lf14k50.asm
              REFCON2bits   0x000fbc       data     extern E:\3.431\pic18-lt\cxx-framework\src\extended\proc\p18lf14k50.asm
                  REFCON2   0x000fbc       data     extern E:\3.431\pic18-lt\cxx-framework\src\extended\proc\p18lf14k50.asm
                  CCP1CON   0x000fbd       data     extern E:\3.431\pic18-lt\cxx-framework\src\extended\proc\p18lf14k50.asm
              CCP1CONbits   0x000fbd       data     extern E:\3.431\pic18-lt\cxx-framework\src\extended\proc\p18lf14k50.asm
                    CCPR1   0x000fbe       data     extern E:\3.431\pic18-lt\cxx-framework\src\extended\proc\p18lf14k50.asm
                   CCPR1L   0x000fbe       data     extern E:\3.431\pic18-lt\cxx-framework\src\extended\proc\p18lf14k50.asm
                   CCPR1H   0x000fbf       data     extern E:\3.431\pic18-lt\cxx-framework\src\extended\proc\p18lf14k50.asm
               ADCON2bits   0x000fc0       data     extern E:\3.431\pic18-lt\cxx-framework\src\extended\proc\p18lf14k50.asm
                   ADCON2   0x000fc0       data     extern E:\3.431\pic18-lt\cxx-framework\src\extended\proc\p18lf14k50.asm
               ADCON1bits   0x000fc1       data     extern E:\3.431\pic18-lt\cxx-framework\src\extended\proc\p18lf14k50.asm
                   ADCON1   0x000fc1       data     extern E:\3.431\pic18-lt\cxx-framework\src\extended\proc\p18lf14k50.asm
               ADCON0bits   0x000fc2       data     extern E:\3.431\pic18-lt\cxx-framework\src\extended\proc\p18lf14k50.asm
                   ADCON0   0x000fc2       data     extern E:\3.431\pic18-lt\cxx-framework\src\extended\proc\p18lf14k50.asm
                   ADRESL   0x000fc3       data     extern E:\3.431\pic18-lt\cxx-framework\src\extended\proc\p18lf14k50.asm
                    ADRES   0x000fc3       data     extern E:\3.431\pic18-lt\cxx-framework\src\extended\proc\p18lf14k50.asm
                   ADRESH   0x000fc4       data     extern E:\3.431\pic18-lt\cxx-framework\src\extended\proc\p18lf14k50.asm
              SSPCON2bits   0x000fc5       data     extern E:\3.431\pic18-lt\cxx-framework\src\extended\proc\p18lf14k50.asm
                  SSPCON2   0x000fc5       data     extern E:\3.431\pic18-lt\cxx-framework\src\extended\proc\p18lf14k50.asm
                  SSPCON1   0x000fc6       data     extern E:\3.431\pic18-lt\cxx-framework\src\extended\proc\p18lf14k50.asm
              SSPCON1bits   0x000fc6       data     extern E:\3.431\pic18-lt\cxx-framework\src\extended\proc\p18lf14k50.asm
                  SSPSTAT   0x000fc7       data     extern E:\3.431\pic18-lt\cxx-framework\src\extended\proc\p18lf14k50.asm
              SSPSTATbits   0x000fc7       data     extern E:\3.431\pic18-lt\cxx-framework\src\extended\proc\p18lf14k50.asm
                   SSPADD   0x000fc8       data     extern E:\3.431\pic18-lt\cxx-framework\src\extended\proc\p18lf14k50.asm
                   SSPBUF   0x000fc9       data     extern E:\3.431\pic18-lt\cxx-framework\src\extended\proc\p18lf14k50.asm
                    T2CON   0x000fca       data     extern E:\3.431\pic18-lt\cxx-framework\src\extended\proc\p18lf14k50.asm
                T2CONbits   0x000fca       data     extern E:\3.431\pic18-lt\cxx-framework\src\extended\proc\p18lf14k50.asm
                      PR2   0x000fcb       data     extern E:\3.431\pic18-lt\cxx-framework\src\extended\proc\p18lf14k50.asm
                     TMR2   0x000fcc       data     extern E:\3.431\pic18-lt\cxx-framework\src\extended\proc\p18lf14k50.asm
                    T1CON   0x000fcd       data     extern E:\3.431\pic18-lt\cxx-framework\src\extended\proc\p18lf14k50.asm
                T1CONbits   0x000fcd       data     extern E:\3.431\pic18-lt\cxx-framework\src\extended\proc\p18lf14k50.asm
                    TMR1L   0x000fce       data     extern E:\3.431\pic18-lt\cxx-framework\src\extended\proc\p18lf14k50.asm
                    TMR1H   0x000fcf       data     extern E:\3.431\pic18-lt\cxx-framework\src\extended\proc\p18lf14k50.asm
                     RCON   0x000fd0       data     extern E:\3.431\pic18-lt\cxx-framework\src\extended\proc\p18lf14k50.asm
                 RCONbits   0x000fd0       data     extern E:\3.431\pic18-lt\cxx-framework\src\extended\proc\p18lf14k50.asm
               WDTCONbits   0x000fd1       data     extern E:\3.431\pic18-lt\cxx-framework\src\extended\proc\p18lf14k50.asm
                   WDTCON   0x000fd1       data     extern E:\3.431\pic18-lt\cxx-framework\src\extended\proc\p18lf14k50.asm
                  OSCCON2   0x000fd2       data     extern E:\3.431\pic18-lt\cxx-framework\src\extended\proc\p18lf14k50.asm
              OSCCON2bits   0x000fd2       data     extern E:\3.431\pic18-lt\cxx-framework\src\extended\proc\p18lf14k50.asm
                   OSCCON   0x000fd3       data     extern E:\3.431\pic18-lt\cxx-framework\src\extended\proc\p18lf14k50.asm
               OSCCONbits   0x000fd3       data     extern E:\3.431\pic18-lt\cxx-framework\src\extended\proc\p18lf14k50.asm
                    T0CON   0x000fd5       data     extern E:\3.431\pic18-lt\cxx-framework\src\extended\proc\p18lf14k50.asm
                T0CONbits   0x000fd5       data     extern E:\3.431\pic18-lt\cxx-framework\src\extended\proc\p18lf14k50.asm
                    TMR0L   0x000fd6       data     extern E:\3.431\pic18-lt\cxx-framework\src\extended\proc\p18lf14k50.asm
                    TMR0H   0x000fd7       data     extern E:\3.431\pic18-lt\cxx-framework\src\extended\proc\p18lf14k50.asm
               STATUSbits   0x000fd8       data     extern E:\3.431\pic18-lt\cxx-framework\src\extended\proc\p18lf14k50.asm
                   STATUS   0x000fd8       data     extern E:\3.431\pic18-lt\cxx-framework\src\extended\proc\p18lf14k50.asm
                     FSR2   0x000fd9       data     extern E:\3.431\pic18-lt\cxx-framework\src\extended\proc\p18lf14k50.asm
                    FSR2L   0x000fd9       data     extern E:\3.431\pic18-lt\cxx-framework\src\extended\proc\p18lf14k50.asm
                    FSR2H   0x000fda       data     extern E:\3.431\pic18-lt\cxx-framework\src\extended\proc\p18lf14k50.asm
                   PLUSW2   0x000fdb       data     extern E:\3.431\pic18-lt\cxx-framework\src\extended\proc\p18lf14k50.asm
                  PREINC2   0x000fdc       data     extern E:\3.431\pic18-lt\cxx-framework\src\extended\proc\p18lf14k50.asm
                 POSTDEC2   0x000fdd       data     extern E:\3.431\pic18-lt\cxx-framework\src\extended\proc\p18lf14k50.asm
                 POSTINC2   0x000fde       data     extern E:\3.431\pic18-lt\cxx-framework\src\extended\proc\p18lf14k50.asm
                    INDF2   0x000fdf       data     extern E:\3.431\pic18-lt\cxx-framework\src\extended\proc\p18lf14k50.asm
                      BSR   0x000fe0       data     extern E:\3.431\pic18-lt\cxx-framework\src\extended\proc\p18lf14k50.asm
                    FSR1L   0x000fe1       data     extern E:\3.431\pic18-lt\cxx-framework\src\extended\proc\p18lf14k50.asm
                     FSR1   0x000fe1       data     extern E:\3.431\pic18-lt\cxx-framework\src\extended\proc\p18lf14k50.asm
                    FSR1H   0x000fe2       data     extern E:\3.431\pic18-lt\cxx-framework\src\extended\proc\p18lf14k50.asm
                   PLUSW1   0x000fe3       data     extern E:\3.431\pic18-lt\cxx-framework\src\extended\proc\p18lf14k50.asm
                  PREINC1   0x000fe4       data     extern E:\3.431\pic18-lt\cxx-framework\src\extended\proc\p18lf14k50.asm
                 POSTDEC1   0x000fe5       data     extern E:\3.431\pic18-lt\cxx-framework\src\extended\proc\p18lf14k50.asm
                 POSTINC1   0x000fe6       data     extern E:\3.431\pic18-lt\cxx-framework\src\extended\proc\p18lf14k50.asm
                    INDF1   0x000fe7       data     extern E:\3.431\pic18-lt\cxx-framework\src\extended\proc\p18lf14k50.asm
                     WREG   0x000fe8       data     extern E:\3.431\pic18-lt\cxx-framework\src\extended\proc\p18lf14k50.asm
                        W   0x000fe8       data     extern E:\3.431\pic18-lt\cxx-framework\src\extended\proc\p18lf14k50.asm
                    FSR0L   0x000fe9       data     extern E:\3.431\pic18-lt\cxx-framework\src\extended\proc\p18lf14k50.asm
                     FSR0   0x000fe9       data     extern E:\3.431\pic18-lt\cxx-framework\src\extended\proc\p18lf14k50.asm
                    FSR0H   0x000fea       data     extern E:\3.431\pic18-lt\cxx-framework\src\extended\proc\p18lf14k50.asm
                   PLUSW0   0x000feb       data     extern E:\3.431\pic18-lt\cxx-framework\src\extended\proc\p18lf14k50.asm
                  PREINC0   0x000fec       data     extern E:\3.431\pic18-lt\cxx-framework\src\extended\proc\p18lf14k50.asm
                 POSTDEC0   0x000fed       data     extern E:\3.431\pic18-lt\cxx-framework\src\extended\proc\p18lf14k50.asm
                 POSTINC0   0x000fee       data     extern E:\3.431\pic18-lt\cxx-framework\src\extended\proc\p18lf14k50.asm
                    INDF0   0x000fef       data     extern E:\3.431\pic18-lt\cxx-framework\src\extended\proc\p18lf14k50.asm
                  INTCON3   0x000ff0       data     extern E:\3.431\pic18-lt\cxx-framework\src\extended\proc\p18lf14k50.asm
              INTCON3bits   0x000ff0       data     extern E:\3.431\pic18-lt\cxx-framework\src\extended\proc\p18lf14k50.asm
                  INTCON2   0x000ff1       data     extern E:\3.431\pic18-lt\cxx-framework\src\extended\proc\p18lf14k50.asm
              INTCON2bits   0x000ff1       data     extern E:\3.431\pic18-lt\cxx-framework\src\extended\proc\p18lf14k50.asm
               INTCONbits   0x000ff2       data     extern E:\3.431\pic18-lt\cxx-framework\src\extended\proc\p18lf14k50.asm
                   INTCON   0x000ff2       data     extern E:\3.431\pic18-lt\cxx-framework\src\extended\proc\p18lf14k50.asm
                    PRODL   0x000ff3       data     extern E:\3.431\pic18-lt\cxx-framework\src\extended\proc\p18lf14k50.asm
                     PROD   0x000ff3       data     extern E:\3.431\pic18-lt\cxx-framework\src\extended\proc\p18lf14k50.asm
                    PRODH   0x000ff4       data     extern E:\3.431\pic18-lt\cxx-framework\src\extended\proc\p18lf14k50.asm
                   TABLAT   0x000ff5       data     extern E:\3.431\pic18-lt\cxx-framework\src\extended\proc\p18lf14k50.asm
                  TBLPTRL   0x000ff6       data     extern E:\3.431\pic18-lt\cxx-framework\src\extended\proc\p18lf14k50.asm
                   TBLPTR   0x000ff6       data     extern E:\3.431\pic18-lt\cxx-framework\src\extended\proc\p18lf14k50.asm
                  TBLPTRH   0x000ff7       data     extern E:\3.431\pic18-lt\cxx-framework\src\extended\proc\p18lf14k50.asm
                  TBLPTRU   0x000ff8       data     extern E:\3.431\pic18-lt\cxx-framework\src\extended\proc\p18lf14k50.asm
                       PC   0x000ff9       data     extern E:\3.431\pic18-lt\cxx-framework\src\extended\proc\p18lf14k50.asm
                      PCL   0x000ff9       data     extern E:\3.431\pic18-lt\cxx-framework\src\extended\proc\p18lf14k50.asm
                   PCLATH   0x000ffa       data     extern E:\3.431\pic18-lt\cxx-framework\src\extended\proc\p18lf14k50.asm
                   PCLATU   0x000ffb       data     extern E:\3.431\pic18-lt\cxx-framework\src\extended\proc\p18lf14k50.asm
               STKPTRbits   0x000ffc       data     extern E:\3.431\pic18-lt\cxx-framework\src\extended\proc\p18lf14k50.asm
                   STKPTR   0x000ffc       data     extern E:\3.431\pic18-lt\cxx-framework\src\extended\proc\p18lf14k50.asm
                      TOS   0x000ffd       data     extern E:\3.431\pic18-lt\cxx-framework\src\extended\proc\p18lf14k50.asm
                     TOSL   0x000ffd       data     extern E:\3.431\pic18-lt\cxx-framework\src\extended\proc\p18lf14k50.asm
                     TOSH   0x000ffe       data     extern E:\3.431\pic18-lt\cxx-framework\src\extended\proc\p18lf14k50.asm
                     TOSU   0x000fff       data     extern E:\3.431\pic18-lt\cxx-framework\src\extended\proc\p18lf14k50.asm


