Microchip MPLAB XC8 Compiler V1.11 ()

Linker command line:

--edf=C:\Program Files\Microchip\xc8\v1.11\dat\en_msgs.txt -cs \
  -h+dist/LPC_USB_Development_Kit_PIC16F1459/production\MPLAB.X.production.sym \
  -z -Q16F1459 -ol.obj \
  -Mdist/LPC_USB_Development_Kit_PIC16F1459/production/MPLAB.X.production.map \
  -E1 -ver=XC8 -ACONST=00h-0FFhx32 -ACODE=00h-07FFhx4 -ASTRCODE=00h-01FFFh \
  -AENTRY=00h-0FFhx32 -ASTRING=00h-0FFhx32 -ACOMMON=070h-07Fh \
  -ABANK0=020h-06Fh -ABANK1=0A0h-0EFh -ABANK2=0120h-016Fh \
  -ABANK3=01A0h-01EFh -ABANK4=0220h-026Fh -ABANK5=02A0h-02EFh \
  -ABANK6=0320h-036Fh -ABANK7=03A0h-03EFh -ABANK8=0420h-046Fh \
  -ABANK9=04A0h-04EFh -ABANK10=0520h-056Fh -ABANK11=05A0h-05EFh \
  -ABANK12=0620h-064Fh -ABIGRAM=02000h-023EFh \
  -ARAM=020h-06Fh,0A0h-0EFh,0120h-016Fh,01A0h-01EFh,0220h-026Fh,02A0h-02EFh,0320h-036Fh,03A0h-03EFh,0420h-046Fh,04A0h-04EFh,0520h-056Fh,05A0h-05EFh,0620h-064Fh \
  -AABS1=020h-07Fh,0A0h-0EFh,0120h-016Fh,01A0h-01EFh,0220h-026Fh,02A0h-02EFh,0320h-036Fh,03A0h-03EFh,0420h-046Fh,04A0h-04EFh,0520h-056Fh,05A0h-05EFh,0620h-064Fh \
  -ASFR0=00h-01Fh -ASFR1=080h-09Fh -ASFR2=0100h-011Fh -ASFR3=0180h-019Fh \
  -ASFR4=0200h-021Fh -ASFR5=0280h-029Fh -ASFR6=0300h-031Fh \
  -ASFR7=0380h-039Fh -ASFR8=0400h-041Fh -ASFR9=0480h-049Fh \
  -ASFR10=0500h-051Fh -ASFR11=0580h-059Fh -ASFR12=0600h-061Fh \
  -ASFR13=0680h-06EFh -ASFR14=0700h-076Fh -ASFR15=0780h-07EFh \
  -ASFR16=0800h-086Fh -ASFR17=0880h-08EFh -ASFR18=0900h-096Fh \
  -ASFR19=0980h-09EFh -ASFR20=0A00h-0A6Fh -ASFR21=0A80h-0AEFh \
  -ASFR22=0B00h-0B6Fh -ASFR23=0B80h-0BEFh -ASFR24=0C00h-0C6Fh \
  -ASFR25=0C80h-0CEFh -ASFR26=0D00h-0D6Fh -ASFR27=0D80h-0DEFh \
  -ASFR28=0E00h-0E6Fh -ASFR29=0E80h-0EEFh -ASFR30=0F00h-0F6Fh \
  -ASFR31=0F80h-0FEFh -preset_vec=00h,intentry=04h,init,end_init \
  -ppowerup=CODE -pfunctab=CODE -ACONFIG=08007h-08008h -pconfig=CONFIG \
  -DCONFIG=2 -AIDLOC=08000h-08003h -pidloc=IDLOC -DIDLOC=2 -DCODE=2 \
  -DSTRCODE=2 -DSTRING=2 -DCONST=2 -DENTRY=2 -k \
  C:\Users\adc\AppData\Local\Temp\s3vc.obj \
  dist/LPC_USB_Development_Kit_PIC16F1459/production\MPLAB.X.production.obj 

Object code version is 3.10

Machine type is 16F1459



                Name                               Link     Load   Length Selector   Space Scale
C:\Users\adc\AppData\Local\Temp\s3vc.obj
                end_init                              F        F        2        8       0
                reset_vec                             0        0        2        0       0
                config                             8007     8007        2    1000E       0
dist/LPC_USB_Development_Kit_PIC16F1459/production\MPLAB.X.production.obj
                intentry                              4        4        B        8       0
                text905                             AAB      AAB       5D     1556       0
                text904                             5C2      5C2       BA      B84       0
                text903                             9C7      9C7       44     138E       0
                text902                             929      929       29     1252       0
                text901                             7DF      7DF       1D      B84       0
                text900                               3        3        1        6       0
                text899                             F5D      F5D       A3     1EBA       0
                text898                             7FC      7FC        4      B84       0
                text897                             4FF      4FF        1        8       0
                text896                             4FE      4FE        1        8       0
                text895                             4FD      4FD        1        8       0
                text894                             4FC      4FC        1        8       0
                text893                             A0B      A0B       4A     1416       0
                text892                              11       11      146        8       0
                text891                             B66      B66       64     16CC       0
                text890                             CAB      CAB       7A     1956       0
                text889                             894      894       22     1128       0
                text888                             DA9      DA9       8E     1B52       0
                swtext1                             800      800       1A     1000       0
                text887                             BCA      BCA       6B     1794       0
                text886                             E37      E37       93     1C6E       0
                text885                             C35      C35       76     186A       0
                text884                             48D      48D       6E        8       0
                text883                             67C      67C       B3      B84       0
                text882                             952      952       32     12A4       0
                text881                             A55      A55       56     14AA       0
                text880                             ECA      ECA       93     1D94       0
                text879                             984      984       43     1308       0
                text878                             D25      D25       84     1A4A       0
                text877                             901      901       28     1202       0
                text876                             861      861       19     10C2       0
                text875                             834      834       16     1068       0
                text874                             28F      28F      135        8       0
                text872                             87A      87A       1A     10F4       0
                text871                             72F      72F       B0      B84       0
                text870                             84A      84A       17     1094       0
                text869                             B08      B08       5E     1610       0
                text868                             157      157      138        8       0
                text867                             3C4      3C4       C9        8       0
                text866                             81F      81F       15     103E       0
                text865                             8B6      8B6       24     116C       0
                maintext                           17F2     17F2        E     2FE4       0
                cstackBANK0                          50       50       17       50       1
                cstackCOMMON                         70       70        E       70       1
                cstackBANK1                          E0       E0        A       E0       1
                cstackBANK2                         168      168        8      160       1
                clrtext                            17EC     17EC        6     2FD8       0
                dataBANK3                           1B7      1B7        1      1A0       1
                bssBANK3                            1A0      1A0       17      1A0       1
                bssBANK2                            160      160        8      160       1
                bssBANK1                             EA       EA        6       E0       1
                bssBANK0                             67       67        9       50       1
                cinit                               8DA      8DA       27     11B4       0
                strings                             500      500       C2      A00       0
                idataBANK3                          4FB      4FB        1        8       0

TOTAL           Name                               Link     Load   Length     Space
        CLASS   CONST          
                swtext1                             800      800       1A         0

        CLASS   CODE           
                end_init                              F        F        2         0
                intentry                              4        4        B         0
                reset_vec                             0        0        2         0
                text905                             AAB      AAB       5D         0
                text904                             5C2      5C2       BA         0
                text903                             9C7      9C7       44         0
                text902                             929      929       29         0
                text901                             7DF      7DF       1D         0
                text900                               3        3        1         0
                text899                             F5D      F5D       A3         0
                text898                             7FC      7FC        4         0
                text897                             4FF      4FF        1         0
                text896                             4FE      4FE        1         0
                text895                             4FD      4FD        1         0
                text894                             4FC      4FC        1         0
                text893                             A0B      A0B       4A         0
                text892                              11       11      146         0
                text891                             B66      B66       64         0
                text890                             CAB      CAB       7A         0
                text889                             894      894       22         0
                text888                             DA9      DA9       8E         0
                text887                             BCA      BCA       6B         0
                text886                             E37      E37       93         0
                text885                             C35      C35       76         0
                text884                             48D      48D       6E         0
                text883                             67C      67C       B3         0
                text882                             952      952       32         0
                text881                             A55      A55       56         0
                text880                             ECA      ECA       93         0
                text879                             984      984       43         0
                text878                             D25      D25       84         0
                text877                             901      901       28         0
                text876                             861      861       19         0
                text875                             834      834       16         0
                text874                             28F      28F      135         0
                text872                             87A      87A       1A         0
                text871                             72F      72F       B0         0
                text870                             84A      84A       17         0
                text869                             B08      B08       5E         0
                text868                             157      157      138         0
                text867                             3C4      3C4       C9         0
                text866                             81F      81F       15         0
                text865                             8B6      8B6       24         0
                maintext                           17F2     17F2        E         0
                clrtext                            17EC     17EC        6         0
                cinit                               8DA      8DA       27         0
                idataBANK3                          4FB      4FB        1         0

        CLASS   STRCODE        

        CLASS   ENTRY          

        CLASS   STRING         
                strings                             500      500       C2         0

        CLASS   COMMON         
                cstackCOMMON                         70       70        E         1

        CLASS   BANK0          
                cstackBANK0                          50       50       17         1
                bssBANK0                             67       67        9         1

        CLASS   BANK1          
                cstackBANK1                          E0       E0        A         1
                bssBANK1                             EA       EA        6         1

        CLASS   BANK2          
                cstackBANK2                         168      168        8         1
                bssBANK2                            160      160        8         1

        CLASS   BANK3          
                dataBANK3                           1B7      1B7        1         1
                bssBANK3                            1A0      1A0       17         1

        CLASS   BANK4          

        CLASS   BANK5          

        CLASS   BANK6          

        CLASS   BANK7          

        CLASS   BANK8          

        CLASS   BANK9          

        CLASS   BANK10         

        CLASS   BANK11         

        CLASS   BANK12         

        CLASS   BIGRAM         

        CLASS   RAM            

        CLASS   ABS1           
                abs_s1                               20       20       30         1
                abs_s1                               7E       7E        2         1
                abs_s1                               A0       A0       40         1
                abs_s1                              120      120       40         1

        CLASS   SFR0           

        CLASS   SFR1           

        CLASS   SFR2           

        CLASS   SFR3           

        CLASS   SFR4           

        CLASS   SFR5           

        CLASS   SFR6           

        CLASS   SFR7           

        CLASS   SFR8           

        CLASS   SFR9           

        CLASS   SFR10          

        CLASS   SFR11          

        CLASS   SFR12          

        CLASS   SFR13          

        CLASS   SFR14          

        CLASS   SFR15          

        CLASS   SFR16          

        CLASS   SFR17          

        CLASS   SFR18          

        CLASS   SFR19          

        CLASS   SFR20          

        CLASS   SFR21          

        CLASS   SFR22          

        CLASS   SFR23          

        CLASS   SFR24          

        CLASS   SFR25          

        CLASS   SFR26          

        CLASS   SFR27          

        CLASS   SFR28          

        CLASS   SFR29          

        CLASS   SFR30          

        CLASS   SFR31          

        CLASS   CONFIG         
                config                             8007     8007        2         0

        CLASS   IDLOC          

        CLASS   BANK31         

        CLASS   BANK30         

        CLASS   BANK29         

        CLASS   BANK28         

        CLASS   BANK27         

        CLASS   BANK26         

        CLASS   BANK25         

        CLASS   BANK24         

        CLASS   BANK23         

        CLASS   BANK22         

        CLASS   BANK21         

        CLASS   BANK20         

        CLASS   BANK19         

        CLASS   BANK18         

        CLASS   BANK17         

        CLASS   BANK16         

        CLASS   BANK15         

        CLASS   BANK14         

        CLASS   BANK13         

        CLASS   EEDATA         



SEGMENTS        Name                           Load    Length   Top    Selector   Space  Class     Delta

                reset_vec                      000000  000002  000002         0       0  CODE        2
                text900                        000003  000001  000004         6       0  CODE        2
                intentry                       000004  0004FC  000500         8       0  CODE        2
                cstackBANK0                    000050  000020  000070        50       1  BANK0       1
                cstackCOMMON                   000070  00000E  00007E        70       1  COMMON      1
                cstackBANK1                    0000E0  000010  0000F0        E0       1  BANK1       1
                bssBANK2                       000160  000010  000170       160       1  BANK2       1
                bssBANK3                       0001A0  000018  0001B8       1A0       1  BANK3       1
                strings                        000500  0000C2  0005C2       A00       0  STRING      2
                text904                        0005C2  00023E  000800       B84       0  CODE        2
                swtext1                        000800  00001A  00081A      1000       0  CONST       2
                text866                        00081F  000015  000834      103E       0  CODE        2
                text875                        000834  000016  00084A      1068       0  CODE        2
                text870                        00084A  000017  000861      1094       0  CODE        2
                text876                        000861  000019  00087A      10C2       0  CODE        2
                text872                        00087A  00001A  000894      10F4       0  CODE        2
                text889                        000894  000022  0008B6      1128       0  CODE        2
                text865                        0008B6  000024  0008DA      116C       0  CODE        2
                cinit                          0008DA  000027  000901      11B4       0  CODE        2
                text877                        000901  000028  000929      1202       0  CODE        2
                text902                        000929  000029  000952      1252       0  CODE        2
                text882                        000952  000032  000984      12A4       0  CODE        2
                text879                        000984  000043  0009C7      1308       0  CODE        2
                text903                        0009C7  000044  000A0B      138E       0  CODE        2
                text893                        000A0B  00004A  000A55      1416       0  CODE        2
                text881                        000A55  000056  000AAB      14AA       0  CODE        2
                text905                        000AAB  00005D  000B08      1556       0  CODE        2
                text869                        000B08  00005E  000B66      1610       0  CODE        2
                text891                        000B66  000064  000BCA      16CC       0  CODE        2
                text887                        000BCA  00006B  000C35      1794       0  CODE        2
                text885                        000C35  000076  000CAB      186A       0  CODE        2
                text890                        000CAB  00007A  000D25      1956       0  CODE        2
                text878                        000D25  000084  000DA9      1A4A       0  CODE        2
                text888                        000DA9  00008E  000E37      1B52       0  CODE        2
                text886                        000E37  000093  000ECA      1C6E       0  CODE        2
                text880                        000ECA  000093  000F5D      1D94       0  CODE        2
                text899                        000F5D  0000A3  001000      1EBA       0  CODE        2
                clrtext                        0017EC  000006  0017F2      2FD8       0  CODE        2
                maintext                       0017F2  00000E  001800      2FE4       0  CODE        2
                config                         008007  000002  008009     1000E       0  CONFIG      2


UNUSED ADDRESS RANGES

        Name                Unused          Largest block    Delta
        BANK10           00520-0056F              50           1
        BANK11           005A0-005EF              50           1
        BANK12           00620-0064F              30           1
        BANK3            001B8-001EF              38           1
        BANK4            00220-0026F              50           1
        BANK5            002A0-002EF              50           1
        BANK6            00320-0036F              50           1
        BANK7            003A0-003EF              50           1
        BANK8            00420-0046F              50           1
        BANK9            004A0-004EF              50           1
        BIGRAM           02000-023EF             3F0           1
        CODE             00002-00002               1           2
                         0081A-0081E               5
                         01000-017EB             7EC
                         01800-01FFF             800
        CONST            00002-00002               1           2
                         0081A-0081E               5
                         01000-017EB             100
                         01800-01FFF             100
        ENTRY            00002-00002               1           2
                         0081A-0081E               5
                         01000-017EB             100
                         01800-01FFF             100
        IDLOC            08000-08003               4           2
        RAM              001B8-001EF              38           1
                         00220-0026F              50
                         002A0-002EF              50
                         00320-0036F              50
                         003A0-003EF              50
                         00420-0046F              50
                         004A0-004EF              50
                         00520-0056F              50
                         005A0-005EF              50
                         00620-0064F              30
        SFR0             00000-0001F              20           1
        SFR1             00080-0009F              20           1
        SFR10            00500-0051F              20           1
        SFR11            00580-0059F              20           1
        SFR12            00600-0061F              20           1
        SFR13            00680-006EF              70           1
        SFR14            00700-0076F              70           1
        SFR15            00780-007EF              70           1
        SFR16            00800-0086F              70           1
        SFR17            00880-008EF              70           1
        SFR18            00900-0096F              70           1
        SFR19            00980-009EF              70           1
        SFR2             00100-0011F              20           1
        SFR20            00A00-00A6F              70           1
        SFR21            00A80-00AEF              70           1
        SFR22            00B00-00B6F              70           1
        SFR23            00B80-00BEF              70           1
        SFR24            00C00-00C6F              70           1
        SFR25            00C80-00CEF              70           1
        SFR26            00D00-00D6F              70           1
        SFR27            00D80-00DEF              70           1
        SFR28            00E00-00E6F              70           1
        SFR29            00E80-00EEF              70           1
        SFR3             00180-0019F              20           1
        SFR30            00F00-00F6F              70           1
        SFR31            00F80-00FEF              70           1
        SFR4             00200-0021F              20           1
        SFR5             00280-0029F              20           1
        SFR6             00300-0031F              20           1
        SFR7             00380-0039F              20           1
        SFR8             00400-0041F              20           1
        SFR9             00480-0049F              20           1
        STRCODE          00002-00002               1           2
                         0081A-0081E               5
                         01000-017EB             7EC
                         01800-01FFF             800
        STRING           00002-00002               1           2
                         0081A-0081E               5
                         01000-017EB             100
                         01800-01FFF             100

                                  Symbol Table

?_ReadPOT                                 cstackBANK1  000E0
?_USBConfigureEndpoint                    cstackCOMMON 00070
?_USBEnableEndpoint                       cstackCOMMON 00077
?_USBTransferOnePacket                    cstackBANK1  000E0
?_USER_USB_CALLBACK_EVENT_HANDLER         cstackBANK0  00052
?_memset                                  cstackCOMMON 00070
?i1_USBTransferOnePacket                  cstackCOMMON 00070
BlinkUSBStatus@led_count                  bssBANK3     001A6
ProcessIO@w                               cstackBANK2  0016E
ReadPOT@w                                 cstackBANK1  000E3
USBCBSendResume@delay_count               bssBANK3     001A8
USBConfigureEndpoint@EPNum                cstackCOMMON 00075
USBConfigureEndpoint@direction            cstackCOMMON 00070
USBConfigureEndpoint@handle               cstackCOMMON 00076
USBCtrlEPService@setup_cnt                cstackBANK0  00062
USBCtrlTrfInHandler@lastDTS               cstackCOMMON 00075
USBCtrlTrfRxService@byteToRead            cstackCOMMON 00075
USBCtrlTrfRxService@i                     cstackCOMMON 00074
USBCtrlTrfTxService@byteToSend            cstackCOMMON 00072
USBDeviceInit@i                           cstackBANK1  000E5
USBDeviceInit@i_750                       cstackBANK1  000E4
USBDeviceInit@p                           cstackBANK1  000E2
USBDeviceTasks@i                          cstackBANK0  00065
USBEnableEndpoint@ep                      cstackCOMMON 0007C
USBEnableEndpoint@options                 cstackCOMMON 00077
USBEnableEndpoint@p                       cstackCOMMON 0007A
USBStdFeatureReqHandler@current_ep_data   cstackBANK0  0005B
USBStdFeatureReqHandler@p                 cstackBANK0  0005C
USBStdFeatureReqHandler@pUEP              cstackBANK0  00059
USBStdGetStatusHandler@p                  cstackCOMMON 00071
USBStdSetCfgHandler@i                     cstackBANK0  0005A
USBStdSetCfgHandler@i_1132                cstackBANK0  00059
USBStdSetCfgHandler@p                     cstackBANK0  00057
USBTransferOnePacket@data                 cstackBANK1  000E1
USBTransferOnePacket@dir                  cstackBANK1  000E0
USBTransferOnePacket@ep                   cstackBANK1  000E6
USBTransferOnePacket@handle               cstackBANK1  000E7
USBTransferOnePacket@len                  cstackBANK1  000E3
USER_USB_CALLBACK_EVENT_HANDLER@event     cstackBANK0  00052
_ACTCON                                   (abs)        0039B
_ADCON0                                   (abs)        0009D
_ADCON0bits                               (abs)        0009D
_ADCON1                                   (abs)        0009E
_ADCON2                                   (abs)        0009F
_ADRESH                                   (abs)        0009C
_ADRESL                                   (abs)        0009B
_ANSELA                                   (abs)        0018C
_ANSELB                                   (abs)        0018D
_ANSELC                                   (abs)        0018E
_BDT                                      (abs)        00020
_BlinkUSBStatus                           text871      0072F
_BothEP0OutUOWNsSet                       bssBANK3     001AA
_CtrlTrfData                              (abs)        00048
_INTCONbits                               (abs)        0000B
_ISRCode                                  intentry     00004
_InitializeSystem                         text866      0081F
_LATC                                     (abs)        0010E
_LATCbits                                 (abs)        0010E
_OSCCON                                   (abs)        00099
_OSCCONbits                               (abs)        00099
_OSCTUNE                                  (abs)        00098
_PIE2bits                                 (abs)        00092
_PIR2bits                                 (abs)        00012
_PORTAbits                                (abs)        0000C
_ProcessIO                                text868      00157
_ProcessIO$1896                           cstackBANK2  00168
_ProcessIO$1938                           cstackBANK2  0016A
_ProcessIO$1968                           cstackBANK2  0016C
_ReadPOT                                  text872      0087A
_ReceivedDataBuffer                       (abs)        000A0
_RemoteWakeup                             bssBANK3     001AB
_SetupPkt                                 (abs)        00040
_TRISA                                    (abs)        0008C
_TRISB                                    (abs)        0008D
_TRISBbits                                (abs)        0008D
_TRISC                                    (abs)        0008E
_ToSendDataBuffer                         (abs)        00120
_UADDR                                    (abs)        00E96
_UCFG                                     (abs)        00E91
_UCON                                     (abs)        00E8E
_UCONbits                                 (abs)        00E8E
_UEIE                                     (abs)        00E97
_UEIR                                     (abs)        00E93
_UEP0                                     (abs)        00E98
_UEP0bits                                 (abs)        00E98
_UEP1                                     (abs)        00E99
_UIE                                      (abs)        00E92
_UIEbits                                  (abs)        00E92
_UIR                                      (abs)        00E90
_UIRbits                                  (abs)        00E90
_USBActiveConfiguration                   bssBANK0     0006D
_USBAlternateInterface                    bssBANK0     0006E
_USBBusIsSuspended                        bssBANK3     001AC
_USBCBCheckOtherReq                       text898      007FC
_USBCBErrorHandler                        text897      004FF
_USBCBInitEP                              text901      007DF
_USBCBStdSetDscHandler                    text900      00003
_USBCBSuspend                             text894      004FC
_USBCBWakeFromSuspend                     text895      004FD
_USBCB_SOF_Handler                        text896      004FE
_USBCheckHIDRequest                       text899      00F5D
_USBCheckStdRequest                       text887      00BCA
_USBConfigureEndpoint                     text903      009C7
_USBCtrlEPAllowDataStage                  text881      00A55
_USBCtrlEPAllowStatusStage                text884      0048D
_USBCtrlEPService                         text878      00D25
_USBCtrlEPServiceComplete                 text880      00ECA
_USBCtrlTrfInHandler                      text885      00C35
_USBCtrlTrfOutHandler                     text882      00952
_USBCtrlTrfRxService                      text883      0067C
_USBCtrlTrfSetupHandler                   text879      00984
_USBCtrlTrfTxService                      text886      00E37
_USBDeferINDataStagePackets               bssBANK3     001AD
_USBDeferOUTDataStagePackets              bssBANK3     001AE
_USBDeferStatusStagePacket                bssBANK2     00166
_USBDeviceAttach                          text865      008B6
_USBDeviceInit                            text867      003C4
_USBDeviceState                           bssBANK0     00069
_USBDeviceTasks                           text874      0028F
_USBEnableEndpoint                        text902      00929
_USBInHandle                              bssBANK3     001AF
_USBOutHandle                             bssBANK3     001B0
_USBStallHandler                          text877      00901
_USBStatusStageEnabledFlag1               bssBANK3     001B1
_USBStatusStageEnabledFlag2               bssBANK3     001B2
_USBStatusStageTimeoutCounter             bssBANK3     001B3
_USBStdFeatureReqHandler                  text892      00011
_USBStdGetDscHandler                      text890      00CAB
_USBStdGetStatusHandler                   text891      00B66
_USBStdSetCfgHandler                      text888      00DA9
_USBSuspend                               text876      00861
_USBTransferOnePacket                     text869      00B08
_USBWakeFromSuspend                       text875      00834
_USB_CD_Ptr                               strings      00504
_USB_SD_Ptr                               strings      00501
_USER_USB_CALLBACK_EVENT_HANDLER          text893      00A0B
_USTAT                                    (abs)        00E8F
_USTATcopy                                bssBANK0     0006F
_UserInit                                 text870      0084A
__CFG_BOREN$OFF                           (abs)        00000
__CFG_CLKOUTEN$ON                         (abs)        00000
__CFG_CPUDIV$NOCLKDIV                     (abs)        00000
__CFG_FCMEN$OFF                           (abs)        00000
__CFG_FOSC$HS                             (abs)        00000
__CFG_IESO$OFF                            (abs)        00000
__CFG_LVP$OFF                             (abs)        00000
__CFG_MCLRE$OFF                           (abs)        00000
__CFG_PLLMULT$4x                          (abs)        00000
__CFG_WDTE$OFF                            (abs)        00000
__Habs1                                   abs1         00000
__Hbank0                                  bank0        00000
__Hbank1                                  bank1        00000
__Hbank10                                 bank10       00000
__Hbank11                                 bank11       00000
__Hbank12                                 bank12       00000
__Hbank13                                 bank13       00000
__Hbank14                                 bank14       00000
__Hbank15                                 bank15       00000
__Hbank16                                 bank16       00000
__Hbank17                                 bank17       00000
__Hbank18                                 bank18       00000
__Hbank19                                 bank19       00000
__Hbank2                                  bank2        00000
__Hbank20                                 bank20       00000
__Hbank21                                 bank21       00000
__Hbank22                                 bank22       00000
__Hbank23                                 bank23       00000
__Hbank24                                 bank24       00000
__Hbank25                                 bank25       00000
__Hbank26                                 bank26       00000
__Hbank27                                 bank27       00000
__Hbank28                                 bank28       00000
__Hbank29                                 bank29       00000
__Hbank3                                  bank3        00000
__Hbank30                                 bank30       00000
__Hbank31                                 bank31       00000
__Hbank4                                  bank4        00000
__Hbank5                                  bank5        00000
__Hbank6                                  bank6        00000
__Hbank7                                  bank7        00000
__Hbank8                                  bank8        00000
__Hbank9                                  bank9        00000
__Hbigram                                 bigram       00000
__HbssBANK0                               bssBANK0     00000
__HbssBANK1                               bssBANK1     00000
__HbssBANK2                               bssBANK2     00000
__HbssBANK3                               bssBANK3     00000
__Hcinit                                  cinit        00000
__Hclrtext                                clrtext      00000
__Hcode                                   code         00000
__Hcommon                                 common       00000
__Hconfig                                 config       08009
__HcstackBANK0                            cstackBANK0  00000
__HcstackBANK1                            cstackBANK1  00000
__HcstackBANK2                            cstackBANK2  00000
__HcstackCOMMON                           cstackCOMMON 00000
__HdataBANK3                              dataBANK3    00000
__Heeprom_data                            eeprom_data  00000
__Hend_init                               end_init     00011
__Hfunctab                                functab      00000
__HidataBANK3                             idataBANK3   00000
__Hidloc                                  idloc        00000
__Hinit                                   init         0000F
__Hintentry                               intentry     0000F
__Hmaintext                               maintext     00000
__Hpowerup                                powerup      00000
__Hram                                    ram          00000
__Hreset_vec                              reset_vec    00002
__Hsfr0                                   sfr0         00000
__Hsfr1                                   sfr1         00000
__Hsfr10                                  sfr10        00000
__Hsfr11                                  sfr11        00000
__Hsfr12                                  sfr12        00000
__Hsfr13                                  sfr13        00000
__Hsfr14                                  sfr14        00000
__Hsfr15                                  sfr15        00000
__Hsfr16                                  sfr16        00000
__Hsfr17                                  sfr17        00000
__Hsfr18                                  sfr18        00000
__Hsfr19                                  sfr19        00000
__Hsfr2                                   sfr2         00000
__Hsfr20                                  sfr20        00000
__Hsfr21                                  sfr21        00000
__Hsfr22                                  sfr22        00000
__Hsfr23                                  sfr23        00000
__Hsfr24                                  sfr24        00000
__Hsfr25                                  sfr25        00000
__Hsfr26                                  sfr26        00000
__Hsfr27                                  sfr27        00000
__Hsfr28                                  sfr28        00000
__Hsfr29                                  sfr29        00000
__Hsfr3                                   sfr3         00000
__Hsfr30                                  sfr30        00000
__Hsfr31                                  sfr31        00000
__Hsfr4                                   sfr4         00000
__Hsfr5                                   sfr5         00000
__Hsfr6                                   sfr6         00000
__Hsfr7                                   sfr7         00000
__Hsfr8                                   sfr8         00000
__Hsfr9                                   sfr9         00000
__Hstrings                                strings      00000
__Htext                                   text         00000
__Labs1                                   abs1         00000
__Lbank0                                  bank0        00000
__Lbank1                                  bank1        00000
__Lbank10                                 bank10       00000
__Lbank11                                 bank11       00000
__Lbank12                                 bank12       00000
__Lbank13                                 bank13       00000
__Lbank14                                 bank14       00000
__Lbank15                                 bank15       00000
__Lbank16                                 bank16       00000
__Lbank17                                 bank17       00000
__Lbank18                                 bank18       00000
__Lbank19                                 bank19       00000
__Lbank2                                  bank2        00000
__Lbank20                                 bank20       00000
__Lbank21                                 bank21       00000
__Lbank22                                 bank22       00000
__Lbank23                                 bank23       00000
__Lbank24                                 bank24       00000
__Lbank25                                 bank25       00000
__Lbank26                                 bank26       00000
__Lbank27                                 bank27       00000
__Lbank28                                 bank28       00000
__Lbank29                                 bank29       00000
__Lbank3                                  bank3        00000
__Lbank30                                 bank30       00000
__Lbank31                                 bank31       00000
__Lbank4                                  bank4        00000
__Lbank5                                  bank5        00000
__Lbank6                                  bank6        00000
__Lbank7                                  bank7        00000
__Lbank8                                  bank8        00000
__Lbank9                                  bank9        00000
__Lbigram                                 bigram       00000
__LbssBANK0                               bssBANK0     00000
__LbssBANK1                               bssBANK1     00000
__LbssBANK2                               bssBANK2     00000
__LbssBANK3                               bssBANK3     00000
__Lcinit                                  cinit        00000
__Lclrtext                                clrtext      00000
__Lcode                                   code         00000
__Lcommon                                 common       00000
__Lconfig                                 config       08007
__LcstackBANK0                            cstackBANK0  00000
__LcstackBANK1                            cstackBANK1  00000
__LcstackBANK2                            cstackBANK2  00000
__LcstackCOMMON                           cstackCOMMON 00000
__LdataBANK3                              dataBANK3    00000
__Leeprom_data                            eeprom_data  00000
__Lend_init                               end_init     0000F
__Lfunctab                                functab      00000
__LidataBANK3                             idataBANK3   00000
__Lidloc                                  idloc        00000
__Linit                                   init         0000F
__Lintentry                               intentry     00004
__Lmaintext                               maintext     00000
__Lpowerup                                powerup      00000
__Lram                                    ram          00000
__Lreset_vec                              reset_vec    00000
__Lsfr0                                   sfr0         00000
__Lsfr1                                   sfr1         00000
__Lsfr10                                  sfr10        00000
__Lsfr11                                  sfr11        00000
__Lsfr12                                  sfr12        00000
__Lsfr13                                  sfr13        00000
__Lsfr14                                  sfr14        00000
__Lsfr15                                  sfr15        00000
__Lsfr16                                  sfr16        00000
__Lsfr17                                  sfr17        00000
__Lsfr18                                  sfr18        00000
__Lsfr19                                  sfr19        00000
__Lsfr2                                   sfr2         00000
__Lsfr20                                  sfr20        00000
__Lsfr21                                  sfr21        00000
__Lsfr22                                  sfr22        00000
__Lsfr23                                  sfr23        00000
__Lsfr24                                  sfr24        00000
__Lsfr25                                  sfr25        00000
__Lsfr26                                  sfr26        00000
__Lsfr27                                  sfr27        00000
__Lsfr28                                  sfr28        00000
__Lsfr29                                  sfr29        00000
__Lsfr3                                   sfr3         00000
__Lsfr30                                  sfr30        00000
__Lsfr31                                  sfr31        00000
__Lsfr4                                   sfr4         00000
__Lsfr5                                   sfr5         00000
__Lsfr6                                   sfr6         00000
__Lsfr7                                   sfr7         00000
__Lsfr8                                   sfr8         00000
__Lsfr9                                   sfr9         00000
__Lstrings                                strings      00000
__Ltext                                   text         00000
__S0                                      (abs)        08009
__S1                                      (abs)        001B8
__end_of_BlinkUSBStatus                   text871      007DF
__end_of_ISRCode                          intentry     0000F
__end_of_InitializeSystem                 text866      00834
__end_of_ProcessIO                        text868      0028F
__end_of_ReadPOT                          text872      00894
__end_of_USBCBCheckOtherReq               text898      00800
__end_of_USBCBErrorHandler                text897      00500
__end_of_USBCBInitEP                      text901      007FC
__end_of_USBCBStdSetDscHandler            text900      00004
__end_of_USBCBSuspend                     text894      004FD
__end_of_USBCBWakeFromSuspend             text895      004FE
__end_of_USBCB_SOF_Handler                text896      004FF
__end_of_USBCheckHIDRequest               text899      01000
__end_of_USBCheckStdRequest               text887      00C35
__end_of_USBConfigureEndpoint             text903      00A0B
__end_of_USBCtrlEPAllowDataStage          text881      00AAB
__end_of_USBCtrlEPAllowStatusStage        text884      004FB
__end_of_USBCtrlEPService                 text878      00DA9
__end_of_USBCtrlEPServiceComplete         text880      00F5D
__end_of_USBCtrlTrfInHandler              text885      00CAB
__end_of_USBCtrlTrfOutHandler             text882      00984
__end_of_USBCtrlTrfRxService              text883      0072F
__end_of_USBCtrlTrfSetupHandler           text879      009C7
__end_of_USBCtrlTrfTxService              text886      00ECA
__end_of_USBDeviceAttach                  text865      008DA
__end_of_USBDeviceInit                    text867      0048D
__end_of_USBDeviceTasks                   text874      003C4
__end_of_USBEnableEndpoint                text902      00952
__end_of_USBStallHandler                  text877      00929
__end_of_USBStdFeatureReqHandler          text892      00157
__end_of_USBStdGetDscHandler              text890      00D25
__end_of_USBStdGetStatusHandler           text891      00BCA
__end_of_USBStdSetCfgHandler              text888      00E37
__end_of_USBSuspend                       text876      0087A
__end_of_USBTransferOnePacket             text869      00B66
__end_of_USBWakeFromSuspend               text875      0084A
__end_of_USB_CD_Ptr                       strings      00505
__end_of_USB_SD_Ptr                       strings      00504
__end_of_USER_USB_CALLBACK_EVENT_HANDLER  text893      00A55
__end_of_UserInit                         text870      00861
__end_of__initialization                  cinit        008FE
__end_of__stringtab                       strings      00501
__end_of_configDescriptor1                strings      00590
__end_of_device_dsc                       strings      005BE
__end_of_hid_rpt01                        strings      005AC
__end_of_main                             maintext     01800
__end_of_memset                           text889      008B6
__end_of_sd000                            strings      005C2
__end_of_sd001                            strings      00539
__end_of_sd002                            strings      00567
__end_ofi1_USBDeviceInit                  text904      0067C
__end_ofi1_USBTransferOnePacket           text905      00B08
__initialization                          cinit        008DA
__pbssBANK0                               bssBANK0     00067
__pbssBANK1                               bssBANK1     000EA
__pbssBANK2                               bssBANK2     00160
__pbssBANK3                               bssBANK3     001A0
__pcstackBANK0                            cstackBANK0  00050
__pcstackBANK1                            cstackBANK1  000E0
__pcstackBANK2                            cstackBANK2  00168
__pcstackCOMMON                           cstackCOMMON 00070
__pdataBANK3                              dataBANK3    001B7
__pidataBANK3                             idataBANK3   004FB
__pintentry                               intentry     00004
__pmaintext                               maintext     017F2
__pstrings                                strings      00500
__pswtext1                                swtext1      00800
__ptext865                                text865      008B6
__ptext866                                text866      0081F
__ptext867                                text867      003C4
__ptext868                                text868      00157
__ptext869                                text869      00B08
__ptext870                                text870      0084A
__ptext871                                text871      0072F
__ptext872                                text872      0087A
__ptext874                                text874      0028F
__ptext875                                text875      00834
__ptext876                                text876      00861
__ptext877                                text877      00901
__ptext878                                text878      00D25
__ptext879                                text879      00984
__ptext880                                text880      00ECA
__ptext881                                text881      00A55
__ptext882                                text882      00952
__ptext883                                text883      0067C
__ptext884                                text884      0048D
__ptext885                                text885      00C35
__ptext886                                text886      00E37
__ptext887                                text887      00BCA
__ptext888                                text888      00DA9
__ptext889                                text889      00894
__ptext890                                text890      00CAB
__ptext891                                text891      00B66
__ptext892                                text892      00011
__ptext893                                text893      00A0B
__ptext894                                text894      004FC
__ptext895                                text895      004FD
__ptext896                                text896      004FE
__ptext897                                text897      004FF
__ptext898                                text898      007FC
__ptext899                                text899      00F5D
__ptext900                                text900      00003
__ptext901                                text901      007DF
__ptext902                                text902      00929
__ptext903                                text903      009C7
__ptext904                                text904      005C2
__ptext905                                text905      00AAB
__ptext906                                text906      00000
__size_of_BlinkUSBStatus                  (abs)        00000
__size_of_ISRCode                         (abs)        00000
__size_of_InitializeSystem                (abs)        00000
__size_of_ProcessIO                       (abs)        00000
__size_of_ReadPOT                         (abs)        00000
__size_of_USBCBCheckOtherReq              (abs)        00000
__size_of_USBCBErrorHandler               (abs)        00000
__size_of_USBCBInitEP                     (abs)        00000
__size_of_USBCBStdSetDscHandler           (abs)        00000
__size_of_USBCBSuspend                    (abs)        00000
__size_of_USBCBWakeFromSuspend            (abs)        00000
__size_of_USBCB_SOF_Handler               (abs)        00000
__size_of_USBCheckHIDRequest              (abs)        00000
__size_of_USBCheckStdRequest              (abs)        00000
__size_of_USBConfigureEndpoint            (abs)        00000
__size_of_USBCtrlEPAllowDataStage         (abs)        00000
__size_of_USBCtrlEPAllowStatusStage       (abs)        00000
__size_of_USBCtrlEPService                (abs)        00000
__size_of_USBCtrlEPServiceComplete        (abs)        00000
__size_of_USBCtrlTrfInHandler             (abs)        00000
__size_of_USBCtrlTrfOutHandler            (abs)        00000
__size_of_USBCtrlTrfRxService             (abs)        00000
__size_of_USBCtrlTrfSetupHandler          (abs)        00000
__size_of_USBCtrlTrfTxService             (abs)        00000
__size_of_USBDeviceAttach                 (abs)        00000
__size_of_USBDeviceInit                   (abs)        00000
__size_of_USBDeviceTasks                  (abs)        00000
__size_of_USBEnableEndpoint               (abs)        00000
__size_of_USBStallHandler                 (abs)        00000
__size_of_USBStdFeatureReqHandler         (abs)        00000
__size_of_USBStdGetDscHandler             (abs)        00000
__size_of_USBStdGetStatusHandler          (abs)        00000
__size_of_USBStdSetCfgHandler             (abs)        00000
__size_of_USBSuspend                      (abs)        00000
__size_of_USBTransferOnePacket            (abs)        00000
__size_of_USBWakeFromSuspend              (abs)        00000
__size_of_USER_USB_CALLBACK_EVENT_HANDLER (abs)        00000
__size_of_UserInit                        (abs)        00000
__size_of_main                            (abs)        00000
__size_of_memset                          (abs)        00000
__size_ofi1_USBDeviceInit                 (abs)        00000
__size_ofi1_USBTransferOnePacket          (abs)        00000
__stringtab                               strings      00500
_active_protocol                          bssBANK3     001B5
_blinkStatusValid                         dataBANK3    001B7
_configDescriptor1                        strings      00567
_controlTransferState                     bssBANK0     0006A
_device_dsc                               strings      005AC
_endpoint_number                          bssBANK2     00167
_ep_data_in                               bssBANK2     00160
_ep_data_out                              bssBANK2     00162
_hid_rpt01                                strings      00590
_idle_rate                                bssBANK3     001B6
_inPipes                                  bssBANK1     000EB
_main                                     maintext     017F2
_memset                                   text889      00894
_outPipes                                 bssBANK3     001A0
_pBDTEntryEP0OutCurrent                   bssBANK0     0006B
_pBDTEntryEP0OutNext                      bssBANK0     0006C
_pBDTEntryIn                              bssBANK0     00067
_pBDTEntryOut                             bssBANK2     00164
_pDst                                     bssBANK3     001B4
_sd000                                    strings      005BE
_sd001                                    strings      00505
_sd002                                    strings      00539
_shortPacketStatus                        bssBANK1     000EA
btemp                                     (abs)        0007E
clear_ram                                 clrtext      017EC
end_of_initialization                     cinit        008FE
i1USBDeviceInit@i                         cstackCOMMON 00075
i1USBDeviceInit@i_750                     cstackCOMMON 00074
i1USBDeviceInit@p                         cstackCOMMON 00072
i1USBTransferOnePacket@data               cstackCOMMON 00071
i1USBTransferOnePacket@dir                cstackCOMMON 00070
i1USBTransferOnePacket@ep                 cstackCOMMON 00076
i1USBTransferOnePacket@handle             cstackCOMMON 00077
i1USBTransferOnePacket@len                cstackCOMMON 00073
i1_USBDeviceInit                          text904      005C2
i1_USBTransferOnePacket                   text905      00AAB
intlevel0                                 functab      00000
intlevel1                                 functab      00000
intlevel2                                 functab      00000
intlevel3                                 functab      00000
intlevel4                                 functab      00000
intlevel5                                 functab      00000
memset@c                                  cstackCOMMON 00070
memset@n                                  cstackCOMMON 00072
memset@p                                  cstackCOMMON 00076
memset@p1                                 cstackCOMMON 00075
reset_vec                                 reset_vec    00000
start                                     init         0000F
start_initialization                      cinit        008DA
wtemp0                                    (abs)        0007E


FUNCTION INFORMATION:

 *************** function _main *****************
 Defined at:
		line 520 in file "../main.c"
 Parameters:    Size  Location     Type
		None
 Auto vars:     Size  Location     Type
		None
 Return value:  Size  Location     Type
                  2  500[COMMON] int 
 Registers used:
		wreg, fsr0l, fsr0h, fsr1l, fsr1h, status,2, status,0, btemp+1, pclath, cstack
 Tracked objects:
		On entry : 
		On exit  : 
		Unchanged: 
 Data sizes:     COMMON   BANK0   BANK1   BANK2   BANK3   BANK4   BANK5   BANK6   BANK7   BANK8   BANK9  BANK10  BANK11  BANK12
      Params:         0       0       0       0       0       0       0       0       0       0       0       0       0       0
      Locals:         0       0       0       0       0       0       0       0       0       0       0       0       0       0
      Temps:          0       0       0       0       0       0       0       0       0       0       0       0       0       0
      Totals:         0       0       0       0       0       0       0       0       0       0       0       0       0       0
Total ram usage:        0 bytes
 Hardware stack levels required when called:   12
 This function calls:
		_InitializeSystem
		_USBDeviceAttach
		_ProcessIO
 This function is called by:
		Startup code after reset
 This function uses a non-reentrant model


 *************** function _USBDeviceAttach *****************
 Defined at:
		line 1523 in file "../../../../Microchip/USB/usb_device.c"
 Parameters:    Size  Location     Type
		None
 Auto vars:     Size  Location     Type
		None
 Return value:  Size  Location     Type
		None               void
 Registers used:
		wreg, status,2, status,0
 Tracked objects:
		On entry : 
		On exit  : 
		Unchanged: 
 Data sizes:     COMMON   BANK0   BANK1   BANK2   BANK3   BANK4   BANK5   BANK6   BANK7   BANK8   BANK9  BANK10  BANK11  BANK12
      Params:         0       0       0       0       0       0       0       0       0       0       0       0       0       0
      Locals:         0       0       0       0       0       0       0       0       0       0       0       0       0       0
      Temps:          0       0       1       0       0       0       0       0       0       0       0       0       0       0
      Totals:         0       0       1       0       0       0       0       0       0       0       0       0       0       0
Total ram usage:        1 bytes
 Hardware stack levels used:    1
 Hardware stack levels required when called:   10
 This function calls:
		Nothing
 This function is called by:
		_main
 This function uses a non-reentrant model


 *************** function _InitializeSystem *****************
 Defined at:
		line 574 in file "../main.c"
 Parameters:    Size  Location     Type
		None
 Auto vars:     Size  Location     Type
		None
 Return value:  Size  Location     Type
		None               void
 Registers used:
		wreg, fsr1l, fsr1h, status,2, status,0, pclath, cstack
 Tracked objects:
		On entry : 
		On exit  : 
		Unchanged: 
 Data sizes:     COMMON   BANK0   BANK1   BANK2   BANK3   BANK4   BANK5   BANK6   BANK7   BANK8   BANK9  BANK10  BANK11  BANK12
      Params:         0       0       0       0       0       0       0       0       0       0       0       0       0       0
      Locals:         0       0       0       0       0       0       0       0       0       0       0       0       0       0
      Temps:          0       0       0       0       0       0       0       0       0       0       0       0       0       0
      Totals:         0       0       0       0       0       0       0       0       0       0       0       0       0       0
Total ram usage:        0 bytes
 Hardware stack levels used:    1
 Hardware stack levels required when called:   11
 This function calls:
		_UserInit
		_USBDeviceInit
 This function is called by:
		_main
 This function uses a non-reentrant model


 *************** function _USBDeviceInit *****************
 Defined at:
		line 464 in file "../../../../Microchip/USB/usb_device.c"
 Parameters:    Size  Location     Type
		None
 Auto vars:     Size  Location     Type
  p               2    2[BANK1 ] PTR unsigned char 
		 -> UEP1(1), 
  i               1    4[BANK1 ] unsigned char 
  i               1    5[BANK1 ] unsigned char 
 Return value:  Size  Location     Type
		None               void
 Registers used:
		wreg, fsr1l, fsr1h, status,2, status,0
 Tracked objects:
		On entry : 
		On exit  : 
		Unchanged: 
 Data sizes:     COMMON   BANK0   BANK1   BANK2   BANK3   BANK4   BANK5   BANK6   BANK7   BANK8   BANK9  BANK10  BANK11  BANK12
      Params:         0       0       0       0       0       0       0       0       0       0       0       0       0       0
      Locals:         0       0       4       0       0       0       0       0       0       0       0       0       0       0
      Temps:          0       0       2       0       0       0       0       0       0       0       0       0       0       0
      Totals:         0       0       6       0       0       0       0       0       0       0       0       0       0       0
Total ram usage:        6 bytes
 Hardware stack levels used:    1
 Hardware stack levels required when called:   10
 This function calls:
		Nothing
 This function is called by:
		_InitializeSystem
 This function uses a non-reentrant model


 *************** function _ProcessIO *****************
 Defined at:
		line 853 in file "../main.c"
 Parameters:    Size  Location     Type
		None
 Auto vars:     Size  Location     Type
  w               2    6[BANK2 ] struct .
 Return value:  Size  Location     Type
		None               void
 Registers used:
		wreg, fsr0l, fsr0h, fsr1l, fsr1h, status,2, status,0, pclath, cstack
 Tracked objects:
		On entry : 
		On exit  : 
		Unchanged: 
 Data sizes:     COMMON   BANK0   BANK1   BANK2   BANK3   BANK4   BANK5   BANK6   BANK7   BANK8   BANK9  BANK10  BANK11  BANK12
      Params:         0       0       0       0       0       0       0       0       0       0       0       0       0       0
      Locals:         0       0       0       8       0       0       0       0       0       0       0       0       0       0
      Temps:          0       0       2       0       0       0       0       0       0       0       0       0       0       0
      Totals:         0       0       2       8       0       0       0       0       0       0       0       0       0       0
Total ram usage:       10 bytes
 Hardware stack levels used:    1
 Hardware stack levels required when called:   11
 This function calls:
		_BlinkUSBStatus
		_USBTransferOnePacket
		_ReadPOT
 This function is called by:
		_main
 This function uses a non-reentrant model


 *************** function _USBTransferOnePacket *****************
 Defined at:
		line 1170 in file "../../../../Microchip/USB/usb_device.c"
 Parameters:    Size  Location     Type
  ep              1    wreg     unsigned char 
  dir             1    0[BANK1 ] unsigned char 
  data            2    1[BANK1 ] PTR unsigned char 
		 -> ReceivedDataBuffer(64), ToSendDataBuffer(64), 
  len             1    3[BANK1 ] unsigned char 
 Auto vars:     Size  Location     Type
  ep              1    6[BANK1 ] unsigned char 
  handle          1    7[BANK1 ] PTR volatile struct __BD
		 -> NULL(0), BDT(32), 
 Return value:  Size  Location     Type
                  1    wreg      PTR void 
 Registers used:
		wreg, fsr1l, fsr1h, status,2, status,0
 Tracked objects:
		On entry : 
		On exit  : 
		Unchanged: 
 Data sizes:     COMMON   BANK0   BANK1   BANK2   BANK3   BANK4   BANK5   BANK6   BANK7   BANK8   BANK9  BANK10  BANK11  BANK12
      Params:         0       0       4       0       0       0       0       0       0       0       0       0       0       0
      Locals:         0       0       2       0       0       0       0       0       0       0       0       0       0       0
      Temps:          0       0       2       0       0       0       0       0       0       0       0       0       0       0
      Totals:         0       0       8       0       0       0       0       0       0       0       0       0       0       0
Total ram usage:        8 bytes
 Hardware stack levels used:    1
 Hardware stack levels required when called:   10
 This function calls:
		Nothing
 This function is called by:
		_ProcessIO
 This function uses a non-reentrant model


 *************** function _UserInit *****************
 Defined at:
		line 817 in file "../main.c"
 Parameters:    Size  Location     Type
		None
 Auto vars:     Size  Location     Type
		None
 Return value:  Size  Location     Type
		None               void
 Registers used:
		wreg, status,2, status,0
 Tracked objects:
		On entry : 
		On exit  : 
		Unchanged: 
 Data sizes:     COMMON   BANK0   BANK1   BANK2   BANK3   BANK4   BANK5   BANK6   BANK7   BANK8   BANK9  BANK10  BANK11  BANK12
      Params:         0       0       0       0       0       0       0       0       0       0       0       0       0       0
      Locals:         0       0       0       0       0       0       0       0       0       0       0       0       0       0
      Temps:          0       0       1       0       0       0       0       0       0       0       0       0       0       0
      Totals:         0       0       1       0       0       0       0       0       0       0       0       0       0       0
Total ram usage:        1 bytes
 Hardware stack levels used:    1
 Hardware stack levels required when called:   10
 This function calls:
		Nothing
 This function is called by:
		_InitializeSystem
 This function uses a non-reentrant model


 *************** function _BlinkUSBStatus *****************
 Defined at:
		line 1071 in file "../main.c"
 Parameters:    Size  Location     Type
		None
 Auto vars:     Size  Location     Type
		None
 Return value:  Size  Location     Type
		None               void
 Registers used:
		wreg, status,2, status,0
 Tracked objects:
		On entry : 
		On exit  : 
		Unchanged: 
 Data sizes:     COMMON   BANK0   BANK1   BANK2   BANK3   BANK4   BANK5   BANK6   BANK7   BANK8   BANK9  BANK10  BANK11  BANK12
      Params:         0       0       0       0       0       0       0       0       0       0       0       0       0       0
      Locals:         0       0       0       0       0       0       0       0       0       0       0       0       0       0
      Temps:          0       0       1       0       0       0       0       0       0       0       0       0       0       0
      Totals:         0       0       1       0       0       0       0       0       0       0       0       0       0       0
Total ram usage:        1 bytes
 Hardware stack levels used:    1
 Hardware stack levels required when called:   10
 This function calls:
		Nothing
 This function is called by:
		_ProcessIO
 This function uses a non-reentrant model


 *************** function _ReadPOT *****************
 Defined at:
		line 954 in file "../main.c"
 Parameters:    Size  Location     Type
		None
 Auto vars:     Size  Location     Type
  w               2    3[BANK1 ] struct .
 Return value:  Size  Location     Type
                  2    0[BANK1 ] struct .
 Registers used:
		wreg, status,2, status,0
 Tracked objects:
		On entry : 
		On exit  : 
		Unchanged: 
 Data sizes:     COMMON   BANK0   BANK1   BANK2   BANK3   BANK4   BANK5   BANK6   BANK7   BANK8   BANK9  BANK10  BANK11  BANK12
      Params:         0       0       2       0       0       0       0       0       0       0       0       0       0       0
      Locals:         0       0       2       0       0       0       0       0       0       0       0       0       0       0
      Temps:          0       0       1       0       0       0       0       0       0       0       0       0       0       0
      Totals:         0       0       5       0       0       0       0       0       0       0       0       0       0       0
Total ram usage:        5 bytes
 Hardware stack levels used:    1
 Hardware stack levels required when called:   10
 This function calls:
		Nothing
 This function is called by:
		_ProcessIO
 This function uses a non-reentrant model


 *************** function _ISRCode *****************
 Defined at:
		line 482 in file "../main.c"
 Parameters:    Size  Location     Type
		None
 Auto vars:     Size  Location     Type
		None
 Return value:  Size  Location     Type
		None               void
 Registers used:
		wreg, fsr0l, fsr0h, fsr1l, fsr1h, status,2, status,0, pclath, cstack
 Tracked objects:
		On entry : 
		On exit  : 
		Unchanged: 
 Data sizes:     COMMON   BANK0   BANK1   BANK2   BANK3   BANK4   BANK5   BANK6   BANK7   BANK8   BANK9  BANK10  BANK11  BANK12
      Params:         0       0       0       0       0       0       0       0       0       0       0       0       0       0
      Locals:         0       0       0       0       0       0       0       0       0       0       0       0       0       0
      Temps:          0       1       0       0       0       0       0       0       0       0       0       0       0       0
      Totals:         0       1       0       0       0       0       0       0       0       0       0       0       0       0
Total ram usage:        1 bytes
 Hardware stack levels used:    1
 Hardware stack levels required when called:    9
 This function calls:
		_USBDeviceTasks
 This function is called by:
		Interrupt level 1
 This function uses a non-reentrant model


 *************** function _USBDeviceTasks *****************
 Defined at:
		line 666 in file "../../../../Microchip/USB/usb_device.c"
 Parameters:    Size  Location     Type
		None
 Auto vars:     Size  Location     Type
  i               1   21[BANK0 ] unsigned char 
 Return value:  Size  Location     Type
		None               void
 Registers used:
		wreg, fsr0l, fsr0h, fsr1l, fsr1h, status,2, status,0, pclath, cstack
 Tracked objects:
		On entry : 
		On exit  : 
		Unchanged: 
 Data sizes:     COMMON   BANK0   BANK1   BANK2   BANK3   BANK4   BANK5   BANK6   BANK7   BANK8   BANK9  BANK10  BANK11  BANK12
      Params:         0       0       0       0       0       0       0       0       0       0       0       0       0       0
      Locals:         0       1       0       0       0       0       0       0       0       0       0       0       0       0
      Temps:          0       2       0       0       0       0       0       0       0       0       0       0       0       0
      Totals:         0       3       0       0       0       0       0       0       0       0       0       0       0       0
Total ram usage:        3 bytes
 Hardware stack levels used:    1
 Hardware stack levels required when called:    8
 This function calls:
		_USBWakeFromSuspend
		i1_USBDeviceInit
		_USBSuspend
		_USER_USB_CALLBACK_EVENT_HANDLER
		_USBCtrlEPAllowStatusStage
		_USBStallHandler
		_USBCtrlEPService
 This function is called by:
		_ISRCode
 This function uses a non-reentrant model


 *************** function _USBWakeFromSuspend *****************
 Defined at:
		line 2444 in file "../../../../Microchip/USB/usb_device.c"
 Parameters:    Size  Location     Type
		None
 Auto vars:     Size  Location     Type
		None
 Return value:  Size  Location     Type
		None               void
 Registers used:
		wreg, fsr0l, fsr0h, fsr1l, fsr1h, status,2, status,0, pclath, cstack
 Tracked objects:
		On entry : 
		On exit  : 
		Unchanged: 
 Data sizes:     COMMON   BANK0   BANK1   BANK2   BANK3   BANK4   BANK5   BANK6   BANK7   BANK8   BANK9  BANK10  BANK11  BANK12
      Params:         0       0       0       0       0       0       0       0       0       0       0       0       0       0
      Locals:         0       0       0       0       0       0       0       0       0       0       0       0       0       0
      Temps:          1       0       0       0       0       0       0       0       0       0       0       0       0       0
      Totals:         1       0       0       0       0       0       0       0       0       0       0       0       0       0
Total ram usage:        1 bytes
 Hardware stack levels used:    1
 Hardware stack levels required when called:    4
 This function calls:
		_USER_USB_CALLBACK_EVENT_HANDLER
 This function is called by:
		_USBDeviceTasks
 This function uses a non-reentrant model


 *************** function _USBSuspend *****************
 Defined at:
		line 2387 in file "../../../../Microchip/USB/usb_device.c"
 Parameters:    Size  Location     Type
		None
 Auto vars:     Size  Location     Type
		None
 Return value:  Size  Location     Type
		None               void
 Registers used:
		wreg, fsr0l, fsr0h, fsr1l, fsr1h, status,2, status,0, pclath, cstack
 Tracked objects:
		On entry : 
		On exit  : 
		Unchanged: 
 Data sizes:     COMMON   BANK0   BANK1   BANK2   BANK3   BANK4   BANK5   BANK6   BANK7   BANK8   BANK9  BANK10  BANK11  BANK12
      Params:         0       0       0       0       0       0       0       0       0       0       0       0       0       0
      Locals:         0       0       0       0       0       0       0       0       0       0       0       0       0       0
      Temps:          1       0       0       0       0       0       0       0       0       0       0       0       0       0
      Totals:         1       0       0       0       0       0       0       0       0       0       0       0       0       0
Total ram usage:        1 bytes
 Hardware stack levels used:    1
 Hardware stack levels required when called:    4
 This function calls:
		_USER_USB_CALLBACK_EVENT_HANDLER
 This function is called by:
		_USBDeviceTasks
 This function uses a non-reentrant model


 *************** function _USBStallHandler *****************
 Defined at:
		line 2344 in file "../../../../Microchip/USB/usb_device.c"
 Parameters:    Size  Location     Type
		None
 Auto vars:     Size  Location     Type
		None
 Return value:  Size  Location     Type
		None               void
 Registers used:
		wreg, fsr1l, fsr1h, status,2, status,0
 Tracked objects:
		On entry : 
		On exit  : 
		Unchanged: 
 Data sizes:     COMMON   BANK0   BANK1   BANK2   BANK3   BANK4   BANK5   BANK6   BANK7   BANK8   BANK9  BANK10  BANK11  BANK12
      Params:         0       0       0       0       0       0       0       0       0       0       0       0       0       0
      Locals:         0       0       0       0       0       0       0       0       0       0       0       0       0       0
      Temps:          1       0       0       0       0       0       0       0       0       0       0       0       0       0
      Totals:         1       0       0       0       0       0       0       0       0       0       0       0       0       0
Total ram usage:        1 bytes
 Hardware stack levels used:    1
 This function calls:
		Nothing
 This function is called by:
		_USBDeviceTasks
 This function uses a non-reentrant model


 *************** function _USBCtrlEPService *****************
 Defined at:
		line 2511 in file "../../../../Microchip/USB/usb_device.c"
 Parameters:    Size  Location     Type
		None
 Auto vars:     Size  Location     Type
  setup_cnt       1   18[BANK0 ] unsigned char 
 Return value:  Size  Location     Type
		None               void
 Registers used:
		wreg, fsr0l, fsr0h, fsr1l, fsr1h, status,2, status,0, pclath, cstack
 Tracked objects:
		On entry : 
		On exit  : 
		Unchanged: 
 Data sizes:     COMMON   BANK0   BANK1   BANK2   BANK3   BANK4   BANK5   BANK6   BANK7   BANK8   BANK9  BANK10  BANK11  BANK12
      Params:         0       0       0       0       0       0       0       0       0       0       0       0       0       0
      Locals:         0       1       0       0       0       0       0       0       0       0       0       0       0       0
      Temps:          0       3       0       0       0       0       0       0       0       0       0       0       0       0
      Totals:         0       4       0       0       0       0       0       0       0       0       0       0       0       0
Total ram usage:        4 bytes
 Hardware stack levels used:    1
 Hardware stack levels required when called:    7
 This function calls:
		_USBCtrlTrfSetupHandler
		_USBCtrlTrfOutHandler
		_USBCtrlTrfInHandler
 This function is called by:
		_USBDeviceTasks
 This function uses a non-reentrant model


 *************** function _USBCtrlTrfSetupHandler *****************
 Defined at:
		line 2611 in file "../../../../Microchip/USB/usb_device.c"
 Parameters:    Size  Location     Type
		None
 Auto vars:     Size  Location     Type
		None
 Return value:  Size  Location     Type
		None               void
 Registers used:
		wreg, fsr0l, fsr0h, fsr1l, fsr1h, status,2, status,0, pclath, cstack
 Tracked objects:
		On entry : 
		On exit  : 
		Unchanged: 
 Data sizes:     COMMON   BANK0   BANK1   BANK2   BANK3   BANK4   BANK5   BANK6   BANK7   BANK8   BANK9  BANK10  BANK11  BANK12
      Params:         0       0       0       0       0       0       0       0       0       0       0       0       0       0
      Locals:         0       0       0       0       0       0       0       0       0       0       0       0       0       0
      Temps:          0       1       0       0       0       0       0       0       0       0       0       0       0       0
      Totals:         0       1       0       0       0       0       0       0       0       0       0       0       0       0
Total ram usage:        1 bytes
 Hardware stack levels used:    1
 Hardware stack levels required when called:    6
 This function calls:
		_USBCheckStdRequest
		_USER_USB_CALLBACK_EVENT_HANDLER
		_USBCtrlEPServiceComplete
 This function is called by:
		_USBCtrlEPService
 This function uses a non-reentrant model


 *************** function _USBCtrlEPServiceComplete *****************
 Defined at:
		line 1783 in file "../../../../Microchip/USB/usb_device.c"
 Parameters:    Size  Location     Type
		None
 Auto vars:     Size  Location     Type
		None
 Return value:  Size  Location     Type
		None               void
 Registers used:
		wreg, fsr0l, fsr0h, fsr1l, fsr1h, status,2, status,0, pclath, cstack
 Tracked objects:
		On entry : 
		On exit  : 
		Unchanged: 
 Data sizes:     COMMON   BANK0   BANK1   BANK2   BANK3   BANK4   BANK5   BANK6   BANK7   BANK8   BANK9  BANK10  BANK11  BANK12
      Params:         0       0       0       0       0       0       0       0       0       0       0       0       0       0
      Locals:         0       0       0       0       0       0       0       0       0       0       0       0       0       0
[...]
      Params:         0       5       0       0       0       0       0       0       0       0       0       0       0       0
      Locals:         0       0       0       0       0       0       0       0       0       0       0       0       0       0
      Temps:          0       0       0       0       0       0       0       0       0       0       0       0       0       0
      Totals:         0       5       0       0       0       0       0       0       0       0       0       0       0       0
Total ram usage:        5 bytes
 Hardware stack levels used:    1
 Hardware stack levels required when called:    3
 This function calls:
		_USBCB_SOF_Handler
		_USBCBSuspend
		_USBCBWakeFromSuspend
		_USBCBInitEP
		_USBCBStdSetDscHandler
		_USBCBCheckOtherReq
		_USBCBErrorHandler
 This function is called by:
		_USBDeviceTasks
		_USBStdSetCfgHandler
		_USBSuspend
		_USBWakeFromSuspend
		_USBCtrlTrfSetupHandler
		_USBCheckStdRequest
		_USBStdFeatureReqHandler
 This function uses a non-reentrant model


 *************** function _USBCBSuspend *****************
 Defined at:
		line 1246 in file "../main.c"
 Parameters:    Size  Location     Type
		None
 Auto vars:     Size  Location     Type
		None
 Return value:  Size  Location     Type
		None               void
 Registers used:
		None
 Tracked objects:
		On entry : 
		On exit  : 
		Unchanged: 
 Data sizes:     COMMON   BANK0   BANK1   BANK2   BANK3   BANK4   BANK5   BANK6   BANK7   BANK8   BANK9  BANK10  BANK11  BANK12
      Params:         0       0       0       0       0       0       0       0       0       0       0       0       0       0
      Locals:         0       0       0       0       0       0       0       0       0       0       0       0       0       0
      Temps:          0       0       0       0       0       0       0       0       0       0       0       0       0       0
      Totals:         0       0       0       0       0       0       0       0       0       0       0       0       0       0
Total ram usage:        0 bytes
 Hardware stack levels used:    1
 This function calls:
		Nothing
 This function is called by:
		_USER_USB_CALLBACK_EVENT_HANDLER
 This function uses a non-reentrant model


 *************** function _USBCBWakeFromSuspend *****************
 Defined at:
		line 1298 in file "../main.c"
 Parameters:    Size  Location     Type
		None
 Auto vars:     Size  Location     Type
		None
 Return value:  Size  Location     Type
		None               void
 Registers used:
		None
 Tracked objects:
		On entry : 
		On exit  : 
		Unchanged: 
 Data sizes:     COMMON   BANK0   BANK1   BANK2   BANK3   BANK4   BANK5   BANK6   BANK7   BANK8   BANK9  BANK10  BANK11  BANK12
      Params:         0       0       0       0       0       0       0       0       0       0       0       0       0       0
      Locals:         0       0       0       0       0       0       0       0       0       0       0       0       0       0
      Temps:          0       0       0       0       0       0       0       0       0       0       0       0       0       0
      Totals:         0       0       0       0       0       0       0       0       0       0       0       0       0       0
Total ram usage:        0 bytes
 Hardware stack levels used:    1
 This function calls:
		Nothing
 This function is called by:
		_USER_USB_CALLBACK_EVENT_HANDLER
		_USBCBSendResume
 This function uses a non-reentrant model


 *************** function _USBCB_SOF_Handler *****************
 Defined at:
		line 1330 in file "../main.c"
 Parameters:    Size  Location     Type
		None
 Auto vars:     Size  Location     Type
		None
 Return value:  Size  Location     Type
		None               void
 Registers used:
		None
 Tracked objects:
		On entry : 
		On exit  : 
		Unchanged: 
 Data sizes:     COMMON   BANK0   BANK1   BANK2   BANK3   BANK4   BANK5   BANK6   BANK7   BANK8   BANK9  BANK10  BANK11  BANK12
      Params:         0       0       0       0       0       0       0       0       0       0       0       0       0       0
      Locals:         0       0       0       0       0       0       0       0       0       0       0       0       0       0
      Temps:          0       0       0       0       0       0       0       0       0       0       0       0       0       0
      Totals:         0       0       0       0       0       0       0       0       0       0       0       0       0       0
Total ram usage:        0 bytes
 Hardware stack levels used:    1
 This function calls:
		Nothing
 This function is called by:
		_USER_USB_CALLBACK_EVENT_HANDLER
 This function uses a non-reentrant model


 *************** function _USBCBErrorHandler *****************
 Defined at:
		line 1353 in file "../main.c"
 Parameters:    Size  Location     Type
		None
 Auto vars:     Size  Location     Type
		None
 Return value:  Size  Location     Type
		None               void
 Registers used:
		None
 Tracked objects:
		On entry : 
		On exit  : 
		Unchanged: 
 Data sizes:     COMMON   BANK0   BANK1   BANK2   BANK3   BANK4   BANK5   BANK6   BANK7   BANK8   BANK9  BANK10  BANK11  BANK12
      Params:         0       0       0       0       0       0       0       0       0       0       0       0       0       0
      Locals:         0       0       0       0       0       0       0       0       0       0       0       0       0       0
      Temps:          0       0       0       0       0       0       0       0       0       0       0       0       0       0
      Totals:         0       0       0       0       0       0       0       0       0       0       0       0       0       0
Total ram usage:        0 bytes
 Hardware stack levels used:    1
 This function calls:
		Nothing
 This function is called by:
		_USER_USB_CALLBACK_EVENT_HANDLER
 This function uses a non-reentrant model


 *************** function _USBCBCheckOtherReq *****************
 Defined at:
		line 1404 in file "../main.c"
 Parameters:    Size  Location     Type
		None
 Auto vars:     Size  Location     Type
		None
 Return value:  Size  Location     Type
		None               void
 Registers used:
		wreg, fsr0l, fsr0h, status,2, status,0, pclath, cstack
 Tracked objects:
		On entry : 
		On exit  : 
		Unchanged: 
 Data sizes:     COMMON   BANK0   BANK1   BANK2   BANK3   BANK4   BANK5   BANK6   BANK7   BANK8   BANK9  BANK10  BANK11  BANK12
      Params:         0       0       0       0       0       0       0       0       0       0       0       0       0       0
      Locals:         0       0       0       0       0       0       0       0       0       0       0       0       0       0
      Temps:          0       0       0       0       0       0       0       0       0       0       0       0       0       0
      Totals:         0       0       0       0       0       0       0       0       0       0       0       0       0       0
Total ram usage:        0 bytes
 Hardware stack levels used:    1
 Hardware stack levels required when called:    1
 This function calls:
		_USBCheckHIDRequest
 This function is called by:
		_USER_USB_CALLBACK_EVENT_HANDLER
 This function uses a non-reentrant model


 *************** function _USBCheckHIDRequest *****************
 Defined at:
		line 176 in file "../../../../Microchip/USB/HID Device Driver/usb_function_hid.c"
 Parameters:    Size  Location     Type
		None
 Auto vars:     Size  Location     Type
		None
 Return value:  Size  Location     Type
		None               void
 Registers used:
		wreg, fsr0l, fsr0h, status,2, status,0
 Tracked objects:
		On entry : 
		On exit  : 
		Unchanged: 
 Data sizes:     COMMON   BANK0   BANK1   BANK2   BANK3   BANK4   BANK5   BANK6   BANK7   BANK8   BANK9  BANK10  BANK11  BANK12
      Params:         0       0       0       0       0       0       0       0       0       0       0       0       0       0
      Locals:         0       0       0       0       0       0       0       0       0       0       0       0       0       0
      Temps:          1       0       0       0       0       0       0       0       0       0       0       0       0       0
      Totals:         1       0       0       0       0       0       0       0       0       0       0       0       0       0
Total ram usage:        1 bytes
 Hardware stack levels used:    1
 This function calls:
		Nothing
 This function is called by:
		_USBCBCheckOtherReq
 This function uses a non-reentrant model


 *************** function _USBCBStdSetDscHandler *****************
 Defined at:
		line 1429 in file "../main.c"
 Parameters:    Size  Location     Type
		None
 Auto vars:     Size  Location     Type
		None
 Return value:  Size  Location     Type
		None               void
 Registers used:
		None
 Tracked objects:
		On entry : 
		On exit  : 
		Unchanged: 
 Data sizes:     COMMON   BANK0   BANK1   BANK2   BANK3   BANK4   BANK5   BANK6   BANK7   BANK8   BANK9  BANK10  BANK11  BANK12
      Params:         0       0       0       0       0       0       0       0       0       0       0       0       0       0
      Locals:         0       0       0       0       0       0       0       0       0       0       0       0       0       0
      Temps:          0       0       0       0       0       0       0       0       0       0       0       0       0       0
      Totals:         0       0       0       0       0       0       0       0       0       0       0       0       0       0
Total ram usage:        0 bytes
 Hardware stack levels used:    1
 This function calls:
		Nothing
 This function is called by:
		_USER_USB_CALLBACK_EVENT_HANDLER
 This function uses a non-reentrant model


 *************** function _USBCBInitEP *****************
 Defined at:
		line 1455 in file "../main.c"
 Parameters:    Size  Location     Type
		None
 Auto vars:     Size  Location     Type
		None
 Return value:  Size  Location     Type
		None               void
 Registers used:
		wreg, fsr1l, fsr1h, status,2, status,0, pclath, cstack
 Tracked objects:
		On entry : 
		On exit  : 
		Unchanged: 
 Data sizes:     COMMON   BANK0   BANK1   BANK2   BANK3   BANK4   BANK5   BANK6   BANK7   BANK8   BANK9  BANK10  BANK11  BANK12
      Params:         0       0       0       0       0       0       0       0       0       0       0       0       0       0
      Locals:         0       0       0       0       0       0       0       0       0       0       0       0       0       0
      Temps:          0       2       0       0       0       0       0       0       0       0       0       0       0       0
      Totals:         0       2       0       0       0       0       0       0       0       0       0       0       0       0
Total ram usage:        2 bytes
 Hardware stack levels used:    1
 Hardware stack levels required when called:    2
 This function calls:
		_USBEnableEndpoint
		i1_USBTransferOnePacket
 This function is called by:
		_USER_USB_CALLBACK_EVENT_HANDLER
 This function uses a non-reentrant model


 *************** function _USBEnableEndpoint *****************
 Defined at:
		line 1053 in file "../../../../Microchip/USB/usb_device.c"
 Parameters:    Size  Location     Type
  ep              1    wreg     unsigned char 
  options         1    7[COMMON] unsigned char 
 Auto vars:     Size  Location     Type
  ep              1   12[COMMON] unsigned char 
  p               2   10[COMMON] PTR unsigned char 
		 -> UEP0(1), 
 Return value:  Size  Location     Type
		None               void
 Registers used:
		wreg, fsr1l, fsr1h, status,2, status,0, pclath, cstack
 Tracked objects:
		On entry : 
		On exit  : 
		Unchanged: 
 Data sizes:     COMMON   BANK0   BANK1   BANK2   BANK3   BANK4   BANK5   BANK6   BANK7   BANK8   BANK9  BANK10  BANK11  BANK12
      Params:         1       0       0       0       0       0       0       0       0       0       0       0       0       0
      Locals:         3       0       0       0       0       0       0       0       0       0       0       0       0       0
      Temps:          2       0       0       0       0       0       0       0       0       0       0       0       0       0
      Totals:         6       0       0       0       0       0       0       0       0       0       0       0       0       0
Total ram usage:        6 bytes
 Hardware stack levels used:    1
 Hardware stack levels required when called:    1
 This function calls:
		_USBConfigureEndpoint
 This function is called by:
		_USBCBInitEP
 This function uses a non-reentrant model


 *************** function _USBConfigureEndpoint *****************
 Defined at:
		line 1710 in file "../../../../Microchip/USB/usb_device.c"
 Parameters:    Size  Location     Type
  EPNum           1    wreg     unsigned char 
  direction       1    0[COMMON] unsigned char 
 Auto vars:     Size  Location     Type
  EPNum           1    5[COMMON] unsigned char 
  handle          1    6[COMMON] PTR volatile struct __BD
		 -> BDT(32), 
 Return value:  Size  Location     Type
		None               void
 Registers used:
		wreg, fsr1l, fsr1h, status,2, status,0
 Tracked objects:
		On entry : 
		On exit  : 
		Unchanged: 
 Data sizes:     COMMON   BANK0   BANK1   BANK2   BANK3   BANK4   BANK5   BANK6   BANK7   BANK8   BANK9  BANK10  BANK11  BANK12
      Params:         1       0       0       0       0       0       0       0       0       0       0       0       0       0
      Locals:         2       0       0       0       0       0       0       0       0       0       0       0       0       0
      Temps:          4       0       0       0       0       0       0       0       0       0       0       0       0       0
      Totals:         7       0       0       0       0       0       0       0       0       0       0       0       0       0
Total ram usage:        7 bytes
 Hardware stack levels used:    1
 This function calls:
		Nothing
 This function is called by:
		_USBEnableEndpoint
 This function uses a non-reentrant model


 *************** function i1_USBDeviceInit *****************
 Defined at:
		line 464 in file "../../../../Microchip/USB/usb_device.c"
 Parameters:    Size  Location     Type
		None
 Auto vars:     Size  Location     Type
  USBDeviceIni    2    2[COMMON] PTR unsigned char 
		 -> UEP1(1), 
  USBDeviceIni    1    5[COMMON] unsigned char 
  USBDeviceIni    1    4[COMMON] unsigned char 
 Return value:  Size  Location     Type
		None               void
 Registers used:
		wreg, fsr1l, fsr1h, status,2, status,0
 Tracked objects:
		On entry : 
		On exit  : 
		Unchanged: 
 Data sizes:     COMMON   BANK0   BANK1   BANK2   BANK3   BANK4   BANK5   BANK6   BANK7   BANK8   BANK9  BANK10  BANK11  BANK12
      Params:         0       0       0       0       0       0       0       0       0       0       0       0       0       0
      Locals:         4       0       0       0       0       0       0       0       0       0       0       0       0       0
      Temps:          2       0       0       0       0       0       0       0       0       0       0       0       0       0
      Totals:         6       0       0       0       0       0       0       0       0       0       0       0       0       0
Total ram usage:        6 bytes
 Hardware stack levels used:    1
 This function calls:
		Nothing
 This function is called by:
		_USBDeviceTasks
 This function uses a non-reentrant model


 *************** function i1_USBTransferOnePacket *****************
 Defined at:
		line 1170 in file "../../../../Microchip/USB/usb_device.c"
 Parameters:    Size  Location     Type
  USBTransferO    1    wreg     unsigned char 
  USBTransferO    1    0[COMMON] unsigned char 
  USBTransferO    2    1[COMMON] PTR unsigned char 
		 -> ReceivedDataBuffer(64), ToSendDataBuffer(64), 
  USBTransferO    1    3[COMMON] unsigned char 
 Auto vars:     Size  Location     Type
  USBTransferO    1    6[COMMON] unsigned char 
  USBTransferO    1    7[COMMON] PTR volatile struct __BD
		 -> NULL(0), BDT(32), 
 Return value:  Size  Location     Type
                  1    wreg      PTR void 
 Registers used:
		wreg, fsr1l, fsr1h, status,2, status,0
 Tracked objects:
		On entry : 
		On exit  : 
		Unchanged: 
 Data sizes:     COMMON   BANK0   BANK1   BANK2   BANK3   BANK4   BANK5   BANK6   BANK7   BANK8   BANK9  BANK10  BANK11  BANK12
      Params:         4       0       0       0       0       0       0       0       0       0       0       0       0       0
      Locals:         2       0       0       0       0       0       0       0       0       0       0       0       0       0
      Temps:          2       0       0       0       0       0       0       0       0       0       0       0       0       0
      Totals:         8       0       0       0       0       0       0       0       0       0       0       0       0       0
Total ram usage:        8 bytes
 Hardware stack levels used:    1
 This function calls:
		Nothing
 This function is called by:
		_USBCBInitEP
 This function uses a non-reentrant model



MODULE INFORMATION

Module		Function		Class		Link	Load	Size
../main.c
		_BlinkUSBStatus		CODE           	072F	0000	176
		_USBCBErrorHand		CODE           	04FF	0000	1
		_UserInit      		CODE           	084A	0000	23
		_USBCBWakeFromS		CODE           	04FD	0000	1
		_main          		CODE           	17F2	0000	14
		_USER_USB_CALLB		CODE           	0A0B	0000	74
		_USBCBStdSetDsc		CODE           	0003	0000	1
		_USBCBInitEP   		CODE           	07DF	0000	29
		_InitializeSyst		CODE           	081F	0000	21
		_ReadPOT       		CODE           	087A	0000	26
		_ProcessIO     		CODE           	0157	0000	312
		_USBCB_SOF_Hand		CODE           	04FE	0000	1
		_USBCBSuspend  		CODE           	04FC	0000	1
		_USBCBCheckOthe		CODE           	07FC	0000	4
		_ISRCode       		CODE           	0004	0000	11

../main.c estimated size: 695

../../common/memset.c
		_memset        		CODE           	0894	0000	34

../../common/memset.c estimated size: 34

shared
		_configDescript		STRING         	0567	0000	41
		_USB_CD_Ptr    		STRING         	0504	0000	1
		_sd001         		STRING         	0505	0000	52
		__stringtab    		STRING         	0500	0000	1
		_sd002         		STRING         	0539	0000	46
		i1_USBDeviceIni		CODE           	05C2	0000	186
		__initializatio		CODE           	08DA	0000	36
		_device_dsc    		STRING         	05AC	0000	18
		_USB_SD_Ptr    		STRING         	0501	0000	3
		_hid_rpt01     		STRING         	0590	0000	28
		_sd000         		STRING         	05BE	0000	4
		i1_USBTransferO		CODE           	0AAB	0000	93

shared estimated size: 509

../../../../Microchip/USB/usb_device.c
		_USBCtrlTrfInHa		CODE           	0C35	0000	118
		_USBTransferOne		CODE           	0B08	0000	94
		_USBDeviceAttac		CODE           	08B6	0000	36
		_USBStdGetDscHa		CODE           	0CAB	0000	122
		_USBCtrlEPAllow		CODE           	0A55	0000	86
		_USBStdFeatureR		CODE           	0011	0000	326
		_USBCtrlEPAllow		CODE           	048D	0000	110
		_USBCtrlTrfSetu		CODE           	0984	0000	67
		_USBCtrlTrfOutH		CODE           	0952	0000	50
		_USBCtrlEPServi		CODE           	0ECA	0000	147
		_USBSuspend    		CODE           	0861	0000	25
		_USBStdSetCfgHa		CODE           	0DA9	0000	142
		_USBStdGetStatu		CODE           	0B66	0000	100
		_USBWakeFromSus		CODE           	0834	0000	22
		_USBCtrlTrfRxSe		CODE           	067C	0000	179
		_USBCtrlTrfTxSe		CODE           	0E37	0000	147
		_USBEnableEndpo		CODE           	0929	0000	41
		_USBConfigureEn		CODE           	09C7	0000	68
		_USBDeviceInit 		CODE           	03C4	0000	201
		_USBCtrlEPServi		CODE           	0D25	0000	132
		_USBStallHandle		CODE           	0901	0000	40
		_USBDeviceTasks		CODE           	028F	0000	309
		_USBCheckStdReq		CODE           	0BCA	0000	107

../../../../Microchip/USB/usb_device.c estimated size: 2669

../../../../Microchip/USB/HID Device Driver/usb_function_hid.c
		_USBCheckHIDReq		CODE           	0F5D	0000	163

../../../../Microchip/USB/HID Device Driver/usb_function_hid.c estimated size: 163

